Archive member included to satisfy reference by file (symbol)

/usr/lib/gcc/arm-none-eabi/16.2.0/thumb/v6-m/nofp/libgcc.a(_udivsi3.o)
                              subr_prf.o (__aeabi_uidiv)
/usr/lib/gcc/arm-none-eabi/16.2.0/thumb/v6-m/nofp/libgcc.a(_divsi3.o)
                              exec_subr.o (__aeabi_idiv)
/usr/lib/gcc/arm-none-eabi/16.2.0/thumb/v6-m/nofp/libgcc.a(_dvmd_tls.o)
                              /usr/lib/gcc/arm-none-eabi/16.2.0/thumb/v6-m/nofp/libgcc.a(_udivsi3.o) (__aeabi_idiv0)

Merging object attributes


Allocating common symbols
Common symbol       size              file

swapent             0xc8              machdep.o
dk_unit             0x10              kern_clock.o
exec_maxhdrsz       0x4               exec_conf.o
dk_name             0x10              kern_clock.o
proc                0x9c4             machdep.o
avenrun             0x6               exec_elf.o
nchash              0x80              ufs_namei.o
rate                0x14              init_main.o
cnttys              0x78              cons.o
hostnamelen         0x4               exec_elf.o
callout             0x120             machdep.o
selwait             0x4               sys_generic.o
nextinodeid         0x4               exec_aout.o
ifreeh              0x4               ufs_inode.o
cfreecount          0x4               init_main.o
cwaiting            0x1               tty_subr.o
boothowto           0x4               init_main.o
sum                 0x28              init_main.o
cnt                 0x14              init_main.o
nswap               0x4               init_main.o
dk_n                0x4               kern_clock.o
nchtail             0x4               ufs_namei.o
tk_nout             0x4               kern_clock.o
hostname            0x40              exec_elf.o
noproc              0x4               kern_clock.o
cp_time             0x10              kern_clock.o
fault_regs          0x20              fault.o
adjdelta            0x4               exec_elf.o
freeproc            0x4               exec_aout.o
physmem             0x4               init_main.o
runrun              0x4               kern_synch.o
freemem             0x4               init_main.o
nchstats            0x1c              exec_aout.o
bufdata             0x2800            machdep.o
rablock             0x4               sys_inode.o
tk_nin              0x4               kern_clock.o
file                0x240             machdep.o
lbolt               0x4               exec_elf.o
panicstr            0x4               subr_prf.o
slpque              0x40              kern_synch.o
pipedev             0x4               machdep.o
bfreelist           0x84              machdep.o
lastf               0x4               kern_descrip.o
curpri              0x1               kern_synch.o
swapstart           0x4               init_main.o
cpu_model           0x40              machdep.o
avefree             0x2               init_main.o
memlock             0xc               kern_sysctl.o
runout              0x1               vm_sched.o
pidhash             0x40              exec_aout.o
time                0x8               exec_elf.o
mount               0x980             exec_aout.o
calltodo            0x10              kern_clock.o
qs                  0x4               exec_aout.o
avefree30           0x2               init_main.o
cfree               0x400             machdep.o
boottime            0x8               exec_elf.o
buf                 0x1b8             machdep.o
allproc             0x4               exec_aout.o
mpid                0x4               kern_fork.o
nchhead             0x4               ufs_namei.o
hostid              0x4               exec_elf.o
callfree            0x4               kern_clock.o
ihead               0x80              ufs_inode.o
dk_xfer             0x10              kern_clock.o
dk_busy             0x4               kern_clock.o
cfreelist           0x4               init_main.o
rootdir             0x4               exec_aout.o
total               0x2c              init_main.o
ipc                 0x10              sys_process.o
inode               0xa20             machdep.o
zombproc            0x4               exec_aout.o
dk_bytes            0x10              kern_clock.o
ifreet              0x4               ufs_inode.o
namecache           0x548             machdep.o
uartttys            0xf0              uart.o
nselcoll            0x4               sys_generic.o
bufhash             0xc0              machdep.o
runin               0x1               vm_sched.o
forkstat            0x10              init_main.o
updlock             0x4               ufs_subr.o

There are no discarded input sections

Memory Configuration

Name             Origin             Length             Attributes
BOOT2            0x10000000         0x00000100         xr
FLASH            0x10000100         0x0002ff00         xr
FSFLASH          0x10030000         0x00170000         r
SWAPFLASH        0x101a0000         0x00060000         r
USERRAM          0x20000000         0x00018000         xrw
RAM              0x20018000         0x00026800         rw!x
U0AREA           0x2003e800         0x00000c00         rw!x
UAREA            0x2003f400         0x00000c00         rw!x
*default*        0x00000000         0xffffffff

Linker script and memory map

                0x10000100                        __kernel_flash_start = ORIGIN (FLASH)
                0x10030000                        __kernel_flash_end = (ORIGIN (FLASH) + LENGTH (FLASH))
                0x20018000                        __kernel_data_start = ORIGIN (RAM)
                0x2003e800                        __kernel_data_end = (ORIGIN (RAM) + LENGTH (RAM))
                0x20000000                        __user_data_start = ORIGIN (USERRAM)
                0x20018000                        __user_data_end = (ORIGIN (USERRAM) + LENGTH (USERRAM))
                0x2003e800                        u0 = ORIGIN (U0AREA)
                0x2003f400                        u = ORIGIN (UAREA)
                0x20040000                        u_end = (ORIGIN (UAREA) + LENGTH (UAREA))
                0x20040000                        _estack = (ORIGIN (UAREA) + LENGTH (UAREA))

.boot2          0x10000000      0x100
 *(.boot2)
 .boot2         0x10000000      0x100 boot2.o

.text           0x10000100    0x15423
 *(.isr_vector)
 .isr_vector    0x10000100       0xc0 locore0.o
                0x10000100                g_pfnVectors
                0x100001c0                        . = ALIGN (0x8)
 *(.text*)
 .text          0x100001c0        0x0 boot2.o
 .text          0x100001c0       0x20 locore0.o
 .text.Reset_Handler
                0x100001e0       0x8c locore0.o
                0x100001e0                Reset_Handler
 .text.Default_Handler
                0x1000026c        0x2 locore0.o
                0x1000026c                TIMER_IRQ_1_Handler
                0x1000026c                SPARE_IRQ_0_Handler
                0x1000026c                TIMER_IRQ_3_Handler
                0x1000026c                IO_IRQ_BANK0_Handler
                0x1000026c                NMI_Handler
                0x1000026c                PIO0_IRQ_0_Handler
                0x1000026c                USBCTRL_IRQ_Handler
                0x1000026c                SPI1_IRQ_Handler
                0x1000026c                PIO1_IRQ_1_Handler
                0x1000026c                DMA_IRQ_1_Handler
                0x1000026c                SPARE_IRQ_3_Handler
                0x1000026c                I2C1_IRQ_Handler
                0x1000026c                SPI0_IRQ_Handler
                0x1000026c                PIO0_IRQ_1_Handler
                0x1000026c                I2C0_IRQ_Handler
                0x1000026c                SPARE_IRQ_5_Handler
                0x1000026c                SIO_IRQ_PROC1_Handler
                0x1000026c                TIMER_IRQ_0_Handler
                0x1000026c                Default_Handler
                0x1000026c                DMA_IRQ_0_Handler
                0x1000026c                RTC_IRQ_Handler
                0x1000026c                TIMER_IRQ_2_Handler
                0x1000026c                CLOCKS_IRQ_Handler
                0x1000026c                PIO1_IRQ_0_Handler
                0x1000026c                ADC_IRQ_FIFO_Handler
                0x1000026c                SPARE_IRQ_1_Handler
                0x1000026c                IO_IRQ_QSPI_Handler
                0x1000026c                SPARE_IRQ_2_Handler
                0x1000026c                SIO_IRQ_PROC0_Handler
                0x1000026c                SPARE_IRQ_4_Handler
                0x1000026c                XIP_IRQ_Handler
                0x1000026c                PWM_IRQ_WRAP_Handler
 *fill*         0x1000026e        0x2 
 .text          0x10000270      0xca0 locore.o
                0x10000270                setjmp
                0x10000288                longjmp
                0x10000288                resume
                0x10000ed8                icode
                0x10000ef7                initflags
                0x10000f10                icodeend
 .text          0x10000f10      0x134 exec_aout.o
                0x10000f10                exec_aout_check
 .text          0x10001044        0x0 exec_conf.o
 .text          0x10001044      0x214 exec_elf.o
                0x10001044                exec_elf_check
 .text          0x10001258      0x11c exec_script.o
                0x10001258                exec_script_check
 .text          0x10001374      0x5fc exec_subr.o
                0x10001374                exec_setupstack
                0x100014cc                exec_alloc
                0x1000156a                exec_alloc_freeall
                0x10001590                exec_estab
                0x10001650                exec_save_args
                0x1000181c                exec_clear
 .text          0x10001970      0x380 init_main.o
                0x10001970                main
 .text          0x10001cf0        0x0 init_sysent.o
 .text          0x10001cf0      0x47c kern_clock.o
                0x10001cf0                gatherstats
                0x10001d2c                softclock
                0x10001dec                hardclock
                0x10001f9c                timeout
                0x10002038                untimeout
                0x1000209c                profil
                0x100020cc                hzto
                0x1000214c                coutinit
 .text          0x1000216c      0x628 kern_descrip.o
                0x100021f4                getdtablesize
                0x10002204                fioctl
                0x10002218                fset
                0x10002248                fgetown
                0x10002260                fsetown
                0x10002298                falloc
                0x10002330                getf
                0x10002354                fcntl
                0x10002478                fstat
                0x100024dc                closef
                0x10002520                dup2
                0x10002598                dup
                0x100025fc                close
                0x1000267c                flock
                0x100026f0                fdopen
                0x10002704                dupfdopen
 .text          0x10002794      0x164 kern_exec.o
                0x10002794                exec_check
                0x10002840                execve
                0x100028e4                execv
 .text          0x100028f8      0x46c kern_exit.o
                0x100028f8                endvfork
                0x10002954                exit
                0x10002b50                rexit
                0x10002b64                wait4
                0x10002d40                reboot
 .text          0x10002d64      0x3e0 kern_fork.o
                0x10002d64                newproc
                0x10003130                fork
                0x1000313a                vfork
 .text          0x10003144       0x7c kern_mman.o
                0x10003144                brk
 .text          0x100031c0       0x90 kern_proc.o
                0x100031c0                inferior
                0x100031e4                pfind
                0x10003208                pqinit
 .text          0x10003250      0x210 kern_prot.o
                0x10003250                getpid
                0x10003264                getppid
                0x10003278                getpgrp
                0x100032b8                getuid
                0x100032c8                geteuid
                0x100032d8                getgid
                0x100032e8                getegid
                0x100032f8                getgroups
                0x10003364                setpgrp
                0x100033c8                setgroups
                0x10003434                groupmember
 .text          0x10003460       0xdc kern_prot2.o
                0x10003460                setuid
                0x10003498                seteuid
                0x100034d0                setgid
                0x10003504                setegid
 .text          0x1000353c      0x420 kern_resource.o
                0x100035a0                getpriority
                0x10003674                setpriority
                0x10003760                setrlimit
                0x10003808                getrlimit
                0x10003898                ruadd
                0x100038ae                rucvt
                0x10003918                getrusage
 .text          0x1000395c      0x870 kern_sig.o
                0x100039b4                sigstack
                0x10003a34                stop
                0x10003a4a                psignal
                0x10003c8c                killpg
                0x10003cb4                kill
                0x10003d34                gsignal
                0x10003d64                issignal
                0x10003e94                postsig
                0x10004098                execsigs
                0x10004108                nosys
                0x10004134                userret
 .text          0x100041cc      0x4ec kern_sig2.o
                0x100041cc                sigaction
                0x100043d0                fatalsig
                0x10004404                siginit
                0x1000443c                sigprocmask
                0x100044d0                sigpending
                0x100044f4                sigsuspend
                0x10004560                sigaltstack
                0x1000461c                sigwait
 .text          0x100046b8      0x144 kern_subr.o
                0x100046b8                uiomove
                0x1000472a                ureadc
                0x10004780                uwritec
                0x100047d8                uiofmove
 .text          0x100047fc      0x65c kern_synch.o
                0x100047fc                unsleep
                0x10004844                setpri
                0x10004874                updatepri
                0x100048a2                swtch
                0x100049b0                setrq
                0x100049d0                wakeup
                0x10004abc                schedcpu
                0x10004b84                tsleep
                0x10004d00                sleep
                0x10004d48                setrun
                0x10004e10                remrq
 .text          0x10004e58      0xad0 kern_sysctl.o
                0x10004e58                __sysctl
                0x10004fb4                sysctl_int
                0x1000501a                sysctl_rdint
                0x10005054                sysctl_long
                0x100050ba                sysctl_rdlong
                0x100050f4                sysctl_string
                0x10005166                sysctl_rdstring
                0x100051a6                hw_sysctl
                0x10005258                sysctl_struct
                0x100052c0                sysctl_rdstruct
                0x100052f8                vm_sysctl
                0x10005388                sysctl_file
                0x10005424                sysctl_clockrate
                0x10005464                sysctl_inode
                0x10005514                fill_from_u
                0x100055f8                fill_eproc
                0x10005618                sysctl_doproc
                0x10005764                kern_sysctl
 .text          0x10005928      0x3d4 kern_time.o
                0x10005928                gettimeofday
                0x100059a4                settimeofday
                0x10005a60                adjtime
                0x10005b0c                getitimer
                0x10005b90                setitimer
                0x10005c70                itimerfix
                0x10005cb8                timevaladd
 .text          0x10005cfc      0x9d4 subr_prf.o
                0x100065a8                puts
                0x100065c8                printf
                0x100065e0                uprintf
                0x10006618                tprintf
                0x1000665c                log
                0x10006698                panic
 .text          0x100066d0      0x228 subr_rmap.o
                0x100066d0                malloc
                0x10006738                mfree
                0x10006818                malloc3
 .text          0x100068f8      0x778 sys_generic.o
                0x100068f8                sorw
                0x100068fc                soctl
                0x10006900                sosel
                0x10006904                socls
                0x100069c0                read
                0x100069ec                readv
                0x10006a34                write
                0x10006a60                writev
                0x10006aa8                ioctl
                0x10006bf0                selscan
                0x10006fbc                select
                0x10006fdc                pselect
                0x10006ff0                seltrue
                0x10006ff4                selwakeup
                0x10007060                nostrategy
                0x10007062                nonet
 .text          0x10007070      0xb24 sys_inode.o
                0x10007070                ino_select
                0x100070a0                ino_ioctl
                0x100071b8                rwip
                0x100075dc                ino_rw
                0x100076c4                rdwri
                0x10007706                ino_stat
                0x1000778c                closei
                0x100078a4                ino_unlock
                0x10007920                ino_lock
                0x10007a1a                openi
                0x10007b1c                vhangup
 .text          0x10007b94      0x4b8 sys_pipe.o
                0x10007b94                pipe_select
                0x10007c50                pipe_close
                0x10007cc4                readp
                0x10007dcc                writep
                0x10007f2c                pipe_rw
                0x10007f40                pipe
 .text          0x1000804c      0x1a8 sys_process.o
                0x1000804c                ptrace
                0x10008124                procxmt
 .text          0x100081f4        0x0 syscalls.o
 .text          0x100081f4     0x1890 tty.o
                0x1000826a                ttychars
                0x10008280                ttyowake
                0x100082d4                ttstart
                0x10008350                ttyblock
                0x100083e0                ttrstrt
                0x100083f0                ttyopen
                0x10008448                nullmodem
                0x10008460                ttbreakc
                0x10008494                ttyoutput
                0x10008878                ttycheckoutq
                0x10008934                ttwrite
                0x10008bdc                ttwakeup
                0x10008c1c                ttyflush
                0x10008cf0                ttywflush
                0x10008d02                ttylclose
                0x10008d18                ttyclose
                0x10008d2a                ttymodem
                0x10008dc4                ttyinput
                0x10009248                ttyselect
                0x100092fc                ttread
                0x10009558                ttioctl
 .text          0x10009a84      0x598 tty_subr.o
                0x10009a84                getc
                0x10009b34                q_to_b
                0x10009c48                ndqb
                0x10009c98                ndflush
                0x10009d90                putc
                0x10009e28                b_to_q
                0x10009f08                nextc
                0x10009f28                unputc
                0x10009fbc                catq
 .text          0x1000a01c      0x148 tty_tty.o
                0x1000a01c                syopen
                0x1000a054                syread
                0x1000a08c                sywrite
                0x1000a0c4                syioctl
                0x1000a124                syselect
 .text          0x1000a164      0x49c ufs_alloc.o
                0x1000a164                free
                0x1000a230                ifree
                0x1000a284                fserr
                0x1000a29c                balloc
                0x1000a428                ialloc
 .text          0x1000a600      0x6c8 ufs_bio.o
                0x1000a600                brelse
                0x1000a6a8                incore
                0x1000a6f4                biodone
                0x1000a730                geterror
                0x1000a74a                biowait
                0x1000a794                bwrite
                0x1000a80c                bdwrite
                0x1000a85c                getnewbuf
                0x1000a928                getblk
                0x1000a9ec                geteblk
                0x1000aa2c                blkflush
                0x1000aae4                bflush
                0x1000ab64                bread
                0x1000abb8                breada
                0x1000ac90                binval
 .text          0x1000acc8      0x1e0 ufs_bmap.o
                0x1000acc8                bmap
 .text          0x1000aea8       0xcc ufs_dsort.o
                0x1000aea8                disksort
                0x1000af26                dk_alloc
 .text          0x1000af74      0x28c ufs_fio.o
                0x1000af74                access
                0x1000b01c                suser
                0x1000b03c                ufs_setattr
                0x1000b1bc                ufs_mountedon
 .text          0x1000b200      0x878 ufs_inode.o
                0x1000b200                ihinit
                0x1000b264                ifind
                0x1000b298                igrab
                0x1000b2f0                iupdat
                0x1000b3b8                indirtrunc
                0x1000b520                itrunc
                0x1000b6f0                irele
                0x1000b7dc                iput
                0x1000b800                iget
                0x1000b9c8                iflush
                0x1000ba34                ilock
                0x1000ba5c                iunlock
 .text          0x1000ba78      0x504 ufs_mount.o
                0x1000bae8                mount_updname
                0x1000bb48                mountfs
                0x1000bd6c                smount
                0x1000be8c                umount
 .text          0x1000bf7c     0x1190 ufs_namei.o
                0x1000bfec                namei
                0x1000ccb0                direnter
                0x1000ce50                dirremove
                0x1000ceae                dirrewrite
                0x1000cef0                dirempty
                0x1000cf6a                checkpath
                0x1000d018                nchinit
                0x1000d06c                nchinval
                0x1000d0f4                cinvalall
 .text          0x1000d10c      0x218 ufs_subr.o
                0x1000d10c                sync
                0x1000d188                syncip
                0x1000d26c                badblock
                0x1000d29c                getfs
 .text          0x1000d324     0x1264 ufs_syscalls.o
                0x1000d3e2                chdir
                0x1000d3f0                chroot
                0x1000d408                open
                0x1000d508                link
                0x1000d5fc                unlink
                0x1000d69c                saccess
                0x1000d728                stat
                0x1000d732                lstat
                0x1000d73c                readlink
                0x1000d7a4                chflags
                0x1000d7dc                chmod
                0x1000d830                chmod1
                0x1000d8a4                chown
                0x1000d8f4                chown1
                0x1000d998                truncate
                0x1000d9f4                ftruncate
                0x1000da5c                rename
                0x1000dfb8                maknode
                0x1000e068                mknod
                0x1000e0f0                symlink
                0x1000e188                mkdir
                0x1000e2fc                rmdir
                0x1000e420                getinode
                0x1000e458                fchdir
                0x1000e4b4                fchflags
                0x1000e4e8                fchmod
                0x1000e538                fchown
 .text          0x1000e588      0x380 ufs_syscalls2.o
                0x1000e5fc                statfs
                0x1000e638                fstatfs
                0x1000e664                getfsstat
                0x1000e6f4                ufs_sync
                0x1000e7dc                umask
                0x1000e7f8                lseek
                0x1000e864                fsync
                0x1000e88c                utimes
 .text          0x1000e908      0x184 vfs_vnops.o
                0x1000e908                vn_open
                0x1000ea5c                vn_close
                0x1000ea70                vn_closefile
 .text          0x1000ea8c      0x3a0 vm_sched.o
                0x1000ea8c                sched
                0x1000ebc0                vmtotal
                0x1000ed6c                vmmeter
 .text          0x1000ee2c      0x2a0 vm_swap.o
                0x1000ee2c                swapin
                0x1000ef70                swapout
 .text          0x1000f0cc      0x2ac vm_swp.o
                0x1000f0cc                swap
                0x1000f19c                physio
                0x1000f34c                rawrw
 .text          0x1000f378      0x108 cons.o
                0x1000f378                cnopen
                0x1000f390                cnclose
                0x1000f3a8                cnread
                0x1000f3c0                cnwrite
                0x1000f3d8                cnselect
                0x1000f3f0                cnioctl
                0x1000f40c                cnputc
                0x1000f458                cngetc
 .text          0x1000f480       0xf0 mem.o
                0x1000f480                kmemdev
                0x1000f490                mmrw
 .text          0x1000f570      0x3d4 swap.o
                0x1000f570                swopen
                0x1000f5a8                swclose
                0x1000f5e0                swsize
                0x1000f618                swcopen
                0x1000f634                swcclose
                0x1000f644                swcread
                0x1000f724                swcwrite
                0x1000f810                swcioctl
                0x1000f8a8                swstrategy
 .text          0x1000f944       0x24 clock.o
                0x1000f944                clkstart
 .text          0x1000f968       0x54 conf.o
                0x1000f968                nullopen
                0x1000f96c                nullclose
                0x1000f970                noopen
                0x1000f974                noclose
                0x1000f978                norw
                0x1000f97c                noioctl
                0x1000f980                nullstop
                0x1000f984                nosize
                0x1000f988                iskmemdev
                0x1000f99c                isdisk
                0x1000f9b4                chrtoblk
 .text          0x1000f9bc      0x248 fault.o
                0x1000f9bc                HardFault_Handler
                0x1000f9e6                arm_fault
 .text          0x1000fc04      0x74c machdep.o
                0x1000fc3c                SystemInit
                0x1000fc54                startup
                0x1000fe00                config
                0x1000feb0                idle
                0x1000fee4                mdelay
                0x1000ff04                boot
                0x10010030                led_control
                0x10010054                addupc
                0x10010076                ffs
                0x10010094                copystr
                0x100100cc                strlen
                0x100100de                baduaddr
                0x100100fc                badkaddr
                0x10010130                insque
                0x1001013c                remque
                0x10010148                strncmp
                0x10010170                bcopy
                0x1001021e                memcpy
                0x1001022e                bzero
                0x100102aa                bcmp
                0x100102ec                copyout
                0x1001031e                copyin
 .text          0x10010350      0x1cc sig_machdep.o
                0x10010350                sendsig
                0x10010468                sigreturn
 .text          0x1001051c      0x220 syscall.o
                0x1001051c                SVC_Handler
                0x10010540                PendSV_Handler
                0x10010588                syscall
 .text          0x1001073c      0x18c sysctl.o
                0x1001073c                ucall
                0x1001078c                ufetch
                0x100107a4                ustore
                0x100107bc                sc_msec
                0x100107cc                cpu_sysctl
 .text          0x100108c8       0x2c systick.o
                0x100108c8                SysTick_Handler
                0x100108e2                systick
 .text          0x100108f4      0x500 uart.o
                0x1001091c                uartstart
                0x10010996                uartinit
                0x10010acc                uartopen
                0x10010b88                uartclose
                0x10010bbc                uartread
                0x10010be8                uartwrite
                0x10010c14                uartselect
                0x10010c3c                uartioctl
                0x10010c74                uartintr
                0x10010d08                UART0_IRQ_Handler
                0x10010d14                UART1_IRQ_Handler
                0x10010d24                uartputc
                0x10010dbc                uartgetc
 .text          0x10010df4      0x784 flash.o
                0x10010df4                rom_func_lookup
                0x10010fc0                dhara_nand_is_bad
                0x10010fc4                dhara_nand_mark_bad
                0x10010fc6                dhara_nand_erase
                0x10010fe8                dhara_nand_prog
                0x1001101c                dhara_nand_is_free
                0x10011044                dhara_nand_read
                0x1001108c                dhara_nand_copy
                0x100110c4                flopen
                0x10011118                flclose
                0x10011178                flsize
                0x100111cc                flstrategy
                0x100114f8                flioctl
 .text          0x10011578       0x18 error.o
                0x10011578                dhara_strerror
 .text          0x10011590      0xa30 journal.o
                0x10011a02                dhara_journal_init
                0x10011a38                dhara_journal_resume
                0x10011d16                dhara_journal_capacity
                0x10011d3e                dhara_journal_size
                0x10011d6c                dhara_journal_read_meta
                0x10011dd6                dhara_journal_peek
                0x10011e48                dhara_journal_dequeue
                0x10011e8c                dhara_journal_clear
                0x10011eba                dhara_journal_enqueue
                0x10011f28                dhara_journal_copy
                0x10011f90                dhara_journal_next_recoverable
 .text          0x10011fc0      0x780 map.o
                0x1001238c                dhara_map_init
                0x100123a4                dhara_map_resume
                0x100123d4                dhara_map_clear
                0x100123e8                dhara_map_capacity
                0x10012414                dhara_map_find
                0x10012424                dhara_map_read
                0x10012484                dhara_map_sync
                0x100124f4                dhara_map_gc
                0x100125fa                dhara_map_write
                0x1001265a                dhara_map_copy_page
                0x100126ba                dhara_map_trim
                0x100126f8                dhara_map_copy_sector
 .text          0x10012740        0x0 ioconf.o
 .text          0x10012740        0x0 vers.o
 .text          0x10012740       0x8c /usr/lib/gcc/arm-none-eabi/16.2.0/thumb/v6-m/nofp/libgcc.a(_udivsi3.o)
                0x10012740                __udivsi3
                0x10012740                __aeabi_uidiv
                0x100127b8                __aeabi_uidivmod
 .text          0x100127cc       0xa8 /usr/lib/gcc/arm-none-eabi/16.2.0/thumb/v6-m/nofp/libgcc.a(_divsi3.o)
                0x100127cc                __aeabi_idiv
                0x100127cc                __divsi3
                0x10012860                __aeabi_idivmod
 .text          0x10012874        0x4 /usr/lib/gcc/arm-none-eabi/16.2.0/thumb/v6-m/nofp/libgcc.a(_dvmd_tls.o)
                0x10012874                __aeabi_ldiv0
                0x10012874                __aeabi_idiv0
 .text          0x10012878        0x0 swapunix.o
 .text.__stub   0x10012878       0x30 linker stubs
                0x100128a8                        . = ALIGN (0x8)
 *(.rodata*)
 .rodata.str1.4
                0x100128a8     0x18ac exec_aout.o
                                 0x17 (size before relaxing)
 .rodata.str1.4
                0x10014154        0x0 exec_conf.o
                                 0x13 (size before relaxing)
 .rodata        0x10014154       0x18 exec_conf.o
                0x10014154                execsw
 .rodata.str1.4
                0x1001416c        0x0 exec_elf.o
                                 0x18 (size before relaxing)
 .rodata        0x1001416c        0x9 exec_elf.o
 .rodata.str1.4
                0x10014175        0x0 exec_subr.o
                                  0xb (size before relaxing)
 .rodata.str1.4
                0x10014175        0x0 init_main.o
                                 0xc7 (size before relaxing)
 *fill*         0x10014175        0x3 
 .rodata        0x10014178      0x4e4 init_sysent.o
                0x10014178                nsysent
                0x1001417c                sysent
 .rodata.str1.4
                0x1001465c        0x0 kern_clock.o
                                 0x17 (size before relaxing)
 .rodata.str1.4
                0x1001465c        0x0 kern_descrip.o
                                 0x12 (size before relaxing)
 .rodata        0x1001465c       0x1c kern_descrip.o
 .rodata.str1.4
                0x10014678        0x0 kern_exit.o
                                 0x11 (size before relaxing)
 .rodata.str1.4
                0x10014678        0x0 kern_fork.o
                                 0x2e (size before relaxing)
 .rodata.str1.4
                0x10014678        0x0 kern_sig.o
                                  0xe (size before relaxing)
 .rodata        0x10014678       0x21 kern_sig2.o
                0x10014678                sigprop
 .rodata.str1.4
                0x10014699        0x0 kern_subr.o
                                 0x10 (size before relaxing)
 .rodata.str1.4
                0x10014699        0x0 kern_synch.o
                                 0x16 (size before relaxing)
 *fill*         0x10014699        0x3 
 .rodata        0x1001469c       0xb0 kern_sysctl.o
 .rodata.str1.4
                0x1001474c        0x0 subr_prf.o
                                 0x27 (size before relaxing)
 .rodata        0x1001474c      0x160 subr_prf.o
 .rodata.str1.4
                0x100148ac        0x0 subr_rmap.o
                                 0x49 (size before relaxing)
 .rodata        0x100148ac       0x20 sys_generic.o
                0x100148ac                Fops
                0x100148bc                socketops
 .rodata        0x100148cc       0x10 sys_inode.o
                0x100148cc                inodeops
 .rodata        0x100148dc       0x10 sys_pipe.o
                0x100148dc                pipeops
 .rodata        0x100148ec       0x28 sys_process.o
 .rodata.str1.4
                0x10014914        0x0 syscalls.o
                                0x535 (size before relaxing)
 .rodata        0x10014914      0x270 syscalls.o
                0x10014914                syscallnames
 .rodata.str1.4
                0x10014b84        0x0 tty.o
                                 0x1f (size before relaxing)
 .rodata        0x10014b84      0x214 tty.o
                0x10014bb0                ttlowat
                0x10014c24                tthiwat
                0x10014c98                partab
 .rodata.str1.4
                0x10014d98        0x0 ufs_alloc.o
                                 0x85 (size before relaxing)
 .rodata.str1.4
                0x10014d98        0x0 ufs_bio.o
                                  0xc (size before relaxing)
 .rodata.str1.4
                0x10014d98        0x0 ufs_inode.o
                                 0x2d (size before relaxing)
 .rodata.str1.4
                0x10014d98        0x0 ufs_namei.o
                                 0xc8 (size before relaxing)
 .rodata.str1.4
                0x10014d98        0x0 ufs_subr.o
                                 0x3e (size before relaxing)
 .rodata.str1.4
                0x10014d98        0x0 ufs_syscalls.o
                                 0x45 (size before relaxing)
 .rodata        0x10014d98       0x18 ufs_syscalls.o
                0x10014d98                mastertemplate
 .rodata.str1.4
                0x10014db0        0x0 ufs_syscalls2.o
                                 0x17 (size before relaxing)
 .rodata.str1.4
                0x10014db0        0x0 vm_swap.o
                                 0x4a (size before relaxing)
 .rodata.str1.4
                0x10014db0        0x0 vm_swp.o
                                  0xf (size before relaxing)
 .rodata.str1.4
                0x10014db0        0x0 mem.o
                                  0x5 (size before relaxing)
 .rodata.str1.4
                0x10014db0        0x0 swap.o
                                0x112 (size before relaxing)
 .rodata        0x10014db0      0x420 conf.o
                0x10014db0                nchrdev
                0x10014db4                cdevsw
                0x10015124                nblkdev
                0x10015128                bdevsw
 .rodata.str1.4
                0x100151d0        0x0 fault.o
                                0x1d5 (size before relaxing)
 .rodata.str1.4
                0x100151d0        0x0 machdep.o
                                0x118 (size before relaxing)
 .rodata.str1.4
                0x100151d0        0x0 syscall.o
                                  0xf (size before relaxing)
 .rodata.str1.4
                0x100151d0        0x0 sysctl.o
                                0x913 (size before relaxing)
 .rodata        0x100151d0      0x280 sysctl.o
 .rodata.str1.4
                0x10015450        0x0 uart.o
                                 0x35 (size before relaxing)
 .rodata        0x10015450       0x10 uart.o
 .rodata.str1.4
                0x10015460        0x0 flash.o
                                 0xb8 (size before relaxing)
 .rodata        0x10015460        0x8 flash.o
                0x10015460                flnand
 .rodata.str1.4
                0x10015468        0x0 error.o
                                 0xbc (size before relaxing)
 .rodata        0x10015468       0x24 error.o
 .rodata        0x1001548c       0x97 vers.o
                0x1001548c                osrelease
                0x10015490                osversion
                0x1001549c                ostype
                0x100154a8                version

.glue_7         0x10015524        0x0
 .glue_7        0x10015524        0x0 linker stubs

.glue_7t        0x10015524        0x0
 .glue_7t       0x10015524        0x0 linker stubs

.vfp11_veneer   0x10015524        0x0
 .vfp11_veneer  0x10015524        0x0 linker stubs

.v4_bx          0x10015524        0x0
 .v4_bx         0x10015524        0x0 linker stubs

.iplt           0x10015524        0x0
 .iplt          0x10015524        0x0 locore0.o

.rel.dyn        0x10015524        0x0
 .rel.iplt      0x10015524        0x0 locore0.o

.ARM.extab
 *(.ARM.extab* .gnu.linkonce.armextab.*)

.ARM.exidx      0x10015523        0x0
                0x10015523                        __exidx_start = .
 *(.ARM.exidx* .gnu.linkonce.armexidx.*)
                0x10015523                        __exidx_end = .
                0x10015524                        . = ALIGN (0x4)
                0x10015524                        __etext = .
                0x10015524                        _sidata = LOADADDR (.data)

.data           0x20018000      0x1c8 load address 0x10015524
                0x20018000                        __data_start__ = .
                0x20018000                        _sdata = .
 *(.data*)
 .data          0x20018000        0x0 boot2.o
 .data          0x20018000        0x0 locore0.o
 .data          0x20018000        0x0 locore.o
 .data          0x20018000        0x0 exec_aout.o
 .data          0x20018000        0x4 exec_conf.o
                0x20018000                nexecs
 .data          0x20018004        0x0 exec_elf.o
 .data          0x20018004        0x0 exec_script.o
 .data          0x20018004        0x0 exec_subr.o
 .data          0x20018004        0x0 init_main.o
 .data          0x20018004        0x0 init_sysent.o
 .data          0x20018004        0x4 kern_clock.o
                0x20018004                dk_ndrive
 .data          0x20018008        0x0 kern_descrip.o
 .data          0x20018008        0x0 kern_exec.o
 .data          0x20018008        0x0 kern_exit.o
 .data          0x20018008        0x0 kern_fork.o
 .data          0x20018008        0x0 kern_mman.o
 .data          0x20018008        0x0 kern_proc.o
 .data          0x20018008        0x0 kern_prot.o
 .data          0x20018008        0x0 kern_prot2.o
 .data          0x20018008        0x0 kern_resource.o
 .data          0x20018008        0x0 kern_sig.o
 .data          0x20018008        0x0 kern_sig2.o
 .data          0x20018008        0x0 kern_subr.o
 .data          0x20018008        0x0 kern_synch.o
 .data          0x20018008        0x0 kern_sysctl.o
 .data          0x20018008        0x0 kern_time.o
 .data          0x20018008        0x0 subr_prf.o
 .data          0x20018008        0x0 subr_rmap.o
 .data          0x20018008        0x0 sys_generic.o
 .data          0x20018008        0x0 sys_inode.o
 .data          0x20018008        0x0 sys_pipe.o
 .data          0x20018008        0x0 sys_process.o
 .data          0x20018008        0x0 syscalls.o
 .data          0x20018008       0x10 tty.o
                0x2001800c                TTYBLOCK
                0x20018010                TTYHOG
                0x20018014                TTYUNBLOCK
 .data          0x20018018        0x0 tty_subr.o
 .data          0x20018018        0x0 tty_tty.o
 .data          0x20018018        0x0 ufs_alloc.o
 .data          0x20018018        0x0 ufs_bio.o
 .data          0x20018018        0x0 ufs_bmap.o
 .data          0x20018018        0x0 ufs_dsort.o
 .data          0x20018018        0x0 ufs_fio.o
 .data          0x20018018        0x0 ufs_inode.o
 .data          0x20018018        0x0 ufs_mount.o
 .data          0x20018018        0x0 ufs_namei.o
 .data          0x20018018        0x0 ufs_subr.o
 .data          0x20018018        0x0 ufs_syscalls.o
 .data          0x20018018        0x0 ufs_syscalls2.o
 .data          0x20018018        0x0 vfs_vnops.o
 .data          0x20018018        0x4 vm_sched.o
                0x20018018                maxslp
 .data          0x2001801c        0x0 vm_swap.o
 .data          0x2001801c        0x0 vm_swp.o
 .data          0x2001801c        0x0 cons.o
 .data          0x2001801c        0x0 mem.o
 .data          0x2001801c        0x0 swap.o
 .data          0x2001801c        0x0 clock.o
 .data          0x2001801c        0x0 conf.o
 .data          0x2001801c        0x0 fault.o
 .data          0x2001801c       0x36 machdep.o
                0x2001801c                dumplo
                0x20018020                waittime
                0x20018024                dump
                0x20018028                swapmap
                0x20018034                nproc
                0x20018038                tz
                0x20018040                usechz
                0x20018044                hz
                0x20018048                machine_arch
                0x2001804c                machine
 .data          0x20018052        0x0 sig_machdep.o
 .data          0x20018052        0x0 syscall.o
 .data          0x20018052        0x0 sysctl.o
 .data          0x20018052        0x0 systick.o
 *fill*         0x20018052        0x2 
 .data          0x20018054        0x8 uart.o
                0x20018054                uartdriver
 .data          0x2001805c        0x0 flash.o
 .data          0x2001805c        0x0 error.o
 .data          0x2001805c        0x0 journal.o
 .data          0x2001805c        0x0 map.o
 .data          0x2001805c       0x58 ioconf.o
                0x2001805c                conf_device_init
 .data          0x200180b4        0x0 vers.o
 .data          0x200180b4        0x0 /usr/lib/gcc/arm-none-eabi/16.2.0/thumb/v6-m/nofp/libgcc.a(_udivsi3.o)
 .data          0x200180b4        0x0 /usr/lib/gcc/arm-none-eabi/16.2.0/thumb/v6-m/nofp/libgcc.a(_divsi3.o)
 .data          0x200180b4        0x0 /usr/lib/gcc/arm-none-eabi/16.2.0/thumb/v6-m/nofp/libgcc.a(_dvmd_tls.o)
 .data          0x200180b4        0xc swapunix.o
                0x200180b4                swapdev
                0x200180b8                dumpdev
                0x200180bc                rootdev
                0x200180c0                        . = ALIGN (0x8)
                0x200180c0                        __ramfunc_start__ = .
 *(.ramfunc*)
 .ramfunc       0x200180c0       0x68 machdep.o
 .ramfunc       0x20018128       0x9c flash.o
                0x200181c8                        . = ALIGN (0x8)
 *fill*         0x200181c4        0x4 
                0x200181c8                        __ramfunc_end__ = .
                0x200181c8                        __data_end__ = .
                0x200181c8                        _edata = .

.igot.plt       0x200181c8        0x0 load address 0x100156ec
 .igot.plt      0x200181c8        0x0 locore0.o

.bss            0x200181c8     0x7980 load address 0x100156ec
                0x200181c8                        . = ALIGN (0x8)
                0x200181c8                        __bss_start__ = .
                0x200181c8                        _sbss = .
 *(.bss*)
 .bss           0x200181c8        0x0 boot2.o
 .bss           0x200181c8        0x0 locore0.o
 .bss           0x200181c8        0x0 locore.o
 .bss           0x200181c8        0x0 exec_aout.o
 .bss           0x200181c8        0x0 exec_conf.o
 .bss           0x200181c8        0x0 exec_elf.o
 .bss           0x200181c8        0x0 exec_script.o
 .bss           0x200181c8        0x0 exec_subr.o
 .bss           0x200181c8        0x0 init_main.o
 .bss           0x200181c8        0x0 init_sysent.o
 .bss           0x200181c8        0x0 kern_clock.o
 .bss           0x200181c8        0x0 kern_descrip.o
 .bss           0x200181c8        0x0 kern_exec.o
 .bss           0x200181c8        0x0 kern_exit.o
 .bss           0x200181c8        0x4 kern_fork.o
 .bss           0x200181cc        0x0 kern_mman.o
 .bss           0x200181cc        0x0 kern_proc.o
 .bss           0x200181cc        0x0 kern_prot.o
 .bss           0x200181cc        0x0 kern_prot2.o
 .bss           0x200181cc        0x0 kern_resource.o
 .bss           0x200181cc        0x0 kern_sig.o
 .bss           0x200181cc        0x0 kern_sig2.o
 .bss           0x200181cc        0x0 kern_subr.o
 .bss           0x200181cc        0x0 kern_synch.o
 .bss           0x200181cc        0x0 kern_sysctl.o
 .bss           0x200181cc        0x0 kern_time.o
 .bss           0x200181cc        0x0 subr_prf.o
 .bss           0x200181cc        0x0 subr_rmap.o
 .bss           0x200181cc        0x0 sys_generic.o
 .bss           0x200181cc        0x0 sys_inode.o
 .bss           0x200181cc        0x4 sys_pipe.o
 .bss           0x200181d0        0x0 sys_process.o
 .bss           0x200181d0        0x0 syscalls.o
 .bss           0x200181d0        0x0 tty.o
 .bss           0x200181d0        0x0 tty_subr.o
 .bss           0x200181d0        0x0 tty_tty.o
 .bss           0x200181d0        0x0 ufs_alloc.o
 .bss           0x200181d0        0x0 ufs_bio.o
 .bss           0x200181d0        0x0 ufs_bmap.o
 .bss           0x200181d0        0x0 ufs_dsort.o
 .bss           0x200181d0        0x0 ufs_fio.o
 .bss           0x200181d0        0x0 ufs_inode.o
 .bss           0x200181d0        0x0 ufs_mount.o
 .bss           0x200181d0        0x4 ufs_namei.o
                0x200181d0                dirchk
 .bss           0x200181d4        0x0 ufs_subr.o
 .bss           0x200181d4        0x0 ufs_syscalls.o
 .bss           0x200181d4        0x0 ufs_syscalls2.o
 .bss           0x200181d4        0x0 vfs_vnops.o
 .bss           0x200181d4        0x0 vm_sched.o
 .bss           0x200181d4        0x0 vm_swap.o
 .bss           0x200181d4        0x0 vm_swp.o
 .bss           0x200181d4        0x0 cons.o
 .bss           0x200181d4        0x0 mem.o
 .bss           0x200181d4       0x18 swap.o
 .bss           0x200181ec        0x0 clock.o
 .bss           0x200181ec        0x0 conf.o
 .bss           0x200181ec        0x4 fault.o
 .bss           0x200181f0        0x4 machdep.o
                0x200181f0                securelevel
 .bss           0x200181f4        0x0 sig_machdep.o
 .bss           0x200181f4        0x0 syscall.o
 .bss           0x200181f4        0x0 sysctl.o
 .bss           0x200181f4        0x0 systick.o
 .bss           0x200181f4        0x0 uart.o
 .bss           0x200181f4     0x1e00 flash.o
 .bss           0x20019ff4        0x0 error.o
 .bss           0x20019ff4        0x0 journal.o
 .bss           0x20019ff4        0x0 map.o
 .bss           0x20019ff4       0x1c ioconf.o
                0x20019ff4                conf_service_init
                0x20019ff8                conf_ctlr_init
 .bss           0x2001a010        0x0 vers.o
 .bss           0x2001a010        0x0 /usr/lib/gcc/arm-none-eabi/16.2.0/thumb/v6-m/nofp/libgcc.a(_udivsi3.o)
 .bss           0x2001a010        0x0 /usr/lib/gcc/arm-none-eabi/16.2.0/thumb/v6-m/nofp/libgcc.a(_divsi3.o)
 .bss           0x2001a010        0x0 /usr/lib/gcc/arm-none-eabi/16.2.0/thumb/v6-m/nofp/libgcc.a(_dvmd_tls.o)
 .bss           0x2001a010        0x0 swapunix.o
 *(COMMON)
 COMMON         0x2001a010      0x9f4 exec_aout.o
                0x2001a010                nextinodeid
                0x2001a014                freeproc
                0x2001a018                nchstats
                0x2001a034                pidhash
                0x2001a074                mount
                0x2001a9f4                qs
                0x2001a9f8                allproc
                0x2001a9fc                rootdir
                0x2001aa00                zombproc
 COMMON         0x2001aa04        0x4 exec_conf.o
                0x2001aa04                exec_maxhdrsz
 COMMON         0x2001aa08       0x68 exec_elf.o
                0x2001aa08                avenrun
                0x2001aa10                hostnamelen
                0x2001aa14                hostname
                0x2001aa54                adjdelta
                0x2001aa58                lbolt
                0x2001aa5c                time
                0x2001aa64                boottime
                0x2001aa6c                hostid
 COMMON         0x2001aa70       0xac init_main.o
                0x2001aa70                rate
                0x2001aa84                cfreecount
                0x2001aa88                boothowto
                0x2001aa8c                sum
                0x2001aab4                cnt
                0x2001aac8                nswap
                0x2001aacc                physmem
                0x2001aad0                freemem
                0x2001aad4                swapstart
                0x2001aad8                avefree
                0x2001aada                avefree30
                0x2001aadc                cfreelist
                0x2001aae0                total
                0x2001ab0c                forkstat
 COMMON         0x2001ab1c       0x78 kern_clock.o
                0x2001ab1c                dk_unit
                0x2001ab2c                dk_name
                0x2001ab3c                dk_n
                0x2001ab40                tk_nout
                0x2001ab44                noproc
                0x2001ab48                cp_time
                0x2001ab58                tk_nin
                0x2001ab5c                calltodo
                0x2001ab6c                callfree
                0x2001ab70                dk_xfer
                0x2001ab80                dk_busy
                0x2001ab84                dk_bytes
 COMMON         0x2001ab94        0x4 kern_descrip.o
                0x2001ab94                lastf
 COMMON         0x2001ab98        0x4 kern_fork.o
                0x2001ab98                mpid
 COMMON         0x2001ab9c       0x45 kern_synch.o
                0x2001ab9c                runrun
                0x2001aba0                slpque
                0x2001abe0                curpri
 *fill*         0x2001abe1        0x3 
 COMMON         0x2001abe4        0xc kern_sysctl.o
                0x2001abe4                memlock
 COMMON         0x2001abf0        0x4 subr_prf.o
                0x2001abf0                panicstr
 COMMON         0x2001abf4        0x8 sys_generic.o
                0x2001abf4                selwait
                0x2001abf8                nselcoll
 COMMON         0x2001abfc        0x4 sys_inode.o
                0x2001abfc                rablock
 COMMON         0x2001ac00       0x10 sys_process.o
                0x2001ac00                ipc
 COMMON         0x2001ac10        0x1 tty_subr.o
                0x2001ac10                cwaiting
 *fill*         0x2001ac11        0x3 
 COMMON         0x2001ac14       0x88 ufs_inode.o
                0x2001ac14                ifreeh
                0x2001ac18                ihead
                0x2001ac98                ifreet
 COMMON         0x2001ac9c       0x88 ufs_namei.o
                0x2001ac9c                nchash
                0x2001ad1c                nchtail
                0x2001ad20                nchhead
 COMMON         0x2001ad24        0x4 ufs_subr.o
                0x2001ad24                updlock
 COMMON         0x2001ad28        0x2 vm_sched.o
                0x2001ad28                runout
                0x2001ad29                runin
 *fill*         0x2001ad2a        0x2 
 COMMON         0x2001ad2c       0x78 cons.o
                0x2001ad2c                cnttys
 COMMON         0x2001ada4       0x20 fault.o
                0x2001ada4                fault_regs
 COMMON         0x2001adc4     0x4c94 machdep.o
                0x2001adc4                swapent
                0x2001ae8c                proc
                0x2001b850                callout
                0x2001b970                bufdata
                0x2001e170                file
                0x2001e3b0                pipedev
                0x2001e3b4                bfreelist
                0x2001e438                cpu_model
                0x2001e478                cfree
                0x2001e878                buf
                0x2001ea30                inode
                0x2001f450                namecache
                0x2001f998                bufhash
 COMMON         0x2001fa58       0xf0 uart.o
                0x2001fa58                uartttys
                0x2001fb48                        . = ALIGN (0x8)
                0x2001fb48                        __bss_end__ = .
                0x2001fb48                        _ebss = .
LOAD boot2.o
LOAD locore0.o
LOAD locore.o
LOAD exec_aout.o
LOAD exec_conf.o
LOAD exec_elf.o
LOAD exec_script.o
LOAD exec_subr.o
LOAD init_main.o
LOAD init_sysent.o
LOAD kern_clock.o
LOAD kern_descrip.o
LOAD kern_exec.o
LOAD kern_exit.o
LOAD kern_fork.o
LOAD kern_mman.o
LOAD kern_proc.o
LOAD kern_prot.o
LOAD kern_prot2.o
LOAD kern_resource.o
LOAD kern_sig.o
LOAD kern_sig2.o
LOAD kern_subr.o
LOAD kern_synch.o
LOAD kern_sysctl.o
LOAD kern_time.o
LOAD subr_prf.o
LOAD subr_rmap.o
LOAD sys_generic.o
LOAD sys_inode.o
LOAD sys_pipe.o
LOAD sys_process.o
LOAD syscalls.o
LOAD tty.o
LOAD tty_subr.o
LOAD tty_tty.o
LOAD ufs_alloc.o
LOAD ufs_bio.o
LOAD ufs_bmap.o
LOAD ufs_dsort.o
LOAD ufs_fio.o
LOAD ufs_inode.o
LOAD ufs_mount.o
LOAD ufs_namei.o
LOAD ufs_subr.o
LOAD ufs_syscalls.o
LOAD ufs_syscalls2.o
LOAD vfs_vnops.o
LOAD vm_sched.o
LOAD vm_swap.o
LOAD vm_swp.o
LOAD cons.o
LOAD mem.o
LOAD swap.o
LOAD clock.o
LOAD conf.o
LOAD fault.o
LOAD machdep.o
LOAD sig_machdep.o
LOAD syscall.o
LOAD sysctl.o
LOAD systick.o
LOAD uart.o
LOAD flash.o
LOAD error.o
LOAD journal.o
LOAD map.o
LOAD ioconf.o
LOAD vers.o
LOAD /usr/lib/gcc/arm-none-eabi/16.2.0/thumb/v6-m/nofp/libgcc.a
LOAD swapunix.o
OUTPUT(unix elf32-littlearm)
LOAD linker stubs

.ARM.attributes
                0x00000000       0x2e
 .ARM.attributes
                0x00000000       0x22 boot2.o
 .ARM.attributes
                0x00000022       0x22 locore0.o
 .ARM.attributes
                0x00000044       0x1c locore.o
 .ARM.attributes
                0x00000060       0x2c exec_aout.o
 .ARM.attributes
                0x0000008c       0x2c exec_conf.o
 .ARM.attributes
                0x000000b8       0x2c exec_elf.o
 .ARM.attributes
                0x000000e4       0x2c exec_script.o
 .ARM.attributes
                0x00000110       0x2c exec_subr.o
 .ARM.attributes
                0x0000013c       0x2c init_main.o
 .ARM.attributes
                0x00000168       0x2c init_sysent.o
 .ARM.attributes
                0x00000194       0x2c kern_clock.o
 .ARM.attributes
                0x000001c0       0x2c kern_descrip.o
 .ARM.attributes
                0x000001ec       0x2c kern_exec.o
 .ARM.attributes
                0x00000218       0x2c kern_exit.o
 .ARM.attributes
                0x00000244       0x2c kern_fork.o
 .ARM.attributes
                0x00000270       0x2c kern_mman.o
 .ARM.attributes
                0x0000029c       0x2c kern_proc.o
 .ARM.attributes
                0x000002c8       0x2c kern_prot.o
 .ARM.attributes
                0x000002f4       0x2c kern_prot2.o
 .ARM.attributes
                0x00000320       0x2c kern_resource.o
 .ARM.attributes
                0x0000034c       0x2c kern_sig.o
 .ARM.attributes
                0x00000378       0x2c kern_sig2.o
 .ARM.attributes
                0x000003a4       0x2c kern_subr.o
 .ARM.attributes
                0x000003d0       0x2c kern_synch.o
 .ARM.attributes
                0x000003fc       0x2c kern_sysctl.o
 .ARM.attributes
                0x00000428       0x2c kern_time.o
 .ARM.attributes
                0x00000454       0x2c subr_prf.o
 .ARM.attributes
                0x00000480       0x2c subr_rmap.o
 .ARM.attributes
                0x000004ac       0x2c sys_generic.o
 .ARM.attributes
                0x000004d8       0x2c sys_inode.o
 .ARM.attributes
                0x00000504       0x2c sys_pipe.o
 .ARM.attributes
                0x00000530       0x2c sys_process.o
 .ARM.attributes
                0x0000055c       0x2c syscalls.o
 .ARM.attributes
                0x00000588       0x2c tty.o
 .ARM.attributes
                0x000005b4       0x2c tty_subr.o
 .ARM.attributes
                0x000005e0       0x2c tty_tty.o
 .ARM.attributes
                0x0000060c       0x2c ufs_alloc.o
 .ARM.attributes
                0x00000638       0x2c ufs_bio.o
 .ARM.attributes
                0x00000664       0x2c ufs_bmap.o
 .ARM.attributes
                0x00000690       0x2c ufs_dsort.o
 .ARM.attributes
                0x000006bc       0x2c ufs_fio.o
 .ARM.attributes
                0x000006e8       0x2c ufs_inode.o
 .ARM.attributes
                0x00000714       0x2c ufs_mount.o
 .ARM.attributes
                0x00000740       0x2c ufs_namei.o
 .ARM.attributes
                0x0000076c       0x2c ufs_subr.o
 .ARM.attributes
                0x00000798       0x2c ufs_syscalls.o
 .ARM.attributes
                0x000007c4       0x2c ufs_syscalls2.o
 .ARM.attributes
                0x000007f0       0x2c vfs_vnops.o
 .ARM.attributes
                0x0000081c       0x2c vm_sched.o
 .ARM.attributes
                0x00000848       0x2c vm_swap.o
 .ARM.attributes
                0x00000874       0x2c vm_swp.o
 .ARM.attributes
                0x000008a0       0x2c cons.o
 .ARM.attributes
                0x000008cc       0x2c mem.o
 .ARM.attributes
                0x000008f8       0x2c swap.o
 .ARM.attributes
                0x00000924       0x2c clock.o
 .ARM.attributes
                0x00000950       0x2c conf.o
 .ARM.attributes
                0x0000097c       0x2c fault.o
 .ARM.attributes
                0x000009a8       0x2c machdep.o
 .ARM.attributes
                0x000009d4       0x2c sig_machdep.o
 .ARM.attributes
                0x00000a00       0x2c syscall.o
 .ARM.attributes
                0x00000a2c       0x2c sysctl.o
 .ARM.attributes
                0x00000a58       0x2c systick.o
 .ARM.attributes
                0x00000a84       0x2c uart.o
 .ARM.attributes
                0x00000ab0       0x2c flash.o
 .ARM.attributes
                0x00000adc       0x2c error.o
 .ARM.attributes
                0x00000b08       0x2c journal.o
 .ARM.attributes
                0x00000b34       0x2c map.o
 .ARM.attributes
                0x00000b60       0x2c ioconf.o
 .ARM.attributes
                0x00000b8c       0x2c vers.o
 .ARM.attributes
                0x00000bb8       0x1e /usr/lib/gcc/arm-none-eabi/16.2.0/thumb/v6-m/nofp/libgcc.a(_udivsi3.o)
 .ARM.attributes
                0x00000bd6       0x1e /usr/lib/gcc/arm-none-eabi/16.2.0/thumb/v6-m/nofp/libgcc.a(_divsi3.o)
 .ARM.attributes
                0x00000bf4       0x1e /usr/lib/gcc/arm-none-eabi/16.2.0/thumb/v6-m/nofp/libgcc.a(_dvmd_tls.o)
 .ARM.attributes
                0x00000c12       0x2c swapunix.o

.comment        0x00000000       0x1e
 .comment       0x00000000       0x1e exec_aout.o
                                 0x1f (size before relaxing)
 .comment       0x0000001e        0x0 exec_conf.o
                                 0x1f (size before relaxing)
 .comment       0x0000001e        0x0 exec_elf.o
                                 0x1f (size before relaxing)
 .comment       0x0000001e        0x0 exec_script.o
                                 0x1f (size before relaxing)
 .comment       0x0000001e        0x0 exec_subr.o
                                 0x1f (size before relaxing)
 .comment       0x0000001e        0x0 init_main.o
                                 0x1f (size before relaxing)
 .comment       0x0000001e        0x0 init_sysent.o
                                 0x1f (size before relaxing)
 .comment       0x0000001e        0x0 kern_clock.o
                                 0x1f (size before relaxing)
 .comment       0x0000001e        0x0 kern_descrip.o
                                 0x1f (size before relaxing)
 .comment       0x0000001e        0x0 kern_exec.o
                                 0x1f (size before relaxing)
 .comment       0x0000001e        0x0 kern_exit.o
                                 0x1f (size before relaxing)
 .comment       0x0000001e        0x0 kern_fork.o
                                 0x1f (size before relaxing)
 .comment       0x0000001e        0x0 kern_mman.o
                                 0x1f (size before relaxing)
 .comment       0x0000001e        0x0 kern_proc.o
                                 0x1f (size before relaxing)
 .comment       0x0000001e        0x0 kern_prot.o
                                 0x1f (size before relaxing)
 .comment       0x0000001e        0x0 kern_prot2.o
                                 0x1f (size before relaxing)
 .comment       0x0000001e        0x0 kern_resource.o
                                 0x1f (size before relaxing)
 .comment       0x0000001e        0x0 kern_sig.o
                                 0x1f (size before relaxing)
 .comment       0x0000001e        0x0 kern_sig2.o
                                 0x1f (size before relaxing)
 .comment       0x0000001e        0x0 kern_subr.o
                                 0x1f (size before relaxing)
 .comment       0x0000001e        0x0 kern_synch.o
                                 0x1f (size before relaxing)
 .comment       0x0000001e        0x0 kern_sysctl.o
                                 0x1f (size before relaxing)
 .comment       0x0000001e        0x0 kern_time.o
                                 0x1f (size before relaxing)
 .comment       0x0000001e        0x0 subr_prf.o
                                 0x1f (size before relaxing)
 .comment       0x0000001e        0x0 subr_rmap.o
                                 0x1f (size before relaxing)
 .comment       0x0000001e        0x0 sys_generic.o
                                 0x1f (size before relaxing)
 .comment       0x0000001e        0x0 sys_inode.o
                                 0x1f (size before relaxing)
 .comment       0x0000001e        0x0 sys_pipe.o
                                 0x1f (size before relaxing)
 .comment       0x0000001e        0x0 sys_process.o
                                 0x1f (size before relaxing)
 .comment       0x0000001e        0x0 syscalls.o
                                 0x1f (size before relaxing)
 .comment       0x0000001e        0x0 tty.o
                                 0x1f (size before relaxing)
 .comment       0x0000001e        0x0 tty_subr.o
                                 0x1f (size before relaxing)
 .comment       0x0000001e        0x0 tty_tty.o
                                 0x1f (size before relaxing)
 .comment       0x0000001e        0x0 ufs_alloc.o
                                 0x1f (size before relaxing)
 .comment       0x0000001e        0x0 ufs_bio.o
                                 0x1f (size before relaxing)
 .comment       0x0000001e        0x0 ufs_bmap.o
                                 0x1f (size before relaxing)
 .comment       0x0000001e        0x0 ufs_dsort.o
                                 0x1f (size before relaxing)
 .comment       0x0000001e        0x0 ufs_fio.o
                                 0x1f (size before relaxing)
 .comment       0x0000001e        0x0 ufs_inode.o
                                 0x1f (size before relaxing)
 .comment       0x0000001e        0x0 ufs_mount.o
                                 0x1f (size before relaxing)
 .comment       0x0000001e        0x0 ufs_namei.o
                                 0x1f (size before relaxing)
 .comment       0x0000001e        0x0 ufs_subr.o
                                 0x1f (size before relaxing)
 .comment       0x0000001e        0x0 ufs_syscalls.o
                                 0x1f (size before relaxing)
 .comment       0x0000001e        0x0 ufs_syscalls2.o
                                 0x1f (size before relaxing)
 .comment       0x0000001e        0x0 vfs_vnops.o
                                 0x1f (size before relaxing)
 .comment       0x0000001e        0x0 vm_sched.o
                                 0x1f (size before relaxing)
 .comment       0x0000001e        0x0 vm_swap.o
                                 0x1f (size before relaxing)
 .comment       0x0000001e        0x0 vm_swp.o
                                 0x1f (size before relaxing)
 .comment       0x0000001e        0x0 cons.o
                                 0x1f (size before relaxing)
 .comment       0x0000001e        0x0 mem.o
                                 0x1f (size before relaxing)
 .comment       0x0000001e        0x0 swap.o
                                 0x1f (size before relaxing)
 .comment       0x0000001e        0x0 clock.o
                                 0x1f (size before relaxing)
 .comment       0x0000001e        0x0 conf.o
                                 0x1f (size before relaxing)
 .comment       0x0000001e        0x0 fault.o
                                 0x1f (size before relaxing)
 .comment       0x0000001e        0x0 machdep.o
                                 0x1f (size before relaxing)
 .comment       0x0000001e        0x0 sig_machdep.o
                                 0x1f (size before relaxing)
 .comment       0x0000001e        0x0 syscall.o
                                 0x1f (size before relaxing)
 .comment       0x0000001e        0x0 sysctl.o
                                 0x1f (size before relaxing)
 .comment       0x0000001e        0x0 systick.o
                                 0x1f (size before relaxing)
 .comment       0x0000001e        0x0 uart.o
                                 0x1f (size before relaxing)
 .comment       0x0000001e        0x0 flash.o
                                 0x1f (size before relaxing)
 .comment       0x0000001e        0x0 error.o
                                 0x1f (size before relaxing)
 .comment       0x0000001e        0x0 journal.o
                                 0x1f (size before relaxing)
 .comment       0x0000001e        0x0 map.o
                                 0x1f (size before relaxing)
 .comment       0x0000001e        0x0 ioconf.o
                                 0x1f (size before relaxing)
 .comment       0x0000001e        0x0 vers.o
                                 0x1f (size before relaxing)
 .comment       0x0000001e        0x0 swapunix.o
                                 0x1f (size before relaxing)

.debug_info     0x00000000    0x4e15a
 .debug_info    0x00000000     0x14c0 exec_aout.o
 .debug_info    0x000014c0      0x8a8 exec_conf.o
 .debug_info    0x00001d68     0x1144 exec_elf.o
 .debug_info    0x00002eac      0xfe1 exec_script.o
 .debug_info    0x00003e8d     0x18f9 exec_subr.o
 .debug_info    0x00005786     0x1b4f init_main.o
 .debug_info    0x000072d5      0x3b8 init_sysent.o
 .debug_info    0x0000768d     0x12a4 kern_clock.o
 .debug_info    0x00008931     0x1618 kern_descrip.o
 .debug_info    0x00009f49     0x16c7 kern_exec.o
 .debug_info    0x0000b610     0x1683 kern_exit.o
 .debug_info    0x0000cc93     0x128b kern_fork.o
 .debug_info    0x0000df1e      0xb59 kern_mman.o
 .debug_info    0x0000ea77      0x8c6 kern_proc.o
 .debug_info    0x0000f33d      0xae5 kern_prot.o
 .debug_info    0x0000fe22      0x97f kern_prot2.o
 .debug_info    0x000107a1     0x11a3 kern_resource.o
 .debug_info    0x00011944     0x19f2 kern_sig.o
 .debug_info    0x00013336     0x11d0 kern_sig2.o
 .debug_info    0x00014506      0x3a6 kern_subr.o
 .debug_info    0x000148ac     0x1838 kern_synch.o
 .debug_info    0x000160e4     0x2b70 kern_sysctl.o
 .debug_info    0x00018c54     0x114c kern_time.o
 .debug_info    0x00019da0     0x170e subr_prf.o
 .debug_info    0x0001b4ae      0x618 subr_rmap.o
 .debug_info    0x0001bac6     0x1e7e sys_generic.o
 .debug_info    0x0001d944     0x23cd sys_inode.o
 .debug_info    0x0001fd11     0x15ca sys_pipe.o
 .debug_info    0x000212db     0x10b8 sys_process.o
 .debug_info    0x00022393       0x69 syscalls.o
 .debug_info    0x000223fc     0x3b51 tty.o
 .debug_info    0x00025f4d      0xb6f tty_subr.o
 .debug_info    0x00026abc      0xeb9 tty_tty.o
 .debug_info    0x00027975     0x16e5 ufs_alloc.o
 .debug_info    0x0002905a     0x1943 ufs_bio.o
 .debug_info    0x0002a99d      0xdb2 ufs_bmap.o
 .debug_info    0x0002b74f      0x2e1 ufs_dsort.o
 .debug_info    0x0002ba30      0xe19 ufs_fio.o
 .debug_info    0x0002c849     0x1c9d ufs_inode.o
 .debug_info    0x0002e4e6     0x18bc ufs_mount.o
 .debug_info    0x0002fda2     0x23af ufs_namei.o
 .debug_info    0x00032151      0xf9a ufs_subr.o
 .debug_info    0x000330eb     0x31fa ufs_syscalls.o
 .debug_info    0x000362e5     0x1a77 ufs_syscalls2.o
 .debug_info    0x00037d5c      0xdfa vfs_vnops.o
 .debug_info    0x00038b56      0xb3f vm_sched.o
 .debug_info    0x00039695     0x13b9 vm_swap.o
 .debug_info    0x0003aa4e     0x134d vm_swp.o
 .debug_info    0x0003bd9b      0x99b cons.o
 .debug_info    0x0003c736      0x815 mem.o
 .debug_info    0x0003cf4b      0xb6c swap.o
 .debug_info    0x0003dab7       0x7b clock.o
 .debug_info    0x0003db32     0x1471 conf.o
 .debug_info    0x0003efa3      0xff8 fault.o
 .debug_info    0x0003ff9b     0x235d machdep.o
 .debug_info    0x000422f8      0xb6f sig_machdep.o
 .debug_info    0x00042e67      0xf4a syscall.o
 .debug_info    0x00043db1     0x1d60 sysctl.o
 .debug_info    0x00045b11      0x483 systick.o
 .debug_info    0x00045f94     0x1ca1 uart.o
 .debug_info    0x00047c35     0x1a3e flash.o
 .debug_info    0x00049673      0x135 error.o
 .debug_info    0x000497a8     0x2585 journal.o
 .debug_info    0x0004bd2d     0x1fd5 map.o
 .debug_info    0x0004dd02      0x245 ioconf.o
 .debug_info    0x0004df47       0xcb vers.o
 .debug_info    0x0004e012       0x3d /usr/lib/gcc/arm-none-eabi/16.2.0/thumb/v6-m/nofp/libgcc.a(_udivsi3.o)
 .debug_info    0x0004e04f       0x3e /usr/lib/gcc/arm-none-eabi/16.2.0/thumb/v6-m/nofp/libgcc.a(_divsi3.o)
 .debug_info    0x0004e08d       0x3c /usr/lib/gcc/arm-none-eabi/16.2.0/thumb/v6-m/nofp/libgcc.a(_dvmd_tls.o)
 .debug_info    0x0004e0c9       0x91 swapunix.o

.debug_abbrev   0x00000000     0xc5f8
 .debug_abbrev  0x00000000      0x28d exec_aout.o
 .debug_abbrev  0x0000028d      0x1cf exec_conf.o
 .debug_abbrev  0x0000045c      0x276 exec_elf.o
 .debug_abbrev  0x000006d2      0x239 exec_script.o
 .debug_abbrev  0x0000090b      0x387 exec_subr.o
 .debug_abbrev  0x00000c92      0x342 init_main.o
 .debug_abbrev  0x00000fd4      0x105 init_sysent.o
 .debug_abbrev  0x000010d9      0x45a kern_clock.o
 .debug_abbrev  0x00001533      0x448 kern_descrip.o
 .debug_abbrev  0x0000197b      0x309 kern_exec.o
 .debug_abbrev  0x00001c84      0x38c kern_exit.o
 .debug_abbrev  0x00002010      0x2a7 kern_fork.o
 .debug_abbrev  0x000022b7      0x1af kern_mman.o
 .debug_abbrev  0x00002466      0x1d4 kern_proc.o
 .debug_abbrev  0x0000263a      0x22f kern_prot.o
 .debug_abbrev  0x00002869      0x1cb kern_prot2.o
 .debug_abbrev  0x00002a34      0x2b7 kern_resource.o
 .debug_abbrev  0x00002ceb      0x4e5 kern_sig.o
 .debug_abbrev  0x000031d0      0x405 kern_sig2.o
 .debug_abbrev  0x000035d5      0x184 kern_subr.o
 .debug_abbrev  0x00003759      0x432 kern_synch.o
 .debug_abbrev  0x00003b8b      0x404 kern_sysctl.o
 .debug_abbrev  0x00003f8f      0x399 kern_time.o
 .debug_abbrev  0x00004328      0x445 subr_prf.o
 .debug_abbrev  0x0000476d      0x1cf subr_rmap.o
 .debug_abbrev  0x0000493c      0x55a sys_generic.o
 .debug_abbrev  0x00004e96      0x464 sys_inode.o
 .debug_abbrev  0x000052fa      0x300 sys_pipe.o
 .debug_abbrev  0x000055fa      0x21d sys_process.o
 .debug_abbrev  0x00005817       0x56 syscalls.o
 .debug_abbrev  0x0000586d      0x586 tty.o
 .debug_abbrev  0x00005df3      0x30c tty_subr.o
 .debug_abbrev  0x000060ff      0x204 tty_tty.o
 .debug_abbrev  0x00006303      0x2fc ufs_alloc.o
 .debug_abbrev  0x000065ff      0x452 ufs_bio.o
 .debug_abbrev  0x00006a51      0x237 ufs_bmap.o
 .debug_abbrev  0x00006c88      0x102 ufs_dsort.o
 .debug_abbrev  0x00006d8a      0x284 ufs_fio.o
 .debug_abbrev  0x0000700e      0x481 ufs_inode.o
 .debug_abbrev  0x0000748f      0x428 ufs_mount.o
 .debug_abbrev  0x000078b7      0x496 ufs_namei.o
 .debug_abbrev  0x00007d4d      0x32b ufs_subr.o
 .debug_abbrev  0x00008078      0x4c6 ufs_syscalls.o
 .debug_abbrev  0x0000853e      0x396 ufs_syscalls2.o
 .debug_abbrev  0x000088d4      0x257 vfs_vnops.o
 .debug_abbrev  0x00008b2b      0x270 vm_sched.o
 .debug_abbrev  0x00008d9b      0x351 vm_swap.o
 .debug_abbrev  0x000090ec      0x371 vm_swp.o
 .debug_abbrev  0x0000945d      0x24d cons.o
 .debug_abbrev  0x000096aa      0x1fb mem.o
 .debug_abbrev  0x000098a5      0x249 swap.o
 .debug_abbrev  0x00009aee       0x58 clock.o
 .debug_abbrev  0x00009b46      0x28e conf.o
 .debug_abbrev  0x00009dd4      0x28a fault.o
 .debug_abbrev  0x0000a05e      0x5e2 machdep.o
 .debug_abbrev  0x0000a640      0x210 sig_machdep.o
 .debug_abbrev  0x0000a850      0x326 syscall.o
 .debug_abbrev  0x0000ab76      0x41e sysctl.o
 .debug_abbrev  0x0000af94      0x14c systick.o
 .debug_abbrev  0x0000b0e0      0x4af uart.o
 .debug_abbrev  0x0000b58f      0x519 flash.o
 .debug_abbrev  0x0000baa8       0xd3 error.o
 .debug_abbrev  0x0000bb7b      0x46f journal.o
 .debug_abbrev  0x0000bfea      0x446 map.o
 .debug_abbrev  0x0000c430       0xb3 ioconf.o
 .debug_abbrev  0x0000c4e3       0x4f vers.o
 .debug_abbrev  0x0000c532       0x28 /usr/lib/gcc/arm-none-eabi/16.2.0/thumb/v6-m/nofp/libgcc.a(_udivsi3.o)
 .debug_abbrev  0x0000c55a       0x28 /usr/lib/gcc/arm-none-eabi/16.2.0/thumb/v6-m/nofp/libgcc.a(_divsi3.o)
 .debug_abbrev  0x0000c582       0x26 /usr/lib/gcc/arm-none-eabi/16.2.0/thumb/v6-m/nofp/libgcc.a(_dvmd_tls.o)
 .debug_abbrev  0x0000c5a8       0x50 swapunix.o

.debug_loclists
                0x00000000    0x1620e
 .debug_loclists
                0x00000000       0x92 exec_aout.o
 .debug_loclists
                0x00000092       0xdb exec_elf.o
 .debug_loclists
                0x0000016d      0x135 exec_script.o
 .debug_loclists
                0x000002a2      0x49b exec_subr.o
 .debug_loclists
                0x0000073d       0xc5 init_main.o
 .debug_loclists
                0x00000802      0x46f kern_clock.o
 .debug_loclists
                0x00000c71      0x51d kern_descrip.o
 .debug_loclists
                0x0000118e       0xaa kern_exec.o
 .debug_loclists
                0x00001238      0x232 kern_exit.o
 .debug_loclists
                0x0000146a      0x1f5 kern_fork.o
 .debug_loclists
                0x0000165f       0x1b kern_mman.o
 .debug_loclists
                0x0000167a       0x60 kern_proc.o
 .debug_loclists
                0x000016da       0xcc kern_prot.o
 .debug_loclists
[...]
 .debug_aranges
                0x00000350       0x20 sys_pipe.o
 .debug_aranges
                0x00000370       0x20 sys_process.o
 .debug_aranges
                0x00000390       0x18 syscalls.o
 .debug_aranges
                0x000003a8       0x20 tty.o
 .debug_aranges
                0x000003c8       0x20 tty_subr.o
 .debug_aranges
                0x000003e8       0x20 tty_tty.o
 .debug_aranges
                0x00000408       0x20 ufs_alloc.o
 .debug_aranges
                0x00000428       0x20 ufs_bio.o
 .debug_aranges
                0x00000448       0x20 ufs_bmap.o
 .debug_aranges
                0x00000468       0x20 ufs_dsort.o
 .debug_aranges
                0x00000488       0x20 ufs_fio.o
 .debug_aranges
                0x000004a8       0x20 ufs_inode.o
 .debug_aranges
                0x000004c8       0x20 ufs_mount.o
 .debug_aranges
                0x000004e8       0x20 ufs_namei.o
 .debug_aranges
                0x00000508       0x20 ufs_subr.o
 .debug_aranges
                0x00000528       0x20 ufs_syscalls.o
 .debug_aranges
                0x00000548       0x20 ufs_syscalls2.o
 .debug_aranges
                0x00000568       0x20 vfs_vnops.o
 .debug_aranges
                0x00000588       0x20 vm_sched.o
 .debug_aranges
                0x000005a8       0x20 vm_swap.o
 .debug_aranges
                0x000005c8       0x20 vm_swp.o
 .debug_aranges
                0x000005e8       0x20 cons.o
 .debug_aranges
                0x00000608       0x20 mem.o
 .debug_aranges
                0x00000628       0x20 swap.o
 .debug_aranges
                0x00000648       0x20 clock.o
 .debug_aranges
                0x00000668       0x20 conf.o
 .debug_aranges
                0x00000688       0x20 fault.o
 .debug_aranges
                0x000006a8       0x28 machdep.o
 .debug_aranges
                0x000006d0       0x20 sig_machdep.o
 .debug_aranges
                0x000006f0       0x20 syscall.o
 .debug_aranges
                0x00000710       0x20 sysctl.o
 .debug_aranges
                0x00000730       0x20 systick.o
 .debug_aranges
                0x00000750       0x20 uart.o
 .debug_aranges
                0x00000770       0x38 flash.o
 .debug_aranges
                0x000007a8       0x20 error.o
 .debug_aranges
                0x000007c8       0x20 journal.o
 .debug_aranges
                0x000007e8       0x20 map.o
 .debug_aranges
                0x00000808       0x18 ioconf.o
 .debug_aranges
                0x00000820       0x18 vers.o
 .debug_aranges
                0x00000838       0x20 /usr/lib/gcc/arm-none-eabi/16.2.0/thumb/v6-m/nofp/libgcc.a(_udivsi3.o)
 .debug_aranges
                0x00000858       0x20 /usr/lib/gcc/arm-none-eabi/16.2.0/thumb/v6-m/nofp/libgcc.a(_divsi3.o)
 .debug_aranges
                0x00000878       0x20 /usr/lib/gcc/arm-none-eabi/16.2.0/thumb/v6-m/nofp/libgcc.a(_dvmd_tls.o)
 .debug_aranges
                0x00000898       0x18 swapunix.o

.debug_line     0x00000000    0x1adff
 .debug_line    0x00000000      0x27d exec_aout.o
 .debug_line    0x0000027d       0x80 exec_conf.o
 .debug_line    0x000002fd      0x314 exec_elf.o
 .debug_line    0x00000611      0x310 exec_script.o
 .debug_line    0x00000921      0x987 exec_subr.o
 .debug_line    0x000012a8      0x4d9 init_main.o
 .debug_line    0x00001781       0x50 init_sysent.o
 .debug_line    0x000017d1      0x792 kern_clock.o
 .debug_line    0x00001f63      0x80f kern_descrip.o
 .debug_line    0x00002772      0x308 kern_exec.o
 .debug_line    0x00002a7a      0x637 kern_exit.o
 .debug_line    0x000030b1      0x5de kern_fork.o
 .debug_line    0x0000368f      0x15a kern_mman.o
 .debug_line    0x000037e9      0x192 kern_proc.o
 .debug_line    0x0000397b      0x326 kern_prot.o
 .debug_line    0x00003ca1      0x1e4 kern_prot2.o
 .debug_line    0x00003e85      0x5d6 kern_resource.o
 .debug_line    0x0000445b      0xb2d kern_sig.o
 .debug_line    0x00004f88      0x6d7 kern_sig2.o
 .debug_line    0x0000565f      0x236 kern_subr.o
 .debug_line    0x00005895      0xa88 kern_synch.o
 .debug_line    0x0000631d      0xe8c kern_sysctl.o
 .debug_line    0x000071a9      0x605 kern_time.o
 .debug_line    0x000077ae      0xdda subr_prf.o
 .debug_line    0x00008588      0x441 subr_rmap.o
 .debug_line    0x000089c9      0xa07 sys_generic.o
 .debug_line    0x000093d0      0xe00 sys_inode.o
 .debug_line    0x0000a1d0      0x692 sys_pipe.o
 .debug_line    0x0000a862      0x30a sys_process.o
 .debug_line    0x0000ab6c       0x3c syscalls.o
 .debug_line    0x0000aba8     0x2269 tty.o
 .debug_line    0x0000ce11      0xa7a tty_subr.o
 .debug_line    0x0000d88b      0x1f1 tty_tty.o
 .debug_line    0x0000da7c      0x62b ufs_alloc.o
 .debug_line    0x0000e0a7      0xbf3 ufs_bio.o
 .debug_line    0x0000ec9a      0x3b2 ufs_bmap.o
 .debug_line    0x0000f04c      0x1c4 ufs_dsort.o
 .debug_line    0x0000f210      0x3f3 ufs_fio.o
 .debug_line    0x0000f603      0xbaa ufs_inode.o
 .debug_line    0x000101ad      0x662 ufs_mount.o
 .debug_line    0x0001080f     0x161f ufs_namei.o
 .debug_line    0x00011e2e      0x3be ufs_subr.o
 .debug_line    0x000121ec     0x15d5 ufs_syscalls.o
 .debug_line    0x000137c1      0x4e5 ufs_syscalls2.o
 .debug_line    0x00013ca6      0x288 vfs_vnops.o
 .debug_line    0x00013f2e      0x5b9 vm_sched.o
 .debug_line    0x000144e7      0x3ac vm_swap.o
 .debug_line    0x00014893      0x500 vm_swp.o
 .debug_line    0x00014d93      0x174 cons.o
 .debug_line    0x00014f07      0x1e7 mem.o
 .debug_line    0x000150ee      0x46d swap.o
 .debug_line    0x0001555b       0x83 clock.o
 .debug_line    0x000155de      0x1ad conf.o
 .debug_line    0x0001578b      0x243 fault.o
 .debug_line    0x000159ce      0xdeb machdep.o
 .debug_line    0x000167b9      0x3b6 sig_machdep.o
 .debug_line    0x00016b6f      0x35e syscall.o
 .debug_line    0x00016ecd      0x38f sysctl.o
 .debug_line    0x0001725c       0xb4 systick.o
 .debug_line    0x00017310      0x92c uart.o
 .debug_line    0x00017c3c      0xa6b flash.o
 .debug_line    0x000186a7       0x89 error.o
 .debug_line    0x00018730     0x15c1 journal.o
 .debug_line    0x00019cf1      0xf56 map.o
 .debug_line    0x0001ac47       0x3b ioconf.o
 .debug_line    0x0001ac82       0x27 vers.o
 .debug_line    0x0001aca9       0x61 /usr/lib/gcc/arm-none-eabi/16.2.0/thumb/v6-m/nofp/libgcc.a(_udivsi3.o)
 .debug_line    0x0001ad0a       0x6f /usr/lib/gcc/arm-none-eabi/16.2.0/thumb/v6-m/nofp/libgcc.a(_divsi3.o)
 .debug_line    0x0001ad79       0x4a /usr/lib/gcc/arm-none-eabi/16.2.0/thumb/v6-m/nofp/libgcc.a(_dvmd_tls.o)
 .debug_line    0x0001adc3       0x3c swapunix.o

.debug_str      0x00000000     0x4137
 .debug_str     0x00000000     0x4137 exec_aout.o
                                0xb04 (size before relaxing)
 .debug_str     0x00004137        0x0 exec_conf.o
                                0x4df (size before relaxing)
 .debug_str     0x00004137        0x0 exec_elf.o
                                0x912 (size before relaxing)
 .debug_str     0x00004137        0x0 exec_script.o
                                0x868 (size before relaxing)
 .debug_str     0x00004137        0x0 exec_subr.o
                                0xba0 (size before relaxing)
 .debug_str     0x00004137        0x0 init_main.o
                                0xc28 (size before relaxing)
 .debug_str     0x00004137        0x0 init_sysent.o
                                0x46c (size before relaxing)
 .debug_str     0x00004137        0x0 kern_clock.o
                                0x798 (size before relaxing)
 .debug_str     0x00004137        0x0 kern_descrip.o
                                0x892 (size before relaxing)
 .debug_str     0x00004137        0x0 kern_exec.o
                                0xb7b (size before relaxing)
 .debug_str     0x00004137        0x0 kern_exit.o
                                0x9bb (size before relaxing)
 .debug_str     0x00004137        0x0 kern_fork.o
                                0x91a (size before relaxing)
 .debug_str     0x00004137        0x0 kern_mman.o
                                0x699 (size before relaxing)
 .debug_str     0x00004137        0x0 kern_proc.o
                                0x585 (size before relaxing)
 .debug_str     0x00004137        0x0 kern_prot.o
                                0x61e (size before relaxing)
 .debug_str     0x00004137        0x0 kern_prot2.o
                                0x59e (size before relaxing)
 .debug_str     0x00004137        0x0 kern_resource.o
                                0x80a (size before relaxing)
 .debug_str     0x00004137        0x0 kern_sig.o
                                0x9ae (size before relaxing)
 .debug_str     0x00004137        0x0 kern_sig2.o
                                0x77f (size before relaxing)
 .debug_str     0x00004137        0x0 kern_subr.o
                                0x229 (size before relaxing)
 .debug_str     0x00004137        0x0 kern_synch.o
                                0x876 (size before relaxing)
 .debug_str     0x00004137        0x0 kern_sysctl.o
                                0xde3 (size before relaxing)
 .debug_str     0x00004137        0x0 kern_time.o
                                0x6fe (size before relaxing)
 .debug_str     0x00004137        0x0 subr_prf.o
                                0x7ba (size before relaxing)
 .debug_str     0x00004137        0x0 subr_rmap.o
                                0x32e (size before relaxing)
 .debug_str     0x00004137        0x0 sys_generic.o
                                0xa73 (size before relaxing)
 .debug_str     0x00004137        0x0 sys_inode.o
                                0xda2 (size before relaxing)
 .debug_str     0x00004137        0x0 sys_pipe.o
                                0x994 (size before relaxing)
 .debug_str     0x00004137        0x0 sys_process.o
                                0x885 (size before relaxing)
 .debug_str     0x00004137        0x0 syscalls.o
                                0x125 (size before relaxing)
 .debug_str     0x00004137        0x0 tty.o
                                0xd29 (size before relaxing)
 .debug_str     0x00004137        0x0 tty_subr.o
                                0x267 (size before relaxing)
 .debug_str     0x00004137        0x0 tty_tty.o
                                0x796 (size before relaxing)
 .debug_str     0x00004137        0x0 ufs_alloc.o
                                0x9a7 (size before relaxing)
 .debug_str     0x00004137        0x0 ufs_bio.o
                                0x780 (size before relaxing)
 .debug_str     0x00004137        0x0 ufs_bmap.o
                                0x71a (size before relaxing)
 .debug_str     0x00004137        0x0 ufs_dsort.o
                                0x248 (size before relaxing)
 .debug_str     0x00004137        0x0 ufs_fio.o
                                0x7b4 (size before relaxing)
 .debug_str     0x00004137        0x0 ufs_inode.o
                                0xa6d (size before relaxing)
 .debug_str     0x00004137        0x0 ufs_mount.o
                                0xa70 (size before relaxing)
 .debug_str     0x00004137        0x0 ufs_namei.o
                                0xc48 (size before relaxing)
 .debug_str     0x00004137        0x0 ufs_subr.o
                                0x72a (size before relaxing)
 .debug_str     0x00004137        0x0 ufs_syscalls.o
                                0xd0b (size before relaxing)
 .debug_str     0x00004137        0x0 ufs_syscalls2.o
                                0xb86 (size before relaxing)
 .debug_str     0x00004137        0x0 vfs_vnops.o
                                0x746 (size before relaxing)
 .debug_str     0x00004137        0x0 vm_sched.o
                                0x59f (size before relaxing)
 .debug_str     0x00004137        0x0 vm_swap.o
                                0x905 (size before relaxing)
 .debug_str     0x00004137        0x0 vm_swp.o
                                0x888 (size before relaxing)
 .debug_str     0x00004137        0x0 cons.o
                                0x3d8 (size before relaxing)
 .debug_str     0x00004137        0x0 mem.o
                                0x4ee (size before relaxing)
 .debug_str     0x00004137        0x0 swap.o
                                0x3d5 (size before relaxing)
 .debug_str     0x00004137        0x0 clock.o
                                0x16e (size before relaxing)
 .debug_str     0x00004137        0x0 conf.o
                                0x8ef (size before relaxing)
 .debug_str     0x00004137        0x0 fault.o
                                0x804 (size before relaxing)
 .debug_str     0x00004137        0x0 machdep.o
                                0xc64 (size before relaxing)
 .debug_str     0x00004137        0x0 sig_machdep.o
                                0x6d9 (size before relaxing)
 .debug_str     0x00004137        0x0 syscall.o
                                0x7ef (size before relaxing)
 .debug_str     0x00004137        0x0 sysctl.o
                                0xd5b (size before relaxing)
 .debug_str     0x00004137        0x0 systick.o
                                0x3c1 (size before relaxing)
 .debug_str     0x00004137        0x0 uart.o
                                0x91c (size before relaxing)
 .debug_str     0x00004137        0x0 flash.o
                                0x795 (size before relaxing)
 .debug_str     0x00004137        0x0 error.o
                                0x23e (size before relaxing)
 .debug_str     0x00004137        0x0 journal.o
                                0x79e (size before relaxing)
 .debug_str     0x00004137        0x0 map.o
                                0x6d4 (size before relaxing)
 .debug_str     0x00004137        0x0 ioconf.o
                                0x250 (size before relaxing)
 .debug_str     0x00004137        0x0 vers.o
                                0x126 (size before relaxing)
 .debug_str     0x00004137        0x0 /usr/lib/gcc/arm-none-eabi/16.2.0/thumb/v6-m/nofp/libgcc.a(_udivsi3.o)
                                 0x9b (size before relaxing)
 .debug_str     0x00004137        0x0 /usr/lib/gcc/arm-none-eabi/16.2.0/thumb/v6-m/nofp/libgcc.a(_divsi3.o)
                                 0x99 (size before relaxing)
 .debug_str     0x00004137        0x0 /usr/lib/gcc/arm-none-eabi/16.2.0/thumb/v6-m/nofp/libgcc.a(_dvmd_tls.o)
                                 0x9c (size before relaxing)
 .debug_str     0x00004137        0x0 swapunix.o
                                0x161 (size before relaxing)

.debug_frame    0x00000000     0x3860
 .debug_frame   0x00000000       0x30 exec_aout.o
 .debug_frame   0x00000030       0x38 exec_elf.o
 .debug_frame   0x00000068       0x30 exec_script.o
 .debug_frame   0x00000098       0xe8 exec_subr.o
 .debug_frame   0x00000180       0x38 init_main.o
 .debug_frame   0x000001b8       0xd8 kern_clock.o
 .debug_frame   0x00000290      0x1bc kern_descrip.o
 .debug_frame   0x0000044c       0x64 kern_exec.o
 .debug_frame   0x000004b0       0xb0 kern_exit.o
 .debug_frame   0x00000560       0x88 kern_fork.o
 .debug_frame   0x000005e8       0x2c kern_mman.o
 .debug_frame   0x00000614       0x40 kern_proc.o
 .debug_frame   0x00000654       0xe8 kern_prot.o
 .debug_frame   0x0000073c       0x70 kern_prot2.o
 .debug_frame   0x000007ac       0xf4 kern_resource.o
 .debug_frame   0x000008a0      0x198 kern_sig.o
 .debug_frame   0x00000a38       0xf8 kern_sig2.o
 .debug_frame   0x00000b30       0x84 kern_subr.o
 .debug_frame   0x00000bb4      0x154 kern_synch.o
 .debug_frame   0x00000d08      0x248 kern_sysctl.o
 .debug_frame   0x00000f50       0xd0 kern_time.o
 .debug_frame   0x00001020      0x11c subr_prf.o
 .debug_frame   0x0000113c       0x74 subr_rmap.o
 .debug_frame   0x000011b0      0x1c0 sys_generic.o
 .debug_frame   0x00001370      0x164 sys_inode.o
 .debug_frame   0x000014d4       0xd8 sys_pipe.o
 .debug_frame   0x000015ac       0x44 sys_process.o
 .debug_frame   0x000015f0      0x344 tty.o
 .debug_frame   0x00001934      0x12c tty_subr.o
 .debug_frame   0x00001a60       0x94 tty_tty.o
 .debug_frame   0x00001af4       0xb8 ufs_alloc.o
 .debug_frame   0x00001bac      0x1b4 ufs_bio.o
 .debug_frame   0x00001d60       0x3c ufs_bmap.o
 .debug_frame   0x00001d9c       0x48 ufs_dsort.o
 .debug_frame   0x00001de4       0x6c ufs_fio.o
 .debug_frame   0x00001e50      0x17c ufs_inode.o
 .debug_frame   0x00001fcc       0xc4 ufs_mount.o
 .debug_frame   0x00002090      0x158 ufs_namei.o
 .debug_frame   0x000021e8       0x84 ufs_subr.o
 .debug_frame   0x0000226c      0x374 ufs_syscalls.o
 .debug_frame   0x000025e0      0x10c ufs_syscalls2.o
 .debug_frame   0x000026ec       0x68 vfs_vnops.o
 .debug_frame   0x00002754       0x8c vm_sched.o
 .debug_frame   0x000027e0       0x64 vm_swap.o
 .debug_frame   0x00002844       0x7c vm_swp.o
 .debug_frame   0x000028c0       0xd4 cons.o
 .debug_frame   0x00002994       0x40 mem.o
 .debug_frame   0x000029d4      0x110 swap.o
 .debug_frame   0x00002ae4       0x20 clock.o
 .debug_frame   0x00002b04       0xc0 conf.o
 .debug_frame   0x00002bc4       0x48 fault.o
 .debug_frame   0x00002c0c      0x244 machdep.o
 .debug_frame   0x00002e50       0x54 sig_machdep.o
 .debug_frame   0x00002ea4       0x4c syscall.o
 .debug_frame   0x00002ef0       0x8c sysctl.o
 .debug_frame   0x00002f7c       0x38 systick.o
 .debug_frame   0x00002fb4      0x194 uart.o
 .debug_frame   0x00003148      0x1fc flash.o
 .debug_frame   0x00003344       0x20 error.o
 .debug_frame   0x00003364      0x234 journal.o
 .debug_frame   0x00003598      0x288 map.o
 .debug_frame   0x00003820       0x20 /usr/lib/gcc/arm-none-eabi/16.2.0/thumb/v6-m/nofp/libgcc.a(_udivsi3.o)
 .debug_frame   0x00003840       0x20 /usr/lib/gcc/arm-none-eabi/16.2.0/thumb/v6-m/nofp/libgcc.a(_divsi3.o)

.debug_rnglists
                0x00000000      0x63a
 .debug_rnglists
                0x00000000       0x2e kern_clock.o
 .debug_rnglists
                0x0000002e       0x17 kern_descrip.o
 .debug_rnglists
                0x00000045       0x37 kern_exit.o
 .debug_rnglists
                0x0000007c       0x1a kern_fork.o
 .debug_rnglists
                0x00000096       0x17 kern_sig.o
 .debug_rnglists
                0x000000ad       0x17 kern_sig2.o
 .debug_rnglists
                0x000000c4       0x22 kern_time.o
 .debug_rnglists
                0x000000e6       0x64 subr_prf.o
 .debug_rnglists
                0x0000014a       0x17 sys_generic.o
 .debug_rnglists
                0x00000161       0x58 tty.o
 .debug_rnglists
                0x000001b9       0x17 tty_subr.o
 .debug_rnglists
                0x000001d0       0x17 ufs_alloc.o
 .debug_rnglists
                0x000001e7       0x48 ufs_inode.o
 .debug_rnglists
                0x0000022f       0x17 ufs_mount.o
 .debug_rnglists
                0x00000246       0x48 ufs_namei.o
 .debug_rnglists
                0x0000028e       0x27 ufs_syscalls.o
 .debug_rnglists
                0x000002b5       0x17 ufs_syscalls2.o
 .debug_rnglists
                0x000002cc       0x20 vm_swap.o
 .debug_rnglists
                0x000002ec       0x29 machdep.o
 .debug_rnglists
                0x00000315       0x22 syscall.o
 .debug_rnglists
                0x00000337       0x5d uart.o
 .debug_rnglists
                0x00000394       0x3f flash.o
 .debug_rnglists
                0x000003d3      0x1b9 journal.o
 .debug_rnglists
                0x0000058c       0xae map.o

.debug_line_str
                0x00000000       0x74
 .debug_line_str
                0x00000000       0x74 /usr/lib/gcc/arm-none-eabi/16.2.0/thumb/v6-m/nofp/libgcc.a(_udivsi3.o)
 .debug_line_str
                0x00000074        0x0 /usr/lib/gcc/arm-none-eabi/16.2.0/thumb/v6-m/nofp/libgcc.a(_divsi3.o)
                                 0x74 (size before relaxing)
 .debug_line_str
                0x00000074        0x0 /usr/lib/gcc/arm-none-eabi/16.2.0/thumb/v6-m/nofp/libgcc.a(_dvmd_tls.o)
                                 0x74 (size before relaxing)
