Archive member included to satisfy reference by file (symbol)

/usr/lib/gcc/arm-none-eabi/16.2.0/thumb/v6-m/nofp/libgcc.a(_udivsi3.o)
                              subr_prf.o (__aeabi_uidiv)
/usr/lib/gcc/arm-none-eabi/16.2.0/thumb/v6-m/nofp/libgcc.a(_divsi3.o)
                              exec_subr.o (__aeabi_idiv)
/usr/lib/gcc/arm-none-eabi/16.2.0/thumb/v6-m/nofp/libgcc.a(_dvmd_tls.o)
                              /usr/lib/gcc/arm-none-eabi/16.2.0/thumb/v6-m/nofp/libgcc.a(_udivsi3.o) (__aeabi_idiv0)

Merging object attributes


Allocating common symbols
Common symbol       size              file

swapent             0xc8              machdep.o
dk_unit             0x10              kern_clock.o
exec_maxhdrsz       0x4               exec_conf.o
dk_name             0x10              kern_clock.o
proc                0x8fc             machdep.o
avenrun             0x6               exec_elf.o
nchash              0x80              ufs_namei.o
rate                0x14              init_main.o
cnttys              0x78              cons.o
hostnamelen         0x4               exec_elf.o
callout             0x120             machdep.o
selwait             0x4               sys_generic.o
nextinodeid         0x4               exec_aout.o
ifreeh              0x4               ufs_inode.o
cfreecount          0x4               init_main.o
cwaiting            0x1               tty_subr.o
boothowto           0x4               init_main.o
usbttys             0x78              usb.o
sum                 0x28              init_main.o
cnt                 0x14              init_main.o
nswap               0x4               init_main.o
dk_n                0x4               kern_clock.o
nchtail             0x4               ufs_namei.o
tk_nout             0x4               kern_clock.o
hostname            0x40              exec_elf.o
noproc              0x4               kern_clock.o
cp_time             0x10              kern_clock.o
fault_regs          0x20              fault.o
adjdelta            0x4               exec_elf.o
freeproc            0x4               exec_aout.o
physmem             0x4               init_main.o
runrun              0x4               kern_synch.o
freemem             0x4               init_main.o
nchstats            0x1c              exec_aout.o
bufdata             0x2800            machdep.o
rablock             0x4               sys_inode.o
tk_nin              0x4               kern_clock.o
file                0x240             machdep.o
lbolt               0x4               exec_elf.o
panicstr            0x4               subr_prf.o
slpque              0x40              kern_synch.o
pipedev             0x4               machdep.o
bfreelist           0x84              machdep.o
lastf               0x4               kern_descrip.o
curpri              0x1               kern_synch.o
swapstart           0x4               init_main.o
cpu_model           0x40              machdep.o
avefree             0x2               init_main.o
memlock             0xc               kern_sysctl.o
runout              0x1               vm_sched.o
pidhash             0x40              exec_aout.o
time                0x8               exec_elf.o
mount               0x980             exec_aout.o
calltodo            0x10              kern_clock.o
qs                  0x4               exec_aout.o
avefree30           0x2               init_main.o
cfree               0x400             machdep.o
boottime            0x8               exec_elf.o
buf                 0x1b8             machdep.o
allproc             0x4               exec_aout.o
mpid                0x4               kern_fork.o
nchhead             0x4               ufs_namei.o
hostid              0x4               exec_elf.o
callfree            0x4               kern_clock.o
ihead               0x80              ufs_inode.o
dk_xfer             0x10              kern_clock.o
dk_busy             0x4               kern_clock.o
cfreelist           0x4               init_main.o
rootdir             0x4               exec_aout.o
total               0x2c              init_main.o
ipc                 0x10              sys_process.o
inode               0xa20             machdep.o
zombproc            0x4               exec_aout.o
dk_bytes            0x10              kern_clock.o
ifreet              0x4               ufs_inode.o
namecache           0x548             machdep.o
uartttys            0xf0              uart.o
nselcoll            0x4               sys_generic.o
bufhash             0xc0              machdep.o
runin               0x1               vm_sched.o
forkstat            0x10              init_main.o
updlock             0x4               ufs_subr.o

There are no discarded input sections

Memory Configuration

Name             Origin             Length             Attributes
BOOT2            0x10000000         0x00000100         xr
FLASH            0x10000100         0x0002ff00         xr
FSFLASH          0x10030000         0x001a0000         r
SWAPFLASH        0x101d0000         0x00030000         r
USERRAM          0x20000000         0x00018000         xrw
RAM              0x20018000         0x00026800         rw!x
U0AREA           0x2003e800         0x00000c00         rw!x
UAREA            0x2003f400         0x00000c00         rw!x
*default*        0x00000000         0xffffffff

Linker script and memory map

                0x10000100                        __kernel_flash_start = ORIGIN (FLASH)
                0x10030000                        __kernel_flash_end = (ORIGIN (FLASH) + LENGTH (FLASH))
                0x20018000                        __kernel_data_start = ORIGIN (RAM)
                0x2003e800                        __kernel_data_end = (ORIGIN (RAM) + LENGTH (RAM))
                0x20000000                        __user_data_start = ORIGIN (USERRAM)
                0x20018000                        __user_data_end = (ORIGIN (USERRAM) + LENGTH (USERRAM))
                0x2003e800                        u0 = ORIGIN (U0AREA)
                0x2003f400                        u = ORIGIN (UAREA)
                0x20040000                        u_end = (ORIGIN (UAREA) + LENGTH (UAREA))
                0x20040000                        _estack = (ORIGIN (UAREA) + LENGTH (UAREA))

.boot2          0x10000000      0x100
 *(.boot2)
 .boot2         0x10000000      0x100 boot2.o

.text           0x10000100    0x15e04
 *(.isr_vector)
 .isr_vector    0x10000100       0xc0 locore0.o
                0x10000100                g_pfnVectors
                0x100001c0                        . = ALIGN (0x8)
 *(.text*)
 .text          0x100001c0        0x0 boot2.o
 .text          0x100001c0       0x20 locore0.o
 .text.Reset_Handler
                0x100001e0       0x8c locore0.o
                0x100001e0                Reset_Handler
 .text.Default_Handler
                0x1000026c        0x2 locore0.o
                0x1000026c                TIMER_IRQ_1_Handler
                0x1000026c                SPARE_IRQ_0_Handler
                0x1000026c                TIMER_IRQ_3_Handler
                0x1000026c                IO_IRQ_BANK0_Handler
                0x1000026c                NMI_Handler
                0x1000026c                PIO0_IRQ_0_Handler
                0x1000026c                SPI1_IRQ_Handler
                0x1000026c                PIO1_IRQ_1_Handler
                0x1000026c                DMA_IRQ_1_Handler
                0x1000026c                SPARE_IRQ_3_Handler
                0x1000026c                I2C1_IRQ_Handler
                0x1000026c                SPI0_IRQ_Handler
                0x1000026c                PIO0_IRQ_1_Handler
                0x1000026c                I2C0_IRQ_Handler
                0x1000026c                SPARE_IRQ_5_Handler
                0x1000026c                SIO_IRQ_PROC1_Handler
                0x1000026c                TIMER_IRQ_0_Handler
                0x1000026c                Default_Handler
                0x1000026c                DMA_IRQ_0_Handler
                0x1000026c                RTC_IRQ_Handler
                0x1000026c                TIMER_IRQ_2_Handler
                0x1000026c                CLOCKS_IRQ_Handler
                0x1000026c                PIO1_IRQ_0_Handler
                0x1000026c                ADC_IRQ_FIFO_Handler
                0x1000026c                SPARE_IRQ_1_Handler
                0x1000026c                IO_IRQ_QSPI_Handler
                0x1000026c                SPARE_IRQ_2_Handler
                0x1000026c                SIO_IRQ_PROC0_Handler
                0x1000026c                SPARE_IRQ_4_Handler
                0x1000026c                XIP_IRQ_Handler
                0x1000026c                PWM_IRQ_WRAP_Handler
 *fill*         0x1000026e        0x2 
 .text          0x10000270      0xca0 locore.o
                0x10000270                setjmp
                0x10000288                longjmp
                0x10000288                resume
                0x10000ed8                icode
                0x10000ef7                initflags
                0x10000f10                icodeend
 .text          0x10000f10      0x10c exec_aout.o
                0x10000f10                exec_aout_check
 .text          0x1000101c        0x0 exec_conf.o
 .text          0x1000101c      0x214 exec_elf.o
                0x1000101c                exec_elf_check
 .text          0x10001230      0x11c exec_script.o
                0x10001230                exec_script_check
 .text          0x1000134c      0x5fc exec_subr.o
                0x1000134c                exec_setupstack
                0x100014a4                exec_alloc
                0x10001542                exec_alloc_freeall
                0x10001568                exec_estab
                0x10001628                exec_save_args
                0x100017f4                exec_clear
 .text          0x10001948      0x378 init_main.o
                0x10001948                main
 .text          0x10001cc0        0x0 init_sysent.o
 .text          0x10001cc0      0x47c kern_clock.o
                0x10001cc0                gatherstats
                0x10001cfc                softclock
                0x10001dbc                hardclock
                0x10001f6c                timeout
                0x10002008                untimeout
                0x1000206c                profil
                0x1000209c                hzto
                0x1000211c                coutinit
 .text          0x1000213c      0x628 kern_descrip.o
                0x100021c4                getdtablesize
                0x100021d4                fioctl
                0x100021e8                fset
                0x10002218                fgetown
                0x10002230                fsetown
                0x10002268                falloc
                0x10002300                getf
                0x10002324                fcntl
                0x10002448                fstat
                0x100024ac                closef
                0x100024f0                dup2
                0x10002568                dup
                0x100025cc                close
                0x1000264c                flock
                0x100026c0                fdopen
                0x100026d4                dupfdopen
 .text          0x10002764      0x164 kern_exec.o
                0x10002764                exec_check
                0x10002810                execve
                0x100028b4                execv
 .text          0x100028c8      0x460 kern_exit.o
                0x100028c8                endvfork
                0x10002924                exit
                0x10002b14                rexit
                0x10002b28                wait4
                0x10002d04                reboot
 .text          0x10002d28      0x3cc kern_fork.o
                0x10002d28                newproc
                0x100030e0                fork
                0x100030ea                vfork
 .text          0x100030f4       0x68 kern_mman.o
                0x100030f4                brk
 .text          0x1000315c       0x90 kern_proc.o
                0x1000315c                inferior
                0x10003180                pfind
                0x100031a4                pqinit
 .text          0x100031ec      0x210 kern_prot.o
                0x100031ec                getpid
                0x10003200                getppid
                0x10003214                getpgrp
                0x10003254                getuid
                0x10003264                geteuid
                0x10003274                getgid
                0x10003284                getegid
                0x10003294                getgroups
                0x10003300                setpgrp
                0x10003364                setgroups
                0x100033d0                groupmember
 .text          0x100033fc       0xdc kern_prot2.o
                0x100033fc                setuid
                0x10003434                seteuid
                0x1000346c                setgid
                0x100034a0                setegid
 .text          0x100034d8      0x420 kern_resource.o
                0x1000353c                getpriority
                0x10003610                setpriority
                0x100036fc                setrlimit
                0x100037a4                getrlimit
                0x10003834                ruadd
                0x1000384a                rucvt
                0x100038b4                getrusage
 .text          0x100038f8      0x870 kern_sig.o
                0x10003950                sigstack
                0x100039d0                stop
                0x100039e6                psignal
                0x10003c28                killpg
                0x10003c50                kill
                0x10003cd0                gsignal
                0x10003d00                issignal
                0x10003e30                postsig
                0x10004034                execsigs
                0x100040a4                nosys
                0x100040d0                userret
 .text          0x10004168      0x4ec kern_sig2.o
                0x10004168                sigaction
                0x1000436c                fatalsig
                0x100043a0                siginit
                0x100043d8                sigprocmask
                0x1000446c                sigpending
                0x10004490                sigsuspend
                0x100044fc                sigaltstack
                0x100045b8                sigwait
 .text          0x10004654      0x144 kern_subr.o
                0x10004654                uiomove
                0x100046c6                ureadc
                0x1000471c                uwritec
                0x10004774                uiofmove
 .text          0x10004798      0x65c kern_synch.o
                0x10004798                unsleep
                0x100047e0                setpri
                0x10004810                updatepri
                0x1000483e                swtch
                0x1000494c                setrq
                0x1000496c                wakeup
                0x10004a58                schedcpu
                0x10004b20                tsleep
                0x10004c9c                sleep
                0x10004ce4                setrun
                0x10004dac                remrq
 .text          0x10004df4      0xad0 kern_sysctl.o
                0x10004df4                __sysctl
                0x10004f50                sysctl_int
                0x10004fb6                sysctl_rdint
                0x10004ff0                sysctl_long
                0x10005056                sysctl_rdlong
                0x10005090                sysctl_string
                0x10005102                sysctl_rdstring
                0x10005142                hw_sysctl
                0x100051f4                sysctl_struct
                0x1000525c                sysctl_rdstruct
                0x10005294                vm_sysctl
                0x10005324                sysctl_file
                0x100053c0                sysctl_clockrate
                0x10005400                sysctl_inode
                0x100054b0                fill_from_u
                0x10005594                fill_eproc
                0x100055b4                sysctl_doproc
                0x10005700                kern_sysctl
 .text          0x100058c4      0x3d4 kern_time.o
                0x100058c4                gettimeofday
                0x10005940                settimeofday
                0x100059fc                adjtime
                0x10005aa8                getitimer
                0x10005b2c                setitimer
                0x10005c0c                itimerfix
                0x10005c54                timevaladd
 .text          0x10005c98      0x9d4 subr_prf.o
                0x10006544                puts
                0x10006564                printf
                0x1000657c                uprintf
                0x100065b4                tprintf
                0x100065f8                log
                0x10006634                panic
 .text          0x1000666c      0x228 subr_rmap.o
                0x1000666c                malloc
                0x100066d4                mfree
                0x100067b4                malloc3
 .text          0x10006894      0x778 sys_generic.o
                0x10006894                sorw
                0x10006898                soctl
                0x1000689c                sosel
                0x100068a0                socls
                0x1000695c                read
                0x10006988                readv
                0x100069d0                write
                0x100069fc                writev
                0x10006a44                ioctl
                0x10006b8c                selscan
                0x10006f58                select
                0x10006f78                pselect
                0x10006f8c                seltrue
                0x10006f90                selwakeup
                0x10006ffc                nostrategy
                0x10006ffe                nonet
 .text          0x1000700c      0xb24 sys_inode.o
                0x1000700c                ino_select
                0x1000703c                ino_ioctl
                0x10007154                rwip
                0x10007578                ino_rw
                0x10007660                rdwri
                0x100076a2                ino_stat
                0x10007728                closei
                0x10007840                ino_unlock
                0x100078bc                ino_lock
                0x100079b6                openi
                0x10007ab8                vhangup
 .text          0x10007b30      0x4b8 sys_pipe.o
                0x10007b30                pipe_select
                0x10007bec                pipe_close
                0x10007c60                readp
                0x10007d68                writep
                0x10007ec8                pipe_rw
                0x10007edc                pipe
 .text          0x10007fe8      0x1a8 sys_process.o
                0x10007fe8                ptrace
                0x100080c0                procxmt
 .text          0x10008190        0x0 syscalls.o
 .text          0x10008190     0x1890 tty.o
                0x10008206                ttychars
                0x1000821c                ttyowake
                0x10008270                ttstart
                0x100082ec                ttyblock
                0x1000837c                ttrstrt
                0x1000838c                ttyopen
                0x100083e4                nullmodem
                0x100083fc                ttbreakc
                0x10008430                ttyoutput
                0x10008814                ttycheckoutq
                0x100088d0                ttwrite
                0x10008b78                ttwakeup
                0x10008bb8                ttyflush
                0x10008c8c                ttywflush
                0x10008c9e                ttylclose
                0x10008cb4                ttyclose
                0x10008cc6                ttymodem
                0x10008d60                ttyinput
                0x100091e4                ttyselect
                0x10009298                ttread
                0x100094f4                ttioctl
 .text          0x10009a20      0x598 tty_subr.o
                0x10009a20                getc
                0x10009ad0                q_to_b
                0x10009be4                ndqb
                0x10009c34                ndflush
                0x10009d2c                putc
                0x10009dc4                b_to_q
                0x10009ea4                nextc
                0x10009ec4                unputc
                0x10009f58                catq
 .text          0x10009fb8      0x148 tty_tty.o
                0x10009fb8                syopen
                0x10009ff0                syread
                0x1000a028                sywrite
                0x1000a060                syioctl
                0x1000a0c0                syselect
 .text          0x1000a100      0x49c ufs_alloc.o
                0x1000a100                free
                0x1000a1cc                ifree
                0x1000a220                fserr
                0x1000a238                balloc
                0x1000a3c4                ialloc
 .text          0x1000a59c      0x6c8 ufs_bio.o
                0x1000a59c                brelse
                0x1000a644                incore
                0x1000a690                biodone
                0x1000a6cc                geterror
                0x1000a6e6                biowait
                0x1000a730                bwrite
                0x1000a7a8                bdwrite
                0x1000a7f8                getnewbuf
                0x1000a8c4                getblk
                0x1000a988                geteblk
                0x1000a9c8                blkflush
                0x1000aa80                bflush
                0x1000ab00                bread
                0x1000ab54                breada
                0x1000ac2c                binval
 .text          0x1000ac64      0x1e0 ufs_bmap.o
                0x1000ac64                bmap
 .text          0x1000ae44       0xcc ufs_dsort.o
                0x1000ae44                disksort
                0x1000aec2                dk_alloc
 .text          0x1000af10      0x28c ufs_fio.o
                0x1000af10                access
                0x1000afb8                suser
                0x1000afd8                ufs_setattr
                0x1000b158                ufs_mountedon
 .text          0x1000b19c      0x878 ufs_inode.o
                0x1000b19c                ihinit
                0x1000b200                ifind
                0x1000b234                igrab
                0x1000b28c                iupdat
                0x1000b354                indirtrunc
                0x1000b4bc                itrunc
                0x1000b68c                irele
                0x1000b778                iput
                0x1000b79c                iget
                0x1000b964                iflush
                0x1000b9d0                ilock
                0x1000b9f8                iunlock
 .text          0x1000ba14      0x504 ufs_mount.o
                0x1000ba84                mount_updname
                0x1000bae4                mountfs
                0x1000bd08                smount
                0x1000be28                umount
 .text          0x1000bf18     0x1190 ufs_namei.o
                0x1000bf88                namei
                0x1000cc4c                direnter
                0x1000cdec                dirremove
                0x1000ce4a                dirrewrite
                0x1000ce8c                dirempty
                0x1000cf06                checkpath
                0x1000cfb4                nchinit
                0x1000d008                nchinval
                0x1000d090                cinvalall
 .text          0x1000d0a8      0x218 ufs_subr.o
                0x1000d0a8                sync
                0x1000d124                syncip
                0x1000d208                badblock
                0x1000d238                getfs
 .text          0x1000d2c0     0x1264 ufs_syscalls.o
                0x1000d37e                chdir
                0x1000d38c                chroot
                0x1000d3a4                open
                0x1000d4a4                link
                0x1000d598                unlink
                0x1000d638                saccess
                0x1000d6c4                stat
                0x1000d6ce                lstat
                0x1000d6d8                readlink
                0x1000d740                chflags
                0x1000d778                chmod
                0x1000d7cc                chmod1
                0x1000d840                chown
                0x1000d890                chown1
                0x1000d934                truncate
                0x1000d990                ftruncate
                0x1000d9f8                rename
                0x1000df54                maknode
                0x1000e004                mknod
                0x1000e08c                symlink
                0x1000e124                mkdir
                0x1000e298                rmdir
                0x1000e3bc                getinode
                0x1000e3f4                fchdir
                0x1000e450                fchflags
                0x1000e484                fchmod
                0x1000e4d4                fchown
 .text          0x1000e524      0x380 ufs_syscalls2.o
                0x1000e598                statfs
                0x1000e5d4                fstatfs
                0x1000e600                getfsstat
                0x1000e690                ufs_sync
                0x1000e778                umask
                0x1000e794                lseek
                0x1000e800                fsync
                0x1000e828                utimes
 .text          0x1000e8a4      0x184 vfs_vnops.o
                0x1000e8a4                vn_open
                0x1000e9f8                vn_close
                0x1000ea0c                vn_closefile
 .text          0x1000ea28      0x3a0 vm_sched.o
                0x1000ea28                sched
                0x1000eb5c                vmtotal
                0x1000ed08                vmmeter
 .text          0x1000edc8      0x19c vm_swap.o
                0x1000edc8                swapin
                0x1000ee78                swapout
 .text          0x1000ef64      0x2ac vm_swp.o
                0x1000ef64                swap
                0x1000f034                physio
                0x1000f1e4                rawrw
 .text          0x1000f210      0x108 cons.o
                0x1000f210                cnopen
                0x1000f228                cnclose
                0x1000f240                cnread
                0x1000f258                cnwrite
                0x1000f270                cnselect
                0x1000f288                cnioctl
                0x1000f2a4                cnputc
                0x1000f2f0                cngetc
 .text          0x1000f318       0xf0 mem.o
                0x1000f318                kmemdev
                0x1000f328                mmrw
 .text          0x1000f408      0x3d4 swap.o
                0x1000f408                swopen
                0x1000f440                swclose
                0x1000f478                swsize
                0x1000f4b0                swcopen
                0x1000f4cc                swcclose
                0x1000f4dc                swcread
                0x1000f5bc                swcwrite
                0x1000f6a8                swcioctl
                0x1000f740                swstrategy
 .text          0x1000f7dc       0x24 clock.o
                0x1000f7dc                clkstart
 .text          0x1000f800       0x54 conf.o
                0x1000f800                nullopen
                0x1000f804                nullclose
                0x1000f808                noopen
                0x1000f80c                noclose
                0x1000f810                norw
                0x1000f814                noioctl
                0x1000f818                nullstop
                0x1000f81c                nosize
                0x1000f820                iskmemdev
                0x1000f834                isdisk
                0x1000f84c                chrtoblk
 .text          0x1000f854      0x1f0 fault.o
                0x1000f854                HardFault_Handler
                0x1000f87e                arm_fault
 .text          0x1000fa44      0x754 machdep.o
                0x1000fa7c                SystemInit
                0x1000fa94                startup
                0x1000fc40                config
                0x1000fcf0                idle
                0x1000fd24                mdelay
                0x1000fd44                boot
                0x1000fe78                led_control
                0x1000fe9c                addupc
                0x1000febe                ffs
                0x1000fedc                copystr
                0x1000ff14                strlen
                0x1000ff26                baduaddr
                0x1000ff44                badkaddr
                0x1000ff78                insque
                0x1000ff84                remque
                0x1000ff90                strncmp
                0x1000ffb8                bcopy
                0x10010066                memcpy
                0x10010076                bzero
                0x100100f2                bcmp
                0x10010134                copyout
                0x10010166                copyin
 .text          0x10010198      0x1cc sig_machdep.o
                0x10010198                sendsig
                0x100102b0                sigreturn
 .text          0x10010364      0x220 syscall.o
                0x10010364                SVC_Handler
                0x10010388                PendSV_Handler
                0x100103d0                syscall
 .text          0x10010584      0x18c sysctl.o
                0x10010584                ucall
                0x100105d4                ufetch
                0x100105ec                ustore
                0x10010604                sc_msec
                0x10010614                cpu_sysctl
 .text          0x10010710       0x2c systick.o
                0x10010710                SysTick_Handler
                0x1001072a                systick
 .text          0x1001073c      0x4f0 uart.o
                0x10010764                uartstart
                0x100107de                uartinit
                0x10010904                uartopen
                0x100109c0                uartclose
                0x100109f4                uartread
                0x10010a20                uartwrite
                0x10010a4c                uartselect
                0x10010a74                uartioctl
                0x10010aac                uartintr
                0x10010b40                UART0_IRQ_Handler
                0x10010b4c                UART1_IRQ_Handler
                0x10010b5c                uartputc
                0x10010bf4                uartgetc
 .text          0x10010c2c      0xabc usb.o
                0x10010dcc                usbstart
                0x100113c0                usbintr
                0x100113da                USBCTRL_IRQ_Handler
                0x100113e2                usbinit
                0x100114d0                usbopen
                0x10011574                usbclose
                0x1001158c                usbread
                0x1001159c                usbwrite
                0x100115ac                usbioctl
                0x100115c4                usbselect
                0x100115d4                usbputc
                0x10011648                usbdrain
                0x1001168c                usbgetc
 .text          0x100116e8      0x780 flash.o
                0x100116e8                rom_func_lookup
                0x100118b0                dhara_nand_is_bad
                0x100118b4                dhara_nand_mark_bad
                0x100118b6                dhara_nand_erase
                0x100118d8                dhara_nand_prog
                0x1001190c                dhara_nand_is_free
                0x10011934                dhara_nand_read
                0x1001197c                dhara_nand_copy
                0x100119b4                flopen
                0x10011a08                flclose
                0x10011a68                flsize
                0x10011abc                flstrategy
                0x10011de8                flioctl
 .text          0x10011e68       0x18 error.o
                0x10011e68                dhara_strerror
 .text          0x10011e80      0xa30 journal.o
                0x100122f2                dhara_journal_init
                0x10012328                dhara_journal_resume
                0x10012606                dhara_journal_capacity
                0x1001262e                dhara_journal_size
                0x1001265c                dhara_journal_read_meta
                0x100126c6                dhara_journal_peek
                0x10012738                dhara_journal_dequeue
                0x1001277c                dhara_journal_clear
                0x100127aa                dhara_journal_enqueue
                0x10012818                dhara_journal_copy
                0x10012880                dhara_journal_next_recoverable
 .text          0x100128b0      0x780 map.o
                0x10012c7c                dhara_map_init
                0x10012c94                dhara_map_resume
                0x10012cc4                dhara_map_clear
                0x10012cd8                dhara_map_capacity
                0x10012d04                dhara_map_find
                0x10012d14                dhara_map_read
                0x10012d74                dhara_map_sync
                0x10012de4                dhara_map_gc
                0x10012eea                dhara_map_write
                0x10012f4a                dhara_map_copy_page
                0x10012faa                dhara_map_trim
                0x10012fe8                dhara_map_copy_sector
 .text          0x10013030        0x0 ioconf.o
 .text          0x10013030        0x0 vers.o
 .text          0x10013030       0x8c /usr/lib/gcc/arm-none-eabi/16.2.0/thumb/v6-m/nofp/libgcc.a(_udivsi3.o)
                0x10013030                __udivsi3
                0x10013030                __aeabi_uidiv
                0x100130a8                __aeabi_uidivmod
 .text          0x100130bc       0xa8 /usr/lib/gcc/arm-none-eabi/16.2.0/thumb/v6-m/nofp/libgcc.a(_divsi3.o)
                0x100130bc                __aeabi_idiv
                0x100130bc                __divsi3
                0x10013150                __aeabi_idivmod
 .text          0x10013164        0x4 /usr/lib/gcc/arm-none-eabi/16.2.0/thumb/v6-m/nofp/libgcc.a(_dvmd_tls.o)
                0x10013164                __aeabi_ldiv0
                0x10013164                __aeabi_idiv0
 .text          0x10013168        0x0 swapunix.o
 .text.__stub   0x10013168       0x30 linker stubs
                0x10013198                        . = ALIGN (0x8)
 *(.rodata*)
 .rodata.str1.4
                0x10013198     0x18fc exec_aout.o
                                 0x17 (size before relaxing)
 .rodata.str1.4
                0x10014a94        0x0 exec_conf.o
                                 0x13 (size before relaxing)
 .rodata        0x10014a94       0x18 exec_conf.o
                0x10014a94                execsw
 .rodata.str1.4
                0x10014aac        0x0 exec_elf.o
                                 0x18 (size before relaxing)
 .rodata        0x10014aac        0x9 exec_elf.o
 .rodata.str1.4
                0x10014ab5        0x0 exec_subr.o
                                  0xb (size before relaxing)
 .rodata.str1.4
                0x10014ab5        0x0 init_main.o
                                 0xc7 (size before relaxing)
 *fill*         0x10014ab5        0x3 
 .rodata        0x10014ab8      0x4e4 init_sysent.o
                0x10014ab8                nsysent
                0x10014abc                sysent
 .rodata.str1.4
                0x10014f9c        0x0 kern_clock.o
                                 0x17 (size before relaxing)
 .rodata.str1.4
                0x10014f9c        0x0 kern_descrip.o
                                 0x12 (size before relaxing)
 .rodata        0x10014f9c       0x1c kern_descrip.o
 .rodata.str1.4
                0x10014fb8        0x0 kern_exit.o
                                 0x11 (size before relaxing)
 .rodata.str1.4
                0x10014fb8        0x0 kern_fork.o
                                 0x2e (size before relaxing)
 .rodata.str1.4
                0x10014fb8        0x0 kern_sig.o
                                  0xe (size before relaxing)
 .rodata        0x10014fb8       0x21 kern_sig2.o
                0x10014fb8                sigprop
 .rodata.str1.4
                0x10014fd9        0x0 kern_subr.o
                                 0x10 (size before relaxing)
 .rodata.str1.4
                0x10014fd9        0x0 kern_synch.o
                                 0x16 (size before relaxing)
 *fill*         0x10014fd9        0x3 
 .rodata        0x10014fdc       0xb0 kern_sysctl.o
 .rodata.str1.4
                0x1001508c        0x0 subr_prf.o
                                 0x27 (size before relaxing)
 .rodata        0x1001508c      0x160 subr_prf.o
 .rodata.str1.4
                0x100151ec        0x0 subr_rmap.o
                                 0x49 (size before relaxing)
 .rodata        0x100151ec       0x20 sys_generic.o
                0x100151ec                Fops
                0x100151fc                socketops
 .rodata        0x1001520c       0x10 sys_inode.o
                0x1001520c                inodeops
 .rodata        0x1001521c       0x10 sys_pipe.o
                0x1001521c                pipeops
 .rodata        0x1001522c       0x28 sys_process.o
 .rodata.str1.4
                0x10015254        0x0 syscalls.o
                                0x535 (size before relaxing)
 .rodata        0x10015254      0x270 syscalls.o
                0x10015254                syscallnames
 .rodata.str1.4
                0x100154c4        0x0 tty.o
                                 0x1f (size before relaxing)
 .rodata        0x100154c4      0x214 tty.o
                0x100154f0                ttlowat
                0x10015564                tthiwat
                0x100155d8                partab
 .rodata.str1.4
                0x100156d8        0x0 ufs_alloc.o
                                 0x85 (size before relaxing)
 .rodata.str1.4
                0x100156d8        0x0 ufs_bio.o
                                  0xc (size before relaxing)
 .rodata.str1.4
                0x100156d8        0x0 ufs_inode.o
                                 0x2d (size before relaxing)
 .rodata.str1.4
                0x100156d8        0x0 ufs_namei.o
                                 0xc8 (size before relaxing)
 .rodata.str1.4
                0x100156d8        0x0 ufs_subr.o
                                 0x3e (size before relaxing)
 .rodata.str1.4
                0x100156d8        0x0 ufs_syscalls.o
                                 0x45 (size before relaxing)
 .rodata        0x100156d8       0x18 ufs_syscalls.o
                0x100156d8                mastertemplate
 .rodata.str1.4
                0x100156f0        0x0 ufs_syscalls2.o
                                 0x17 (size before relaxing)
 .rodata.str1.4
                0x100156f0        0x0 vm_swap.o
                                 0x12 (size before relaxing)
 .rodata.str1.4
                0x100156f0        0x0 vm_swp.o
                                  0xf (size before relaxing)
 .rodata.str1.4
                0x100156f0        0x0 mem.o
                                  0x5 (size before relaxing)
 .rodata.str1.4
                0x100156f0        0x0 swap.o
                                0x112 (size before relaxing)
 .rodata        0x100156f0      0x420 conf.o
                0x100156f0                nchrdev
                0x100156f4                cdevsw
                0x10015a64                nblkdev
                0x10015a68                bdevsw
 .rodata.str1.4
                0x10015b10        0x0 fault.o
                                0x1d5 (size before relaxing)
 .rodata.str1.4
                0x10015b10        0x0 machdep.o
                                0x118 (size before relaxing)
 .rodata.str1.4
                0x10015b10        0x0 syscall.o
                                  0xf (size before relaxing)
 .rodata.str1.4
                0x10015b10        0x0 sysctl.o
                                0x913 (size before relaxing)
 .rodata        0x10015b10      0x280 sysctl.o
 .rodata.str1.4
                0x10015d90        0x0 uart.o
                                 0x29 (size before relaxing)
 .rodata        0x10015d90       0x10 uart.o
 .rodata.str1.4
                0x10015da0        0x0 usb.o
                                 0x8e (size before relaxing)
 .rodata        0x10015da0       0xb0 usb.o
 .rodata.str1.4
                0x10015e50        0x0 flash.o
                                 0xb8 (size before relaxing)
 .rodata        0x10015e50        0x8 flash.o
                0x10015e50                flnand
 .rodata.str1.4
                0x10015e58        0x0 error.o
                                 0xbc (size before relaxing)
 .rodata        0x10015e58       0x24 error.o
 .rodata        0x10015e7c       0x88 vers.o
                0x10015e7c                osrelease
                0x10015e80                osversion
                0x10015e88                ostype
                0x10015e94                version

.glue_7         0x10015f04        0x0
 .glue_7        0x10015f04        0x0 linker stubs

.glue_7t        0x10015f04        0x0
 .glue_7t       0x10015f04        0x0 linker stubs

.vfp11_veneer   0x10015f04        0x0
 .vfp11_veneer  0x10015f04        0x0 linker stubs

.v4_bx          0x10015f04        0x0
 .v4_bx         0x10015f04        0x0 linker stubs

.iplt           0x10015f04        0x0
 .iplt          0x10015f04        0x0 locore0.o

.rel.dyn        0x10015f04        0x0
 .rel.iplt      0x10015f04        0x0 locore0.o

.ARM.extab
 *(.ARM.extab* .gnu.linkonce.armextab.*)

.ARM.exidx      0x10015f04        0x0
                0x10015f04                        __exidx_start = .
 *(.ARM.exidx* .gnu.linkonce.armexidx.*)
                0x10015f04                        __exidx_end = .
                0x10015f04                        . = ALIGN (0x4)
                0x10015f04                        __etext = .
                0x10015f04                        _sidata = LOADADDR (.data)

.data           0x20018000      0x200 load address 0x10015f04
                0x20018000                        __data_start__ = .
                0x20018000                        _sdata = .
 *(.data*)
 .data          0x20018000        0x0 boot2.o
 .data          0x20018000        0x0 locore0.o
 .data          0x20018000        0x0 locore.o
 .data          0x20018000        0x0 exec_aout.o
 .data          0x20018000        0x4 exec_conf.o
                0x20018000                nexecs
 .data          0x20018004        0x0 exec_elf.o
 .data          0x20018004        0x0 exec_script.o
 .data          0x20018004        0x0 exec_subr.o
 .data          0x20018004        0x0 init_main.o
 .data          0x20018004        0x0 init_sysent.o
 .data          0x20018004        0x4 kern_clock.o
                0x20018004                dk_ndrive
 .data          0x20018008        0x0 kern_descrip.o
 .data          0x20018008        0x0 kern_exec.o
 .data          0x20018008        0x0 kern_exit.o
 .data          0x20018008        0x0 kern_fork.o
 .data          0x20018008        0x0 kern_mman.o
 .data          0x20018008        0x0 kern_proc.o
 .data          0x20018008        0x0 kern_prot.o
 .data          0x20018008        0x0 kern_prot2.o
 .data          0x20018008        0x0 kern_resource.o
 .data          0x20018008        0x0 kern_sig.o
 .data          0x20018008        0x0 kern_sig2.o
 .data          0x20018008        0x0 kern_subr.o
 .data          0x20018008        0x0 kern_synch.o
 .data          0x20018008        0x0 kern_sysctl.o
 .data          0x20018008        0x0 kern_time.o
 .data          0x20018008        0x0 subr_prf.o
 .data          0x20018008        0x0 subr_rmap.o
 .data          0x20018008        0x0 sys_generic.o
 .data          0x20018008        0x0 sys_inode.o
 .data          0x20018008        0x0 sys_pipe.o
 .data          0x20018008        0x0 sys_process.o
 .data          0x20018008        0x0 syscalls.o
 .data          0x20018008       0x10 tty.o
                0x2001800c                TTYBLOCK
                0x20018010                TTYHOG
                0x20018014                TTYUNBLOCK
 .data          0x20018018        0x0 tty_subr.o
 .data          0x20018018        0x0 tty_tty.o
 .data          0x20018018        0x0 ufs_alloc.o
 .data          0x20018018        0x0 ufs_bio.o
 .data          0x20018018        0x0 ufs_bmap.o
 .data          0x20018018        0x0 ufs_dsort.o
 .data          0x20018018        0x0 ufs_fio.o
 .data          0x20018018        0x0 ufs_inode.o
 .data          0x20018018        0x0 ufs_mount.o
 .data          0x20018018        0x0 ufs_namei.o
 .data          0x20018018        0x0 ufs_subr.o
 .data          0x20018018        0x0 ufs_syscalls.o
 .data          0x20018018        0x0 ufs_syscalls2.o
 .data          0x20018018        0x0 vfs_vnops.o
 .data          0x20018018        0x4 vm_sched.o
                0x20018018                maxslp
 .data          0x2001801c        0x0 vm_swap.o
 .data          0x2001801c        0x0 vm_swp.o
 .data          0x2001801c        0x0 cons.o
 .data          0x2001801c        0x0 mem.o
 .data          0x2001801c        0x0 swap.o
 .data          0x2001801c        0x0 clock.o
 .data          0x2001801c        0x0 conf.o
 .data          0x2001801c        0x0 fault.o
 .data          0x2001801c       0x36 machdep.o
                0x2001801c                dumplo
                0x20018020                waittime
                0x20018024                dump
                0x20018028                swapmap
                0x20018034                nproc
                0x20018038                tz
                0x20018040                usechz
                0x20018044                hz
                0x20018048                machine_arch
                0x2001804c                machine
 .data          0x20018052        0x0 sig_machdep.o
 .data          0x20018052        0x0 syscall.o
 .data          0x20018052        0x0 sysctl.o
 .data          0x20018052        0x0 systick.o
 *fill*         0x20018052        0x2 
 .data          0x20018054        0x8 uart.o
                0x20018054                uartdriver
 .data          0x2001805c        0x8 usb.o
                0x2001805c                uartusbdriver
 .data          0x20018064        0x0 flash.o
 .data          0x20018064        0x0 error.o
 .data          0x20018064        0x0 journal.o
 .data          0x20018064        0x0 map.o
 .data          0x20018064       0x84 ioconf.o
                0x20018064                conf_device_init
 .data          0x200180e8        0x0 vers.o
 .data          0x200180e8        0x0 /usr/lib/gcc/arm-none-eabi/16.2.0/thumb/v6-m/nofp/libgcc.a(_udivsi3.o)
 .data          0x200180e8        0x0 /usr/lib/gcc/arm-none-eabi/16.2.0/thumb/v6-m/nofp/libgcc.a(_divsi3.o)
 .data          0x200180e8        0x0 /usr/lib/gcc/arm-none-eabi/16.2.0/thumb/v6-m/nofp/libgcc.a(_dvmd_tls.o)
 .data          0x200180e8        0xc swapunix.o
                0x200180e8                swapdev
                0x200180ec                dumpdev
                0x200180f0                rootdev
                0x200180f8                        . = ALIGN (0x8)
 *fill*         0x200180f4        0x4 
                0x200180f8                        __ramfunc_start__ = .
 *(.ramfunc*)
 .ramfunc       0x200180f8       0x68 machdep.o
 .ramfunc       0x20018160       0x9c flash.o
                0x20018200                        . = ALIGN (0x8)
 *fill*         0x200181fc        0x4 
                0x20018200                        __ramfunc_end__ = .
                0x20018200                        __data_end__ = .
                0x20018200                        _edata = .

.igot.plt       0x20018200        0x0 load address 0x10016104
 .igot.plt      0x20018200        0x0 locore0.o

.bss            0x20018200     0x99f0 load address 0x10016104
                0x20018200                        . = ALIGN (0x8)
                0x20018200                        __bss_start__ = .
                0x20018200                        _sbss = .
 *(.bss*)
 .bss           0x20018200        0x0 boot2.o
 .bss           0x20018200        0x0 locore0.o
 .bss           0x20018200        0x0 locore.o
 .bss           0x20018200        0x0 exec_aout.o
 .bss           0x20018200        0x0 exec_conf.o
 .bss           0x20018200        0x0 exec_elf.o
 .bss           0x20018200        0x0 exec_script.o
 .bss           0x20018200        0x0 exec_subr.o
 .bss           0x20018200        0x0 init_main.o
 .bss           0x20018200        0x0 init_sysent.o
 .bss           0x20018200        0x0 kern_clock.o
 .bss           0x20018200        0x0 kern_descrip.o
 .bss           0x20018200        0x0 kern_exec.o
 .bss           0x20018200        0x0 kern_exit.o
 .bss           0x20018200        0x4 kern_fork.o
 .bss           0x20018204        0x0 kern_mman.o
 .bss           0x20018204        0x0 kern_proc.o
 .bss           0x20018204        0x0 kern_prot.o
 .bss           0x20018204        0x0 kern_prot2.o
 .bss           0x20018204        0x0 kern_resource.o
 .bss           0x20018204        0x0 kern_sig.o
 .bss           0x20018204        0x0 kern_sig2.o
 .bss           0x20018204        0x0 kern_subr.o
 .bss           0x20018204        0x0 kern_synch.o
 .bss           0x20018204        0x0 kern_sysctl.o
 .bss           0x20018204        0x0 kern_time.o
 .bss           0x20018204        0x0 subr_prf.o
 .bss           0x20018204        0x0 subr_rmap.o
 .bss           0x20018204        0x0 sys_generic.o
 .bss           0x20018204        0x0 sys_inode.o
 .bss           0x20018204        0x4 sys_pipe.o
 .bss           0x20018208        0x0 sys_process.o
 .bss           0x20018208        0x0 syscalls.o
 .bss           0x20018208        0x0 tty.o
 .bss           0x20018208        0x0 tty_subr.o
 .bss           0x20018208        0x0 tty_tty.o
 .bss           0x20018208        0x0 ufs_alloc.o
 .bss           0x20018208        0x0 ufs_bio.o
 .bss           0x20018208        0x0 ufs_bmap.o
 .bss           0x20018208        0x0 ufs_dsort.o
 .bss           0x20018208        0x0 ufs_fio.o
 .bss           0x20018208        0x0 ufs_inode.o
 .bss           0x20018208        0x0 ufs_mount.o
 .bss           0x20018208        0x4 ufs_namei.o
                0x20018208                dirchk
 .bss           0x2001820c        0x0 ufs_subr.o
 .bss           0x2001820c        0x0 ufs_syscalls.o
 .bss           0x2001820c        0x0 ufs_syscalls2.o
 .bss           0x2001820c        0x0 vfs_vnops.o
 .bss           0x2001820c        0x0 vm_sched.o
 .bss           0x2001820c        0x0 vm_swap.o
 .bss           0x2001820c        0x0 vm_swp.o
 .bss           0x2001820c        0x0 cons.o
 .bss           0x2001820c        0x0 mem.o
 .bss           0x2001820c       0x18 swap.o
 .bss           0x20018224        0x0 clock.o
 .bss           0x20018224        0x0 conf.o
 .bss           0x20018224        0x4 fault.o
 .bss           0x20018228        0x4 machdep.o
                0x20018228                securelevel
 .bss           0x2001822c        0x0 sig_machdep.o
 .bss           0x2001822c        0x0 syscall.o
 .bss           0x2001822c        0x0 sysctl.o
 .bss           0x2001822c        0x0 systick.o
 .bss           0x2001822c        0x0 uart.o
 .bss           0x2001822c     0x20bc usb.o
 .bss           0x2001a2e8     0x1e00 flash.o
 .bss           0x2001c0e8        0x0 error.o
 .bss           0x2001c0e8        0x0 journal.o
 .bss           0x2001c0e8        0x0 map.o
 .bss           0x2001c0e8       0x1c ioconf.o
                0x2001c0e8                conf_service_init
                0x2001c0ec                conf_ctlr_init
 .bss           0x2001c104        0x0 vers.o
 .bss           0x2001c104        0x0 /usr/lib/gcc/arm-none-eabi/16.2.0/thumb/v6-m/nofp/libgcc.a(_udivsi3.o)
 .bss           0x2001c104        0x0 /usr/lib/gcc/arm-none-eabi/16.2.0/thumb/v6-m/nofp/libgcc.a(_divsi3.o)
 .bss           0x2001c104        0x0 /usr/lib/gcc/arm-none-eabi/16.2.0/thumb/v6-m/nofp/libgcc.a(_dvmd_tls.o)
 .bss           0x2001c104        0x0 swapunix.o
 *(COMMON)
 COMMON         0x2001c104      0x9f4 exec_aout.o
                0x2001c104                nextinodeid
                0x2001c108                freeproc
                0x2001c10c                nchstats
                0x2001c128                pidhash
                0x2001c168                mount
                0x2001cae8                qs
                0x2001caec                allproc
                0x2001caf0                rootdir
                0x2001caf4                zombproc
 COMMON         0x2001caf8        0x4 exec_conf.o
                0x2001caf8                exec_maxhdrsz
 COMMON         0x2001cafc       0x68 exec_elf.o
                0x2001cafc                avenrun
                0x2001cb04                hostnamelen
                0x2001cb08                hostname
                0x2001cb48                adjdelta
                0x2001cb4c                lbolt
                0x2001cb50                time
                0x2001cb58                boottime
                0x2001cb60                hostid
 COMMON         0x2001cb64       0xac init_main.o
                0x2001cb64                rate
                0x2001cb78                cfreecount
                0x2001cb7c                boothowto
                0x2001cb80                sum
                0x2001cba8                cnt
                0x2001cbbc                nswap
                0x2001cbc0                physmem
                0x2001cbc4                freemem
                0x2001cbc8                swapstart
                0x2001cbcc                avefree
                0x2001cbce                avefree30
                0x2001cbd0                cfreelist
                0x2001cbd4                total
                0x2001cc00                forkstat
 COMMON         0x2001cc10       0x78 kern_clock.o
                0x2001cc10                dk_unit
                0x2001cc20                dk_name
                0x2001cc30                dk_n
                0x2001cc34                tk_nout
                0x2001cc38                noproc
                0x2001cc3c                cp_time
                0x2001cc4c                tk_nin
                0x2001cc50                calltodo
                0x2001cc60                callfree
                0x2001cc64                dk_xfer
                0x2001cc74                dk_busy
                0x2001cc78                dk_bytes
 COMMON         0x2001cc88        0x4 kern_descrip.o
                0x2001cc88                lastf
 COMMON         0x2001cc8c        0x4 kern_fork.o
                0x2001cc8c                mpid
 COMMON         0x2001cc90       0x45 kern_synch.o
                0x2001cc90                runrun
                0x2001cc94                slpque
                0x2001ccd4                curpri
 *fill*         0x2001ccd5        0x3 
 COMMON         0x2001ccd8        0xc kern_sysctl.o
                0x2001ccd8                memlock
 COMMON         0x2001cce4        0x4 subr_prf.o
                0x2001cce4                panicstr
 COMMON         0x2001cce8        0x8 sys_generic.o
                0x2001cce8                selwait
                0x2001ccec                nselcoll
 COMMON         0x2001ccf0        0x4 sys_inode.o
                0x2001ccf0                rablock
 COMMON         0x2001ccf4       0x10 sys_process.o
                0x2001ccf4                ipc
 COMMON         0x2001cd04        0x1 tty_subr.o
                0x2001cd04                cwaiting
 *fill*         0x2001cd05        0x3 
 COMMON         0x2001cd08       0x88 ufs_inode.o
                0x2001cd08                ifreeh
                0x2001cd0c                ihead
                0x2001cd8c                ifreet
 COMMON         0x2001cd90       0x88 ufs_namei.o
                0x2001cd90                nchash
                0x2001ce10                nchtail
                0x2001ce14                nchhead
 COMMON         0x2001ce18        0x4 ufs_subr.o
                0x2001ce18                updlock
 COMMON         0x2001ce1c        0x2 vm_sched.o
                0x2001ce1c                runout
                0x2001ce1d                runin
 *fill*         0x2001ce1e        0x2 
 COMMON         0x2001ce20       0x78 cons.o
                0x2001ce20                cnttys
 COMMON         0x2001ce98       0x20 fault.o
                0x2001ce98                fault_regs
 COMMON         0x2001ceb8     0x4bcc machdep.o
                0x2001ceb8                swapent
                0x2001cf80                proc
                0x2001d87c                callout
                0x2001d99c                bufdata
                0x2002019c                file
                0x200203dc                pipedev
                0x200203e0                bfreelist
                0x20020464                cpu_model
                0x200204a4                cfree
                0x200208a4                buf
                0x20020a5c                inode
                0x2002147c                namecache
                0x200219c4                bufhash
 COMMON         0x20021a84       0xf0 uart.o
                0x20021a84                uartttys
 COMMON         0x20021b74       0x78 usb.o
                0x20021b74                usbttys
                0x20021bf0                        . = ALIGN (0x8)
 *fill*         0x20021bec        0x4 
                0x20021bf0                        __bss_end__ = .
                0x20021bf0                        _ebss = .
LOAD boot2.o
LOAD locore0.o
LOAD locore.o
LOAD exec_aout.o
LOAD exec_conf.o
LOAD exec_elf.o
LOAD exec_script.o
LOAD exec_subr.o
LOAD init_main.o
LOAD init_sysent.o
LOAD kern_clock.o
LOAD kern_descrip.o
LOAD kern_exec.o
LOAD kern_exit.o
LOAD kern_fork.o
LOAD kern_mman.o
LOAD kern_proc.o
LOAD kern_prot.o
LOAD kern_prot2.o
LOAD kern_resource.o
LOAD kern_sig.o
LOAD kern_sig2.o
LOAD kern_subr.o
LOAD kern_synch.o
LOAD kern_sysctl.o
LOAD kern_time.o
LOAD subr_prf.o
LOAD subr_rmap.o
LOAD sys_generic.o
LOAD sys_inode.o
LOAD sys_pipe.o
LOAD sys_process.o
LOAD syscalls.o
LOAD tty.o
LOAD tty_subr.o
LOAD tty_tty.o
LOAD ufs_alloc.o
LOAD ufs_bio.o
LOAD ufs_bmap.o
LOAD ufs_dsort.o
LOAD ufs_fio.o
LOAD ufs_inode.o
LOAD ufs_mount.o
LOAD ufs_namei.o
LOAD ufs_subr.o
LOAD ufs_syscalls.o
LOAD ufs_syscalls2.o
LOAD vfs_vnops.o
LOAD vm_sched.o
LOAD vm_swap.o
LOAD vm_swp.o
LOAD cons.o
LOAD mem.o
LOAD swap.o
LOAD clock.o
LOAD conf.o
LOAD fault.o
LOAD machdep.o
LOAD sig_machdep.o
LOAD syscall.o
LOAD sysctl.o
LOAD systick.o
LOAD uart.o
LOAD usb.o
LOAD flash.o
LOAD error.o
LOAD journal.o
LOAD map.o
LOAD ioconf.o
LOAD vers.o
LOAD /usr/lib/gcc/arm-none-eabi/16.2.0/thumb/v6-m/nofp/libgcc.a
LOAD swapunix.o
OUTPUT(unix elf32-littlearm)
LOAD linker stubs

.ARM.attributes
                0x00000000       0x2e
 .ARM.attributes
                0x00000000       0x22 boot2.o
 .ARM.attributes
                0x00000022       0x22 locore0.o
 .ARM.attributes
                0x00000044       0x1c locore.o
 .ARM.attributes
                0x00000060       0x2c exec_aout.o
 .ARM.attributes
                0x0000008c       0x2c exec_conf.o
 .ARM.attributes
                0x000000b8       0x2c exec_elf.o
 .ARM.attributes
                0x000000e4       0x2c exec_script.o
 .ARM.attributes
                0x00000110       0x2c exec_subr.o
 .ARM.attributes
                0x0000013c       0x2c init_main.o
 .ARM.attributes
                0x00000168       0x2c init_sysent.o
 .ARM.attributes
                0x00000194       0x2c kern_clock.o
 .ARM.attributes
                0x000001c0       0x2c kern_descrip.o
 .ARM.attributes
                0x000001ec       0x2c kern_exec.o
 .ARM.attributes
                0x00000218       0x2c kern_exit.o
 .ARM.attributes
                0x00000244       0x2c kern_fork.o
 .ARM.attributes
                0x00000270       0x2c kern_mman.o
 .ARM.attributes
                0x0000029c       0x2c kern_proc.o
 .ARM.attributes
                0x000002c8       0x2c kern_prot.o
 .ARM.attributes
                0x000002f4       0x2c kern_prot2.o
 .ARM.attributes
                0x00000320       0x2c kern_resource.o
 .ARM.attributes
                0x0000034c       0x2c kern_sig.o
 .ARM.attributes
                0x00000378       0x2c kern_sig2.o
 .ARM.attributes
                0x000003a4       0x2c kern_subr.o
 .ARM.attributes
                0x000003d0       0x2c kern_synch.o
 .ARM.attributes
                0x000003fc       0x2c kern_sysctl.o
 .ARM.attributes
                0x00000428       0x2c kern_time.o
 .ARM.attributes
                0x00000454       0x2c subr_prf.o
 .ARM.attributes
                0x00000480       0x2c subr_rmap.o
 .ARM.attributes
                0x000004ac       0x2c sys_generic.o
 .ARM.attributes
                0x000004d8       0x2c sys_inode.o
 .ARM.attributes
                0x00000504       0x2c sys_pipe.o
 .ARM.attributes
                0x00000530       0x2c sys_process.o
 .ARM.attributes
                0x0000055c       0x2c syscalls.o
 .ARM.attributes
                0x00000588       0x2c tty.o
 .ARM.attributes
                0x000005b4       0x2c tty_subr.o
 .ARM.attributes
                0x000005e0       0x2c tty_tty.o
 .ARM.attributes
                0x0000060c       0x2c ufs_alloc.o
 .ARM.attributes
                0x00000638       0x2c ufs_bio.o
 .ARM.attributes
                0x00000664       0x2c ufs_bmap.o
 .ARM.attributes
                0x00000690       0x2c ufs_dsort.o
 .ARM.attributes
                0x000006bc       0x2c ufs_fio.o
 .ARM.attributes
                0x000006e8       0x2c ufs_inode.o
 .ARM.attributes
                0x00000714       0x2c ufs_mount.o
 .ARM.attributes
                0x00000740       0x2c ufs_namei.o
 .ARM.attributes
                0x0000076c       0x2c ufs_subr.o
 .ARM.attributes
                0x00000798       0x2c ufs_syscalls.o
 .ARM.attributes
                0x000007c4       0x2c ufs_syscalls2.o
 .ARM.attributes
                0x000007f0       0x2c vfs_vnops.o
 .ARM.attributes
                0x0000081c       0x2c vm_sched.o
 .ARM.attributes
                0x00000848       0x2c vm_swap.o
 .ARM.attributes
                0x00000874       0x2c vm_swp.o
 .ARM.attributes
                0x000008a0       0x2c cons.o
 .ARM.attributes
                0x000008cc       0x2c mem.o
 .ARM.attributes
                0x000008f8       0x2c swap.o
 .ARM.attributes
                0x00000924       0x2c clock.o
 .ARM.attributes
                0x00000950       0x2c conf.o
 .ARM.attributes
                0x0000097c       0x2c fault.o
 .ARM.attributes
                0x000009a8       0x2c machdep.o
 .ARM.attributes
                0x000009d4       0x2c sig_machdep.o
 .ARM.attributes
                0x00000a00       0x2c syscall.o
 .ARM.attributes
                0x00000a2c       0x2c sysctl.o
 .ARM.attributes
                0x00000a58       0x2c systick.o
 .ARM.attributes
                0x00000a84       0x2c uart.o
 .ARM.attributes
                0x00000ab0       0x2c usb.o
 .ARM.attributes
                0x00000adc       0x2c flash.o
 .ARM.attributes
                0x00000b08       0x2c error.o
 .ARM.attributes
                0x00000b34       0x2c journal.o
 .ARM.attributes
                0x00000b60       0x2c map.o
 .ARM.attributes
                0x00000b8c       0x2c ioconf.o
 .ARM.attributes
                0x00000bb8       0x2c vers.o
 .ARM.attributes
                0x00000be4       0x1e /usr/lib/gcc/arm-none-eabi/16.2.0/thumb/v6-m/nofp/libgcc.a(_udivsi3.o)
 .ARM.attributes
                0x00000c02       0x1e /usr/lib/gcc/arm-none-eabi/16.2.0/thumb/v6-m/nofp/libgcc.a(_divsi3.o)
 .ARM.attributes
                0x00000c20       0x1e /usr/lib/gcc/arm-none-eabi/16.2.0/thumb/v6-m/nofp/libgcc.a(_dvmd_tls.o)
 .ARM.attributes
                0x00000c3e       0x2c swapunix.o

.comment        0x00000000       0x1e
 .comment       0x00000000       0x1e exec_aout.o
                                 0x1f (size before relaxing)
 .comment       0x0000001e        0x0 exec_conf.o
                                 0x1f (size before relaxing)
 .comment       0x0000001e        0x0 exec_elf.o
                                 0x1f (size before relaxing)
 .comment       0x0000001e        0x0 exec_script.o
                                 0x1f (size before relaxing)
 .comment       0x0000001e        0x0 exec_subr.o
                                 0x1f (size before relaxing)
 .comment       0x0000001e        0x0 init_main.o
                                 0x1f (size before relaxing)
 .comment       0x0000001e        0x0 init_sysent.o
                                 0x1f (size before relaxing)
 .comment       0x0000001e        0x0 kern_clock.o
                                 0x1f (size before relaxing)
 .comment       0x0000001e        0x0 kern_descrip.o
                                 0x1f (size before relaxing)
 .comment       0x0000001e        0x0 kern_exec.o
                                 0x1f (size before relaxing)
 .comment       0x0000001e        0x0 kern_exit.o
                                 0x1f (size before relaxing)
 .comment       0x0000001e        0x0 kern_fork.o
                                 0x1f (size before relaxing)
 .comment       0x0000001e        0x0 kern_mman.o
                                 0x1f (size before relaxing)
 .comment       0x0000001e        0x0 kern_proc.o
                                 0x1f (size before relaxing)
 .comment       0x0000001e        0x0 kern_prot.o
                                 0x1f (size before relaxing)
 .comment       0x0000001e        0x0 kern_prot2.o
                                 0x1f (size before relaxing)
 .comment       0x0000001e        0x0 kern_resource.o
                                 0x1f (size before relaxing)
 .comment       0x0000001e        0x0 kern_sig.o
                                 0x1f (size before relaxing)
 .comment       0x0000001e        0x0 kern_sig2.o
                                 0x1f (size before relaxing)
 .comment       0x0000001e        0x0 kern_subr.o
                                 0x1f (size before relaxing)
 .comment       0x0000001e        0x0 kern_synch.o
                                 0x1f (size before relaxing)
 .comment       0x0000001e        0x0 kern_sysctl.o
                                 0x1f (size before relaxing)
 .comment       0x0000001e        0x0 kern_time.o
                                 0x1f (size before relaxing)
 .comment       0x0000001e        0x0 subr_prf.o
                                 0x1f (size before relaxing)
 .comment       0x0000001e        0x0 subr_rmap.o
                                 0x1f (size before relaxing)
 .comment       0x0000001e        0x0 sys_generic.o
                                 0x1f (size before relaxing)
 .comment       0x0000001e        0x0 sys_inode.o
                                 0x1f (size before relaxing)
 .comment       0x0000001e        0x0 sys_pipe.o
                                 0x1f (size before relaxing)
 .comment       0x0000001e        0x0 sys_process.o
                                 0x1f (size before relaxing)
 .comment       0x0000001e        0x0 syscalls.o
                                 0x1f (size before relaxing)
 .comment       0x0000001e        0x0 tty.o
                                 0x1f (size before relaxing)
 .comment       0x0000001e        0x0 tty_subr.o
                                 0x1f (size before relaxing)
 .comment       0x0000001e        0x0 tty_tty.o
                                 0x1f (size before relaxing)
 .comment       0x0000001e        0x0 ufs_alloc.o
                                 0x1f (size before relaxing)
 .comment       0x0000001e        0x0 ufs_bio.o
                                 0x1f (size before relaxing)
 .comment       0x0000001e        0x0 ufs_bmap.o
                                 0x1f (size before relaxing)
 .comment       0x0000001e        0x0 ufs_dsort.o
                                 0x1f (size before relaxing)
 .comment       0x0000001e        0x0 ufs_fio.o
                                 0x1f (size before relaxing)
 .comment       0x0000001e        0x0 ufs_inode.o
                                 0x1f (size before relaxing)
 .comment       0x0000001e        0x0 ufs_mount.o
                                 0x1f (size before relaxing)
 .comment       0x0000001e        0x0 ufs_namei.o
                                 0x1f (size before relaxing)
 .comment       0x0000001e        0x0 ufs_subr.o
                                 0x1f (size before relaxing)
 .comment       0x0000001e        0x0 ufs_syscalls.o
                                 0x1f (size before relaxing)
 .comment       0x0000001e        0x0 ufs_syscalls2.o
                                 0x1f (size before relaxing)
 .comment       0x0000001e        0x0 vfs_vnops.o
                                 0x1f (size before relaxing)
 .comment       0x0000001e        0x0 vm_sched.o
                                 0x1f (size before relaxing)
 .comment       0x0000001e        0x0 vm_swap.o
                                 0x1f (size before relaxing)
 .comment       0x0000001e        0x0 vm_swp.o
                                 0x1f (size before relaxing)
 .comment       0x0000001e        0x0 cons.o
                                 0x1f (size before relaxing)
 .comment       0x0000001e        0x0 mem.o
                                 0x1f (size before relaxing)
 .comment       0x0000001e        0x0 swap.o
                                 0x1f (size before relaxing)
 .comment       0x0000001e        0x0 clock.o
                                 0x1f (size before relaxing)
 .comment       0x0000001e        0x0 conf.o
                                 0x1f (size before relaxing)
 .comment       0x0000001e        0x0 fault.o
                                 0x1f (size before relaxing)
 .comment       0x0000001e        0x0 machdep.o
                                 0x1f (size before relaxing)
 .comment       0x0000001e        0x0 sig_machdep.o
                                 0x1f (size before relaxing)
 .comment       0x0000001e        0x0 syscall.o
                                 0x1f (size before relaxing)
 .comment       0x0000001e        0x0 sysctl.o
                                 0x1f (size before relaxing)
 .comment       0x0000001e        0x0 systick.o
                                 0x1f (size before relaxing)
 .comment       0x0000001e        0x0 uart.o
                                 0x1f (size before relaxing)
 .comment       0x0000001e        0x0 usb.o
                                 0x1f (size before relaxing)
 .comment       0x0000001e        0x0 flash.o
                                 0x1f (size before relaxing)
 .comment       0x0000001e        0x0 error.o
                                 0x1f (size before relaxing)
 .comment       0x0000001e        0x0 journal.o
                                 0x1f (size before relaxing)
 .comment       0x0000001e        0x0 map.o
                                 0x1f (size before relaxing)
 .comment       0x0000001e        0x0 ioconf.o
                                 0x1f (size before relaxing)
 .comment       0x0000001e        0x0 vers.o
                                 0x1f (size before relaxing)
 .comment       0x0000001e        0x0 swapunix.o
                                 0x1f (size before relaxing)

.debug_info     0x00000000    0x4f863
 .debug_info    0x00000000     0x1468 exec_aout.o
 .debug_info    0x00001468      0x8a8 exec_conf.o
 .debug_info    0x00001d10     0x112a exec_elf.o
 .debug_info    0x00002e3a      0xfe1 exec_script.o
 .debug_info    0x00003e1b     0x18df exec_subr.o
 .debug_info    0x000056fa     0x1b35 init_main.o
 .debug_info    0x0000722f      0x3b8 init_sysent.o
 .debug_info    0x000075e7     0x128a kern_clock.o
 .debug_info    0x00008871     0x15fe kern_descrip.o
 .debug_info    0x00009e6f     0x16ad kern_exec.o
 .debug_info    0x0000b51c     0x164f kern_exit.o
 .debug_info    0x0000cb6b     0x1271 kern_fork.o
 .debug_info    0x0000dddc      0xb3f kern_mman.o
 .debug_info    0x0000e91b      0x8ac kern_proc.o
 .debug_info    0x0000f1c7      0xacb kern_prot.o
 .debug_info    0x0000fc92      0x965 kern_prot2.o
 .debug_info    0x000105f7     0x1189 kern_resource.o
 .debug_info    0x00011780     0x19d8 kern_sig.o
 .debug_info    0x00013158     0x11b6 kern_sig2.o
 .debug_info    0x0001430e      0x3a6 kern_subr.o
 .debug_info    0x000146b4     0x181e kern_synch.o
 .debug_info    0x00015ed2     0x2b56 kern_sysctl.o
 .debug_info    0x00018a28     0x1132 kern_time.o
 .debug_info    0x00019b5a     0x170e subr_prf.o
 .debug_info    0x0001b268      0x618 subr_rmap.o
 .debug_info    0x0001b880     0x1e64 sys_generic.o
 .debug_info    0x0001d6e4     0x23b3 sys_inode.o
 .debug_info    0x0001fa97     0x15b0 sys_pipe.o
 .debug_info    0x00021047     0x109e sys_process.o
 .debug_info    0x000220e5       0x69 syscalls.o
 .debug_info    0x0002214e     0x3b37 tty.o
 .debug_info    0x00025c85      0xb6f tty_subr.o
 .debug_info    0x000267f4      0xe9f tty_tty.o
 .debug_info    0x00027693     0x16cb ufs_alloc.o
 .debug_info    0x00028d5e     0x1929 ufs_bio.o
 .debug_info    0x0002a687      0xdb2 ufs_bmap.o
 .debug_info    0x0002b439      0x2e1 ufs_dsort.o
 .debug_info    0x0002b71a      0xe19 ufs_fio.o
 .debug_info    0x0002c533     0x1c83 ufs_inode.o
 .debug_info    0x0002e1b6     0x18a2 ufs_mount.o
 .debug_info    0x0002fa58     0x2395 ufs_namei.o
 .debug_info    0x00031ded      0xf80 ufs_subr.o
 .debug_info    0x00032d6d     0x31e0 ufs_syscalls.o
 .debug_info    0x00035f4d     0x1a5d ufs_syscalls2.o
 .debug_info    0x000379aa      0xdfa vfs_vnops.o
 .debug_info    0x000387a4      0xb1b vm_sched.o
 .debug_info    0x000392bf      0xf10 vm_swap.o
 .debug_info    0x0003a1cf     0x1333 vm_swp.o
 .debug_info    0x0003b502      0x99b cons.o
 .debug_info    0x0003be9d      0x815 mem.o
 .debug_info    0x0003c6b2      0xb6c swap.o
 .debug_info    0x0003d21e       0x7b clock.o
 .debug_info    0x0003d299     0x1550 conf.o
 .debug_info    0x0003e7e9      0xfd4 fault.o
 .debug_info    0x0003f7bd     0x236e machdep.o
 .debug_info    0x00041b2b      0xb55 sig_machdep.o
 .debug_info    0x00042680      0xf30 syscall.o
 .debug_info    0x000435b0     0x1d46 sysctl.o
 .debug_info    0x000452f6      0x45f systick.o
 .debug_info    0x00045755     0x1c6c uart.o
 .debug_info    0x000473c1     0x1f72 usb.o
 .debug_info    0x00049333     0x1a3d flash.o
 .debug_info    0x0004ad70      0x135 error.o
 .debug_info    0x0004aea5     0x2585 journal.o
 .debug_info    0x0004d42a     0x1fd5 map.o
 .debug_info    0x0004f3ff      0x251 ioconf.o
 .debug_info    0x0004f650       0xcb vers.o
 .debug_info    0x0004f71b       0x3d /usr/lib/gcc/arm-none-eabi/16.2.0/thumb/v6-m/nofp/libgcc.a(_udivsi3.o)
 .debug_info    0x0004f758       0x3e /usr/lib/gcc/arm-none-eabi/16.2.0/thumb/v6-m/nofp/libgcc.a(_divsi3.o)
 .debug_info    0x0004f796       0x3c /usr/lib/gcc/arm-none-eabi/16.2.0/thumb/v6-m/nofp/libgcc.a(_dvmd_tls.o)
 .debug_info    0x0004f7d2       0x91 swapunix.o

.debug_abbrev   0x00000000     0xca89
 .debug_abbrev  0x00000000      0x26f exec_aout.o
 .debug_abbrev  0x0000026f      0x1cf exec_conf.o
 .debug_abbrev  0x0000043e      0x276 exec_elf.o
 .debug_abbrev  0x000006b4      0x239 exec_script.o
 .debug_abbrev  0x000008ed      0x387 exec_subr.o
 .debug_abbrev  0x00000c74      0x342 init_main.o
 .debug_abbrev  0x00000fb6      0x105 init_sysent.o
 .debug_abbrev  0x000010bb      0x45a kern_clock.o
 .debug_abbrev  0x00001515      0x448 kern_descrip.o
 .debug_abbrev  0x0000195d      0x309 kern_exec.o
 .debug_abbrev  0x00001c66      0x38c kern_exit.o
 .debug_abbrev  0x00001ff2      0x2a7 kern_fork.o
 .debug_abbrev  0x00002299      0x1af kern_mman.o
 .debug_abbrev  0x00002448      0x1d4 kern_proc.o
 .debug_abbrev  0x0000261c      0x22f kern_prot.o
 .debug_abbrev  0x0000284b      0x1cb kern_prot2.o
 .debug_abbrev  0x00002a16      0x2b7 kern_resource.o
 .debug_abbrev  0x00002ccd      0x4e5 kern_sig.o
 .debug_abbrev  0x000031b2      0x405 kern_sig2.o
 .debug_abbrev  0x000035b7      0x184 kern_subr.o
 .debug_abbrev  0x0000373b      0x432 kern_synch.o
 .debug_abbrev  0x00003b6d      0x404 kern_sysctl.o
 .debug_abbrev  0x00003f71      0x399 kern_time.o
 .debug_abbrev  0x0000430a      0x445 subr_prf.o
 .debug_abbrev  0x0000474f      0x1cf subr_rmap.o
 .debug_abbrev  0x0000491e      0x55a sys_generic.o
 .debug_abbrev  0x00004e78      0x464 sys_inode.o
 .debug_abbrev  0x000052dc      0x300 sys_pipe.o
 .debug_abbrev  0x000055dc      0x21d sys_process.o
 .debug_abbrev  0x000057f9       0x56 syscalls.o
 .debug_abbrev  0x0000584f      0x586 tty.o
 .debug_abbrev  0x00005dd5      0x30c tty_subr.o
 .debug_abbrev  0x000060e1      0x204 tty_tty.o
 .debug_abbrev  0x000062e5      0x2fc ufs_alloc.o
 .debug_abbrev  0x000065e1      0x452 ufs_bio.o
 .debug_abbrev  0x00006a33      0x237 ufs_bmap.o
 .debug_abbrev  0x00006c6a      0x102 ufs_dsort.o
 .debug_abbrev  0x00006d6c      0x284 ufs_fio.o
 .debug_abbrev  0x00006ff0      0x481 ufs_inode.o
 .debug_abbrev  0x00007471      0x428 ufs_mount.o
 .debug_abbrev  0x00007899      0x496 ufs_namei.o
 .debug_abbrev  0x00007d2f      0x32b ufs_subr.o
 .debug_abbrev  0x0000805a      0x4c6 ufs_syscalls.o
 .debug_abbrev  0x00008520      0x396 ufs_syscalls2.o
 .debug_abbrev  0x000088b6      0x257 vfs_vnops.o
 .debug_abbrev  0x00008b0d      0x267 vm_sched.o
 .debug_abbrev  0x00008d74      0x2f4 vm_swap.o
 .debug_abbrev  0x00009068      0x371 vm_swp.o
 .debug_abbrev  0x000093d9      0x24d cons.o
 .debug_abbrev  0x00009626      0x1fb mem.o
 .debug_abbrev  0x00009821      0x249 swap.o
 .debug_abbrev  0x00009a6a       0x58 clock.o
 .debug_abbrev  0x00009ac2      0x28e conf.o
 .debug_abbrev  0x00009d50      0x294 fault.o
 .debug_abbrev  0x00009fe4      0x5e2 machdep.o
 .debug_abbrev  0x0000a5c6      0x210 sig_machdep.o
 .debug_abbrev  0x0000a7d6      0x326 syscall.o
 .debug_abbrev  0x0000aafc      0x41e sysctl.o
 .debug_abbrev  0x0000af1a      0x143 systick.o
 .debug_abbrev  0x0000b05d      0x4c0 uart.o
 .debug_abbrev  0x0000b51d      0x503 usb.o
 .debug_abbrev  0x0000ba20      0x519 flash.o
 .debug_abbrev  0x0000bf39       0xd3 error.o
 .debug_abbrev  0x0000c00c      0x46f journal.o
[...]
                0x000003a8       0x20 tty.o
 .debug_aranges
                0x000003c8       0x20 tty_subr.o
 .debug_aranges
                0x000003e8       0x20 tty_tty.o
 .debug_aranges
                0x00000408       0x20 ufs_alloc.o
 .debug_aranges
                0x00000428       0x20 ufs_bio.o
 .debug_aranges
                0x00000448       0x20 ufs_bmap.o
 .debug_aranges
                0x00000468       0x20 ufs_dsort.o
 .debug_aranges
                0x00000488       0x20 ufs_fio.o
 .debug_aranges
                0x000004a8       0x20 ufs_inode.o
 .debug_aranges
                0x000004c8       0x20 ufs_mount.o
 .debug_aranges
                0x000004e8       0x20 ufs_namei.o
 .debug_aranges
                0x00000508       0x20 ufs_subr.o
 .debug_aranges
                0x00000528       0x20 ufs_syscalls.o
 .debug_aranges
                0x00000548       0x20 ufs_syscalls2.o
 .debug_aranges
                0x00000568       0x20 vfs_vnops.o
 .debug_aranges
                0x00000588       0x20 vm_sched.o
 .debug_aranges
                0x000005a8       0x20 vm_swap.o
 .debug_aranges
                0x000005c8       0x20 vm_swp.o
 .debug_aranges
                0x000005e8       0x20 cons.o
 .debug_aranges
                0x00000608       0x20 mem.o
 .debug_aranges
                0x00000628       0x20 swap.o
 .debug_aranges
                0x00000648       0x20 clock.o
 .debug_aranges
                0x00000668       0x20 conf.o
 .debug_aranges
                0x00000688       0x20 fault.o
 .debug_aranges
                0x000006a8       0x28 machdep.o
 .debug_aranges
                0x000006d0       0x20 sig_machdep.o
 .debug_aranges
                0x000006f0       0x20 syscall.o
 .debug_aranges
                0x00000710       0x20 sysctl.o
 .debug_aranges
                0x00000730       0x20 systick.o
 .debug_aranges
                0x00000750       0x20 uart.o
 .debug_aranges
                0x00000770       0x20 usb.o
 .debug_aranges
                0x00000790       0x38 flash.o
 .debug_aranges
                0x000007c8       0x20 error.o
 .debug_aranges
                0x000007e8       0x20 journal.o
 .debug_aranges
                0x00000808       0x20 map.o
 .debug_aranges
                0x00000828       0x18 ioconf.o
 .debug_aranges
                0x00000840       0x18 vers.o
 .debug_aranges
                0x00000858       0x20 /usr/lib/gcc/arm-none-eabi/16.2.0/thumb/v6-m/nofp/libgcc.a(_udivsi3.o)
 .debug_aranges
                0x00000878       0x20 /usr/lib/gcc/arm-none-eabi/16.2.0/thumb/v6-m/nofp/libgcc.a(_divsi3.o)
 .debug_aranges
                0x00000898       0x20 /usr/lib/gcc/arm-none-eabi/16.2.0/thumb/v6-m/nofp/libgcc.a(_dvmd_tls.o)
 .debug_aranges
                0x000008b8       0x18 swapunix.o

.debug_line     0x00000000    0x1bad7
 .debug_line    0x00000000      0x242 exec_aout.o
 .debug_line    0x00000242       0x80 exec_conf.o
 .debug_line    0x000002c2      0x314 exec_elf.o
 .debug_line    0x000005d6      0x310 exec_script.o
 .debug_line    0x000008e6      0x987 exec_subr.o
 .debug_line    0x0000126d      0x4d1 init_main.o
 .debug_line    0x0000173e       0x50 init_sysent.o
 .debug_line    0x0000178e      0x792 kern_clock.o
 .debug_line    0x00001f20      0x80f kern_descrip.o
 .debug_line    0x0000272f      0x308 kern_exec.o
 .debug_line    0x00002a37      0x623 kern_exit.o
 .debug_line    0x0000305a      0x5b8 kern_fork.o
 .debug_line    0x00003612      0x142 kern_mman.o
 .debug_line    0x00003754      0x192 kern_proc.o
 .debug_line    0x000038e6      0x326 kern_prot.o
 .debug_line    0x00003c0c      0x1e4 kern_prot2.o
 .debug_line    0x00003df0      0x5d6 kern_resource.o
 .debug_line    0x000043c6      0xb2d kern_sig.o
 .debug_line    0x00004ef3      0x6d7 kern_sig2.o
 .debug_line    0x000055ca      0x236 kern_subr.o
 .debug_line    0x00005800      0xa88 kern_synch.o
 .debug_line    0x00006288      0xe8c kern_sysctl.o
 .debug_line    0x00007114      0x605 kern_time.o
 .debug_line    0x00007719      0xdda subr_prf.o
 .debug_line    0x000084f3      0x441 subr_rmap.o
 .debug_line    0x00008934      0xa07 sys_generic.o
 .debug_line    0x0000933b      0xe00 sys_inode.o
 .debug_line    0x0000a13b      0x692 sys_pipe.o
 .debug_line    0x0000a7cd      0x30a sys_process.o
 .debug_line    0x0000aad7       0x3c syscalls.o
 .debug_line    0x0000ab13     0x2269 tty.o
 .debug_line    0x0000cd7c      0xa7a tty_subr.o
 .debug_line    0x0000d7f6      0x1f1 tty_tty.o
 .debug_line    0x0000d9e7      0x62b ufs_alloc.o
 .debug_line    0x0000e012      0xbf3 ufs_bio.o
 .debug_line    0x0000ec05      0x3b2 ufs_bmap.o
 .debug_line    0x0000efb7      0x1c4 ufs_dsort.o
 .debug_line    0x0000f17b      0x3f3 ufs_fio.o
 .debug_line    0x0000f56e      0xbaa ufs_inode.o
 .debug_line    0x00010118      0x662 ufs_mount.o
 .debug_line    0x0001077a     0x161f ufs_namei.o
 .debug_line    0x00011d99      0x3be ufs_subr.o
 .debug_line    0x00012157     0x15d5 ufs_syscalls.o
 .debug_line    0x0001372c      0x4e5 ufs_syscalls2.o
 .debug_line    0x00013c11      0x288 vfs_vnops.o
 .debug_line    0x00013e99      0x5b9 vm_sched.o
 .debug_line    0x00014452      0x277 vm_swap.o
 .debug_line    0x000146c9      0x500 vm_swp.o
 .debug_line    0x00014bc9      0x174 cons.o
 .debug_line    0x00014d3d      0x1e7 mem.o
 .debug_line    0x00014f24      0x46d swap.o
 .debug_line    0x00015391       0x83 clock.o
 .debug_line    0x00015414      0x1b6 conf.o
 .debug_line    0x000155ca      0x1ec fault.o
 .debug_line    0x000157b6      0xdf6 machdep.o
 .debug_line    0x000165ac      0x3b6 sig_machdep.o
 .debug_line    0x00016962      0x35e syscall.o
 .debug_line    0x00016cc0      0x38f sysctl.o
 .debug_line    0x0001704f       0xb4 systick.o
 .debug_line    0x00017103      0x91f uart.o
 .debug_line    0x00017a22      0xef3 usb.o
 .debug_line    0x00018915      0xa6a flash.o
 .debug_line    0x0001937f       0x89 error.o
 .debug_line    0x00019408     0x15c1 journal.o
 .debug_line    0x0001a9c9      0xf56 map.o
 .debug_line    0x0001b91f       0x3b ioconf.o
 .debug_line    0x0001b95a       0x27 vers.o
 .debug_line    0x0001b981       0x61 /usr/lib/gcc/arm-none-eabi/16.2.0/thumb/v6-m/nofp/libgcc.a(_udivsi3.o)
 .debug_line    0x0001b9e2       0x6f /usr/lib/gcc/arm-none-eabi/16.2.0/thumb/v6-m/nofp/libgcc.a(_divsi3.o)
 .debug_line    0x0001ba51       0x4a /usr/lib/gcc/arm-none-eabi/16.2.0/thumb/v6-m/nofp/libgcc.a(_dvmd_tls.o)
 .debug_line    0x0001ba9b       0x3c swapunix.o

.debug_str      0x00000000     0x43f7
 .debug_str     0x00000000     0x43f7 exec_aout.o
                                0xae7 (size before relaxing)
 .debug_str     0x000043f7        0x0 exec_conf.o
                                0x4dc (size before relaxing)
 .debug_str     0x000043f7        0x0 exec_elf.o
                                0x901 (size before relaxing)
 .debug_str     0x000043f7        0x0 exec_script.o
                                0x865 (size before relaxing)
 .debug_str     0x000043f7        0x0 exec_subr.o
                                0xb8f (size before relaxing)
 .debug_str     0x000043f7        0x0 init_main.o
                                0xc17 (size before relaxing)
 .debug_str     0x000043f7        0x0 init_sysent.o
                                0x469 (size before relaxing)
 .debug_str     0x000043f7        0x0 kern_clock.o
                                0x787 (size before relaxing)
 .debug_str     0x000043f7        0x0 kern_descrip.o
                                0x881 (size before relaxing)
 .debug_str     0x000043f7        0x0 kern_exec.o
                                0xb6a (size before relaxing)
 .debug_str     0x000043f7        0x0 kern_exit.o
                                0x9a4 (size before relaxing)
 .debug_str     0x000043f7        0x0 kern_fork.o
                                0x909 (size before relaxing)
 .debug_str     0x000043f7        0x0 kern_mman.o
                                0x688 (size before relaxing)
 .debug_str     0x000043f7        0x0 kern_proc.o
                                0x574 (size before relaxing)
 .debug_str     0x000043f7        0x0 kern_prot.o
                                0x60d (size before relaxing)
 .debug_str     0x000043f7        0x0 kern_prot2.o
                                0x58d (size before relaxing)
 .debug_str     0x000043f7        0x0 kern_resource.o
                                0x7f9 (size before relaxing)
 .debug_str     0x000043f7        0x0 kern_sig.o
                                0x99d (size before relaxing)
 .debug_str     0x000043f7        0x0 kern_sig2.o
                                0x76e (size before relaxing)
 .debug_str     0x000043f7        0x0 kern_subr.o
                                0x226 (size before relaxing)
 .debug_str     0x000043f7        0x0 kern_synch.o
                                0x865 (size before relaxing)
 .debug_str     0x000043f7        0x0 kern_sysctl.o
                                0xdd2 (size before relaxing)
 .debug_str     0x000043f7        0x0 kern_time.o
                                0x6ed (size before relaxing)
 .debug_str     0x000043f7        0x0 subr_prf.o
                                0x7b7 (size before relaxing)
 .debug_str     0x000043f7        0x0 subr_rmap.o
                                0x32b (size before relaxing)
 .debug_str     0x000043f7        0x0 sys_generic.o
                                0xa62 (size before relaxing)
 .debug_str     0x000043f7        0x0 sys_inode.o
                                0xd91 (size before relaxing)
 .debug_str     0x000043f7        0x0 sys_pipe.o
                                0x983 (size before relaxing)
 .debug_str     0x000043f7        0x0 sys_process.o
                                0x874 (size before relaxing)
 .debug_str     0x000043f7        0x0 syscalls.o
                                0x122 (size before relaxing)
 .debug_str     0x000043f7        0x0 tty.o
                                0xd18 (size before relaxing)
 .debug_str     0x000043f7        0x0 tty_subr.o
                                0x264 (size before relaxing)
 .debug_str     0x000043f7        0x0 tty_tty.o
                                0x785 (size before relaxing)
 .debug_str     0x000043f7        0x0 ufs_alloc.o
                                0x996 (size before relaxing)
 .debug_str     0x000043f7        0x0 ufs_bio.o
                                0x76f (size before relaxing)
 .debug_str     0x000043f7        0x0 ufs_bmap.o
                                0x717 (size before relaxing)
 .debug_str     0x000043f7        0x0 ufs_dsort.o
                                0x245 (size before relaxing)
 .debug_str     0x000043f7        0x0 ufs_fio.o
                                0x7b1 (size before relaxing)
 .debug_str     0x000043f7        0x0 ufs_inode.o
                                0xa5c (size before relaxing)
 .debug_str     0x000043f7        0x0 ufs_mount.o
                                0xa5f (size before relaxing)
 .debug_str     0x000043f7        0x0 ufs_namei.o
                                0xc37 (size before relaxing)
 .debug_str     0x000043f7        0x0 ufs_subr.o
                                0x719 (size before relaxing)
 .debug_str     0x000043f7        0x0 ufs_syscalls.o
                                0xcfa (size before relaxing)
 .debug_str     0x000043f7        0x0 ufs_syscalls2.o
                                0xb75 (size before relaxing)
 .debug_str     0x000043f7        0x0 vfs_vnops.o
                                0x743 (size before relaxing)
 .debug_str     0x000043f7        0x0 vm_sched.o
                                0x588 (size before relaxing)
 .debug_str     0x000043f7        0x0 vm_swap.o
                                0x783 (size before relaxing)
 .debug_str     0x000043f7        0x0 vm_swp.o
                                0x877 (size before relaxing)
 .debug_str     0x000043f7        0x0 cons.o
                                0x3d5 (size before relaxing)
 .debug_str     0x000043f7        0x0 mem.o
                                0x4eb (size before relaxing)
 .debug_str     0x000043f7        0x0 swap.o
                                0x3d2 (size before relaxing)
 .debug_str     0x000043f7        0x0 clock.o
                                0x16b (size before relaxing)
 .debug_str     0x000043f7        0x0 conf.o
                                0x92b (size before relaxing)
 .debug_str     0x000043f7        0x0 fault.o
                                0x7da (size before relaxing)
 .debug_str     0x000043f7        0x0 machdep.o
                                0xc64 (size before relaxing)
 .debug_str     0x000043f7        0x0 sig_machdep.o
                                0x6c8 (size before relaxing)
 .debug_str     0x000043f7        0x0 syscall.o
                                0x7de (size before relaxing)
 .debug_str     0x000043f7        0x0 sysctl.o
                                0xd4a (size before relaxing)
 .debug_str     0x000043f7        0x0 systick.o
                                0x3aa (size before relaxing)
 .debug_str     0x000043f7        0x0 uart.o
                                0x919 (size before relaxing)
 .debug_str     0x000043f7        0x0 usb.o
                                0xa72 (size before relaxing)
 .debug_str     0x000043f7        0x0 flash.o
                                0x792 (size before relaxing)
 .debug_str     0x000043f7        0x0 error.o
                                0x23b (size before relaxing)
 .debug_str     0x000043f7        0x0 journal.o
                                0x79b (size before relaxing)
 .debug_str     0x000043f7        0x0 map.o
                                0x6d1 (size before relaxing)
 .debug_str     0x000043f7        0x0 ioconf.o
                                0x25b (size before relaxing)
 .debug_str     0x000043f7        0x0 vers.o
                                0x123 (size before relaxing)
 .debug_str     0x000043f7        0x0 /usr/lib/gcc/arm-none-eabi/16.2.0/thumb/v6-m/nofp/libgcc.a(_udivsi3.o)
                                 0x9b (size before relaxing)
 .debug_str     0x000043f7        0x0 /usr/lib/gcc/arm-none-eabi/16.2.0/thumb/v6-m/nofp/libgcc.a(_divsi3.o)
                                 0x99 (size before relaxing)
 .debug_str     0x000043f7        0x0 /usr/lib/gcc/arm-none-eabi/16.2.0/thumb/v6-m/nofp/libgcc.a(_dvmd_tls.o)
                                 0x9c (size before relaxing)
 .debug_str     0x000043f7        0x0 swapunix.o
                                0x15e (size before relaxing)

.debug_frame    0x00000000     0x3a94
 .debug_frame   0x00000000       0x30 exec_aout.o
 .debug_frame   0x00000030       0x38 exec_elf.o
 .debug_frame   0x00000068       0x30 exec_script.o
 .debug_frame   0x00000098       0xe8 exec_subr.o
 .debug_frame   0x00000180       0x38 init_main.o
 .debug_frame   0x000001b8       0xd8 kern_clock.o
 .debug_frame   0x00000290      0x1bc kern_descrip.o
 .debug_frame   0x0000044c       0x64 kern_exec.o
 .debug_frame   0x000004b0       0xb0 kern_exit.o
 .debug_frame   0x00000560       0x88 kern_fork.o
 .debug_frame   0x000005e8       0x2c kern_mman.o
 .debug_frame   0x00000614       0x40 kern_proc.o
 .debug_frame   0x00000654       0xe8 kern_prot.o
 .debug_frame   0x0000073c       0x70 kern_prot2.o
 .debug_frame   0x000007ac       0xf4 kern_resource.o
 .debug_frame   0x000008a0      0x198 kern_sig.o
 .debug_frame   0x00000a38       0xf8 kern_sig2.o
 .debug_frame   0x00000b30       0x84 kern_subr.o
 .debug_frame   0x00000bb4      0x154 kern_synch.o
 .debug_frame   0x00000d08      0x248 kern_sysctl.o
 .debug_frame   0x00000f50       0xd0 kern_time.o
 .debug_frame   0x00001020      0x11c subr_prf.o
 .debug_frame   0x0000113c       0x74 subr_rmap.o
 .debug_frame   0x000011b0      0x1c0 sys_generic.o
 .debug_frame   0x00001370      0x164 sys_inode.o
 .debug_frame   0x000014d4       0xd8 sys_pipe.o
 .debug_frame   0x000015ac       0x44 sys_process.o
 .debug_frame   0x000015f0      0x344 tty.o
 .debug_frame   0x00001934      0x12c tty_subr.o
 .debug_frame   0x00001a60       0x94 tty_tty.o
 .debug_frame   0x00001af4       0xb8 ufs_alloc.o
 .debug_frame   0x00001bac      0x1b4 ufs_bio.o
 .debug_frame   0x00001d60       0x3c ufs_bmap.o
 .debug_frame   0x00001d9c       0x48 ufs_dsort.o
 .debug_frame   0x00001de4       0x6c ufs_fio.o
 .debug_frame   0x00001e50      0x17c ufs_inode.o
 .debug_frame   0x00001fcc       0xc4 ufs_mount.o
 .debug_frame   0x00002090      0x158 ufs_namei.o
 .debug_frame   0x000021e8       0x84 ufs_subr.o
 .debug_frame   0x0000226c      0x374 ufs_syscalls.o
 .debug_frame   0x000025e0      0x10c ufs_syscalls2.o
 .debug_frame   0x000026ec       0x68 vfs_vnops.o
 .debug_frame   0x00002754       0x8c vm_sched.o
 .debug_frame   0x000027e0       0x50 vm_swap.o
 .debug_frame   0x00002830       0x7c vm_swp.o
 .debug_frame   0x000028ac       0xd4 cons.o
 .debug_frame   0x00002980       0x40 mem.o
 .debug_frame   0x000029c0      0x110 swap.o
 .debug_frame   0x00002ad0       0x20 clock.o
 .debug_frame   0x00002af0       0xc0 conf.o
 .debug_frame   0x00002bb0       0x48 fault.o
 .debug_frame   0x00002bf8      0x244 machdep.o
 .debug_frame   0x00002e3c       0x54 sig_machdep.o
 .debug_frame   0x00002e90       0x4c syscall.o
 .debug_frame   0x00002edc       0x8c sysctl.o
 .debug_frame   0x00002f68       0x38 systick.o
 .debug_frame   0x00002fa0      0x198 uart.o
 .debug_frame   0x00003138      0x244 usb.o
 .debug_frame   0x0000337c      0x1fc flash.o
 .debug_frame   0x00003578       0x20 error.o
 .debug_frame   0x00003598      0x234 journal.o
 .debug_frame   0x000037cc      0x288 map.o
 .debug_frame   0x00003a54       0x20 /usr/lib/gcc/arm-none-eabi/16.2.0/thumb/v6-m/nofp/libgcc.a(_udivsi3.o)
 .debug_frame   0x00003a74       0x20 /usr/lib/gcc/arm-none-eabi/16.2.0/thumb/v6-m/nofp/libgcc.a(_divsi3.o)

.debug_rnglists
                0x00000000      0x641
 .debug_rnglists
                0x00000000       0x2e kern_clock.o
 .debug_rnglists
                0x0000002e       0x17 kern_descrip.o
 .debug_rnglists
                0x00000045       0x37 kern_exit.o
 .debug_rnglists
                0x0000007c       0x1a kern_fork.o
 .debug_rnglists
                0x00000096       0x17 kern_sig.o
 .debug_rnglists
                0x000000ad       0x17 kern_sig2.o
 .debug_rnglists
                0x000000c4       0x22 kern_time.o
 .debug_rnglists
                0x000000e6       0x64 subr_prf.o
 .debug_rnglists
                0x0000014a       0x17 sys_generic.o
 .debug_rnglists
                0x00000161       0x58 tty.o
 .debug_rnglists
                0x000001b9       0x17 tty_subr.o
 .debug_rnglists
                0x000001d0       0x17 ufs_alloc.o
 .debug_rnglists
                0x000001e7       0x48 ufs_inode.o
 .debug_rnglists
                0x0000022f       0x17 ufs_mount.o
 .debug_rnglists
                0x00000246       0x48 ufs_namei.o
 .debug_rnglists
                0x0000028e       0x27 ufs_syscalls.o
 .debug_rnglists
                0x000002b5       0x17 ufs_syscalls2.o
 .debug_rnglists
                0x000002cc       0x29 machdep.o
 .debug_rnglists
                0x000002f5       0x22 syscall.o
 .debug_rnglists
                0x00000317       0x5d uart.o
 .debug_rnglists
                0x00000374       0x27 usb.o
 .debug_rnglists
                0x0000039b       0x3f flash.o
 .debug_rnglists
                0x000003da      0x1b9 journal.o
 .debug_rnglists
                0x00000593       0xae map.o

.debug_line_str
                0x00000000       0x74
 .debug_line_str
                0x00000000       0x74 /usr/lib/gcc/arm-none-eabi/16.2.0/thumb/v6-m/nofp/libgcc.a(_udivsi3.o)
 .debug_line_str
                0x00000074        0x0 /usr/lib/gcc/arm-none-eabi/16.2.0/thumb/v6-m/nofp/libgcc.a(_divsi3.o)
                                 0x74 (size before relaxing)
 .debug_line_str
                0x00000074        0x0 /usr/lib/gcc/arm-none-eabi/16.2.0/thumb/v6-m/nofp/libgcc.a(_dvmd_tls.o)
                                 0x74 (size before relaxing)
