Archive member included to satisfy reference by file (symbol)

/usr/lib/gcc/arm-none-eabi/16.2.0/thumb/v6-m/nofp/libgcc.a(_udivsi3.o)
                              subr_prf.o (__aeabi_uidiv)
/usr/lib/gcc/arm-none-eabi/16.2.0/thumb/v6-m/nofp/libgcc.a(_divsi3.o)
                              exec_subr.o (__aeabi_idiv)
/usr/lib/gcc/arm-none-eabi/16.2.0/thumb/v6-m/nofp/libgcc.a(_dvmd_tls.o)
                              /usr/lib/gcc/arm-none-eabi/16.2.0/thumb/v6-m/nofp/libgcc.a(_udivsi3.o) (__aeabi_idiv0)

Merging object attributes


Allocating common symbols
Common symbol       size              file

swapent             0xc8              machdep.o
dk_unit             0x10              kern_clock.o
exec_maxhdrsz       0x4               exec_conf.o
dk_name             0x10              kern_clock.o
proc                0x9c4             machdep.o
avenrun             0x6               exec_elf.o
nchash              0x80              ufs_namei.o
rate                0x14              init_main.o
cnttys              0x78              cons.o
hostnamelen         0x4               exec_elf.o
callout             0x120             machdep.o
selwait             0x4               sys_generic.o
nextinodeid         0x4               exec_aout.o
ifreeh              0x4               ufs_inode.o
cfreecount          0x4               init_main.o
cwaiting            0x1               tty_subr.o
boothowto           0x4               init_main.o
usbttys             0x78              usb.o
sum                 0x28              init_main.o
cnt                 0x14              init_main.o
nswap               0x4               init_main.o
dk_n                0x4               kern_clock.o
nchtail             0x4               ufs_namei.o
tk_nout             0x4               kern_clock.o
hostname            0x40              exec_elf.o
noproc              0x4               kern_clock.o
cp_time             0x10              kern_clock.o
fault_regs          0x20              fault.o
adjdelta            0x4               exec_elf.o
freeproc            0x4               exec_aout.o
physmem             0x4               init_main.o
runrun              0x4               kern_synch.o
freemem             0x4               init_main.o
nchstats            0x1c              exec_aout.o
bufdata             0x2800            machdep.o
rablock             0x4               sys_inode.o
tk_nin              0x4               kern_clock.o
file                0x240             machdep.o
lbolt               0x4               exec_elf.o
panicstr            0x4               subr_prf.o
slpque              0x40              kern_synch.o
pipedev             0x4               machdep.o
bfreelist           0x84              machdep.o
lastf               0x4               kern_descrip.o
curpri              0x1               kern_synch.o
swapstart           0x4               init_main.o
cpu_model           0x40              machdep.o
avefree             0x2               init_main.o
memlock             0xc               kern_sysctl.o
runout              0x1               vm_sched.o
pidhash             0x40              exec_aout.o
time                0x8               exec_elf.o
mount               0x980             exec_aout.o
calltodo            0x10              kern_clock.o
qs                  0x4               exec_aout.o
avefree30           0x2               init_main.o
cfree               0x400             machdep.o
boottime            0x8               exec_elf.o
buf                 0x1b8             machdep.o
allproc             0x4               exec_aout.o
mpid                0x4               kern_fork.o
nchhead             0x4               ufs_namei.o
hostid              0x4               exec_elf.o
callfree            0x4               kern_clock.o
ihead               0x80              ufs_inode.o
dk_xfer             0x10              kern_clock.o
dk_busy             0x4               kern_clock.o
cfreelist           0x4               init_main.o
rootdir             0x4               exec_aout.o
total               0x2c              init_main.o
ipc                 0x10              sys_process.o
inode               0xa20             machdep.o
zombproc            0x4               exec_aout.o
dk_bytes            0x10              kern_clock.o
ifreet              0x4               ufs_inode.o
namecache           0x548             machdep.o
uartttys            0xf0              uart.o
nselcoll            0x4               sys_generic.o
bufhash             0xc0              machdep.o
runin               0x1               vm_sched.o
forkstat            0x10              init_main.o
updlock             0x4               ufs_subr.o

There are no discarded input sections

Memory Configuration

Name             Origin             Length             Attributes
BOOT2            0x10000000         0x00000100         xr
FLASH            0x10000100         0x0001ff00         xr
FSFLASH          0x10020000         0x00180000         r
SWAPFLASH        0x101a0000         0x00060000         r
USERRAM          0x20000000         0x00018000         xrw
RAM              0x20018000         0x00026800         rw!x
U0AREA           0x2003e800         0x00000c00         rw!x
UAREA            0x2003f400         0x00000c00         rw!x
*default*        0x00000000         0xffffffff

Linker script and memory map

                0x10000100                        __kernel_flash_start = ORIGIN (FLASH)
                0x10020000                        __kernel_flash_end = (ORIGIN (FLASH) + LENGTH (FLASH))
                0x20018000                        __kernel_data_start = ORIGIN (RAM)
                0x2003e800                        __kernel_data_end = (ORIGIN (RAM) + LENGTH (RAM))
                0x20000000                        __user_data_start = ORIGIN (USERRAM)
                0x20018000                        __user_data_end = (ORIGIN (USERRAM) + LENGTH (USERRAM))
                0x2003e800                        u0 = ORIGIN (U0AREA)
                0x2003f400                        u = ORIGIN (UAREA)
                0x20040000                        u_end = (ORIGIN (UAREA) + LENGTH (UAREA))
                0x20040000                        _estack = (ORIGIN (UAREA) + LENGTH (UAREA))

.boot2          0x10000000      0x100
 *(.boot2)
 .boot2         0x10000000      0x100 boot2.o

.text           0x10000100    0x170c1
 *(.isr_vector)
 .isr_vector    0x10000100       0xc0 locore0.o
                0x10000100                g_pfnVectors
                0x100001c0                        . = ALIGN (0x8)
 *(.text*)
 .text          0x100001c0        0x0 boot2.o
 .text          0x100001c0       0x20 locore0.o
 .text.Reset_Handler
                0x100001e0       0x8c locore0.o
                0x100001e0                Reset_Handler
 .text.Default_Handler
                0x1000026c        0x2 locore0.o
                0x1000026c                TIMER_IRQ_1_Handler
                0x1000026c                SPARE_IRQ_0_Handler
                0x1000026c                TIMER_IRQ_3_Handler
                0x1000026c                IO_IRQ_BANK0_Handler
                0x1000026c                NMI_Handler
                0x1000026c                PIO0_IRQ_0_Handler
                0x1000026c                SPI1_IRQ_Handler
                0x1000026c                PIO1_IRQ_1_Handler
                0x1000026c                DMA_IRQ_1_Handler
                0x1000026c                SPARE_IRQ_3_Handler
                0x1000026c                I2C1_IRQ_Handler
                0x1000026c                SPI0_IRQ_Handler
                0x1000026c                PIO0_IRQ_1_Handler
                0x1000026c                I2C0_IRQ_Handler
                0x1000026c                SPARE_IRQ_5_Handler
                0x1000026c                SIO_IRQ_PROC1_Handler
                0x1000026c                TIMER_IRQ_0_Handler
                0x1000026c                Default_Handler
                0x1000026c                DMA_IRQ_0_Handler
                0x1000026c                RTC_IRQ_Handler
                0x1000026c                TIMER_IRQ_2_Handler
                0x1000026c                CLOCKS_IRQ_Handler
                0x1000026c                PIO1_IRQ_0_Handler
                0x1000026c                ADC_IRQ_FIFO_Handler
                0x1000026c                SPARE_IRQ_1_Handler
                0x1000026c                IO_IRQ_QSPI_Handler
                0x1000026c                SPARE_IRQ_2_Handler
                0x1000026c                SIO_IRQ_PROC0_Handler
                0x1000026c                SPARE_IRQ_4_Handler
                0x1000026c                XIP_IRQ_Handler
                0x1000026c                PWM_IRQ_WRAP_Handler
 *fill*         0x1000026e        0x2 
 .text          0x10000270      0xca0 locore.o
                0x10000270                setjmp
                0x10000288                longjmp
                0x10000288                resume
                0x10000ed8                icode
                0x10000ef7                initflags
                0x10000f10                icodeend
 .text          0x10000f10      0x13c exec_aout.o
                0x10000f10                exec_aout_check
 .text          0x1000104c        0x0 exec_conf.o
 .text          0x1000104c      0x214 exec_elf.o
                0x1000104c                exec_elf_check
 .text          0x10001260      0x11c exec_script.o
                0x10001260                exec_script_check
 .text          0x1000137c      0x604 exec_subr.o
                0x1000137c                exec_setupstack
                0x100014d4                exec_alloc
                0x10001572                exec_alloc_freeall
                0x10001598                exec_estab
                0x10001660                exec_save_args
                0x1000182c                exec_clear
 .text          0x10001980      0x380 init_main.o
                0x10001980                main
 .text          0x10001d00        0x0 init_sysent.o
 .text          0x10001d00      0x47c kern_clock.o
                0x10001d00                gatherstats
                0x10001d3c                softclock
                0x10001dfc                hardclock
                0x10001fac                timeout
                0x10002048                untimeout
                0x100020ac                profil
                0x100020dc                hzto
                0x1000215c                coutinit
 .text          0x1000217c      0x628 kern_descrip.o
                0x10002204                getdtablesize
                0x10002214                fioctl
                0x10002228                fset
                0x10002258                fgetown
                0x10002270                fsetown
                0x100022a8                falloc
                0x10002340                getf
                0x10002364                fcntl
                0x10002488                fstat
                0x100024ec                closef
                0x10002530                dup2
                0x100025a8                dup
                0x1000260c                close
                0x1000268c                flock
                0x10002700                fdopen
                0x10002714                dupfdopen
 .text          0x100027a4      0x164 kern_exec.o
                0x100027a4                exec_check
                0x10002850                execve
                0x100028f4                execv
 .text          0x10002908      0x46c kern_exit.o
                0x10002908                endvfork
                0x10002964                exit
                0x10002b60                rexit
                0x10002b74                wait4
                0x10002d50                reboot
 .text          0x10002d74      0x3e0 kern_fork.o
                0x10002d74                newproc
                0x10003140                fork
                0x1000314a                vfork
 .text          0x10003154       0x7c kern_mman.o
                0x10003154                brk
 .text          0x100031d0       0x90 kern_proc.o
                0x100031d0                inferior
                0x100031f4                pfind
                0x10003218                pqinit
 .text          0x10003260      0x210 kern_prot.o
                0x10003260                getpid
                0x10003274                getppid
                0x10003288                getpgrp
                0x100032c8                getuid
                0x100032d8                geteuid
                0x100032e8                getgid
                0x100032f8                getegid
                0x10003308                getgroups
                0x10003374                setpgrp
                0x100033d8                setgroups
                0x10003444                groupmember
 .text          0x10003470       0xdc kern_prot2.o
                0x10003470                setuid
                0x100034a8                seteuid
                0x100034e0                setgid
                0x10003514                setegid
 .text          0x1000354c      0x420 kern_resource.o
                0x100035b0                getpriority
                0x10003684                setpriority
                0x10003770                setrlimit
                0x10003818                getrlimit
                0x100038a8                ruadd
                0x100038be                rucvt
                0x10003928                getrusage
 .text          0x1000396c      0x870 kern_sig.o
                0x100039c4                sigstack
                0x10003a44                stop
                0x10003a5a                psignal
                0x10003c9c                killpg
                0x10003cc4                kill
                0x10003d44                gsignal
                0x10003d74                issignal
                0x10003ea4                postsig
                0x100040a8                execsigs
                0x10004118                nosys
                0x10004144                userret
 .text          0x100041dc      0x4ec kern_sig2.o
                0x100041dc                sigaction
                0x100043e0                fatalsig
                0x10004414                siginit
                0x1000444c                sigprocmask
                0x100044e0                sigpending
                0x10004504                sigsuspend
                0x10004570                sigaltstack
                0x1000462c                sigwait
 .text          0x100046c8      0x144 kern_subr.o
                0x100046c8                uiomove
                0x1000473a                ureadc
                0x10004790                uwritec
                0x100047e8                uiofmove
 .text          0x1000480c      0x65c kern_synch.o
                0x1000480c                unsleep
                0x10004854                setpri
                0x10004884                updatepri
                0x100048b2                swtch
                0x100049c0                setrq
                0x100049e0                wakeup
                0x10004acc                schedcpu
                0x10004b94                tsleep
                0x10004d10                sleep
                0x10004d58                setrun
                0x10004e20                remrq
 .text          0x10004e68      0xad0 kern_sysctl.o
                0x10004e68                __sysctl
                0x10004fc4                sysctl_int
                0x1000502a                sysctl_rdint
                0x10005064                sysctl_long
                0x100050ca                sysctl_rdlong
                0x10005104                sysctl_string
                0x10005176                sysctl_rdstring
                0x100051b6                hw_sysctl
                0x10005268                sysctl_struct
                0x100052d0                sysctl_rdstruct
                0x10005308                vm_sysctl
                0x10005398                sysctl_file
                0x10005434                sysctl_clockrate
                0x10005474                sysctl_inode
                0x10005524                fill_from_u
                0x10005608                fill_eproc
                0x10005628                sysctl_doproc
                0x10005774                kern_sysctl
 .text          0x10005938      0x3d4 kern_time.o
                0x10005938                gettimeofday
                0x100059b4                settimeofday
                0x10005a70                adjtime
                0x10005b1c                getitimer
                0x10005ba0                setitimer
                0x10005c80                itimerfix
                0x10005cc8                timevaladd
 .text          0x10005d0c      0x9d4 subr_prf.o
                0x100065b8                puts
                0x100065d8                printf
                0x100065f0                uprintf
                0x10006628                tprintf
                0x1000666c                log
                0x100066a8                panic
 .text          0x100066e0      0x228 subr_rmap.o
                0x100066e0                malloc
                0x10006748                mfree
                0x10006828                malloc3
 .text          0x10006908      0x778 sys_generic.o
                0x10006908                sorw
                0x1000690c                soctl
                0x10006910                sosel
                0x10006914                socls
                0x100069d0                read
                0x100069fc                readv
                0x10006a44                write
                0x10006a70                writev
                0x10006ab8                ioctl
                0x10006c00                selscan
                0x10006fcc                select
                0x10006fec                pselect
                0x10007000                seltrue
                0x10007004                selwakeup
                0x10007070                nostrategy
                0x10007072                nonet
 .text          0x10007080      0xb24 sys_inode.o
                0x10007080                ino_select
                0x100070b0                ino_ioctl
                0x100071c8                rwip
                0x100075ec                ino_rw
                0x100076d4                rdwri
                0x10007716                ino_stat
                0x1000779c                closei
                0x100078b4                ino_unlock
                0x10007930                ino_lock
                0x10007a2a                openi
                0x10007b2c                vhangup
 .text          0x10007ba4      0x4b8 sys_pipe.o
                0x10007ba4                pipe_select
                0x10007c60                pipe_close
                0x10007cd4                readp
                0x10007ddc                writep
                0x10007f3c                pipe_rw
                0x10007f50                pipe
 .text          0x1000805c      0x1a8 sys_process.o
                0x1000805c                ptrace
                0x10008134                procxmt
 .text          0x10008204        0x0 syscalls.o
 .text          0x10008204     0x1890 tty.o
                0x1000827a                ttychars
                0x10008290                ttyowake
                0x100082e4                ttstart
                0x10008360                ttyblock
                0x100083f0                ttrstrt
                0x10008400                ttyopen
                0x10008458                nullmodem
                0x10008470                ttbreakc
                0x100084a4                ttyoutput
                0x10008888                ttycheckoutq
                0x10008944                ttwrite
                0x10008bec                ttwakeup
                0x10008c2c                ttyflush
                0x10008d00                ttywflush
                0x10008d12                ttylclose
                0x10008d28                ttyclose
                0x10008d3a                ttymodem
                0x10008dd4                ttyinput
                0x10009258                ttyselect
                0x1000930c                ttread
                0x10009568                ttioctl
 .text          0x10009a94      0x598 tty_subr.o
                0x10009a94                getc
                0x10009b44                q_to_b
                0x10009c58                ndqb
                0x10009ca8                ndflush
                0x10009da0                putc
                0x10009e38                b_to_q
                0x10009f18                nextc
                0x10009f38                unputc
                0x10009fcc                catq
 .text          0x1000a02c      0x148 tty_tty.o
                0x1000a02c                syopen
                0x1000a064                syread
                0x1000a09c                sywrite
                0x1000a0d4                syioctl
                0x1000a134                syselect
 .text          0x1000a174      0x49c ufs_alloc.o
                0x1000a174                free
                0x1000a240                ifree
                0x1000a294                fserr
                0x1000a2ac                balloc
                0x1000a438                ialloc
 .text          0x1000a610      0x6c8 ufs_bio.o
                0x1000a610                brelse
                0x1000a6b8                incore
                0x1000a704                biodone
                0x1000a740                geterror
                0x1000a75a                biowait
                0x1000a7a4                bwrite
                0x1000a81c                bdwrite
                0x1000a86c                getnewbuf
                0x1000a938                getblk
                0x1000a9fc                geteblk
                0x1000aa3c                blkflush
                0x1000aaf4                bflush
                0x1000ab74                bread
                0x1000abc8                breada
                0x1000aca0                binval
 .text          0x1000acd8      0x1e0 ufs_bmap.o
                0x1000acd8                bmap
 .text          0x1000aeb8       0xcc ufs_dsort.o
                0x1000aeb8                disksort
                0x1000af36                dk_alloc
 .text          0x1000af84      0x28c ufs_fio.o
                0x1000af84                access
                0x1000b02c                suser
                0x1000b04c                ufs_setattr
                0x1000b1cc                ufs_mountedon
 .text          0x1000b210      0x878 ufs_inode.o
                0x1000b210                ihinit
                0x1000b274                ifind
                0x1000b2a8                igrab
                0x1000b300                iupdat
                0x1000b3c8                indirtrunc
                0x1000b530                itrunc
                0x1000b700                irele
                0x1000b7ec                iput
                0x1000b810                iget
                0x1000b9d8                iflush
                0x1000ba44                ilock
                0x1000ba6c                iunlock
 .text          0x1000ba88      0x504 ufs_mount.o
                0x1000baf8                mount_updname
                0x1000bb58                mountfs
                0x1000bd7c                smount
                0x1000be9c                umount
 .text          0x1000bf8c     0x1190 ufs_namei.o
                0x1000bffc                namei
                0x1000ccc0                direnter
                0x1000ce60                dirremove
                0x1000cebe                dirrewrite
                0x1000cf00                dirempty
                0x1000cf7a                checkpath
                0x1000d028                nchinit
                0x1000d07c                nchinval
                0x1000d104                cinvalall
 .text          0x1000d11c      0x218 ufs_subr.o
                0x1000d11c                sync
                0x1000d198                syncip
                0x1000d27c                badblock
                0x1000d2ac                getfs
 .text          0x1000d334     0x1264 ufs_syscalls.o
                0x1000d3f2                chdir
                0x1000d400                chroot
                0x1000d418                open
                0x1000d518                link
                0x1000d60c                unlink
                0x1000d6ac                saccess
                0x1000d738                stat
                0x1000d742                lstat
                0x1000d74c                readlink
                0x1000d7b4                chflags
                0x1000d7ec                chmod
                0x1000d840                chmod1
                0x1000d8b4                chown
                0x1000d904                chown1
                0x1000d9a8                truncate
                0x1000da04                ftruncate
                0x1000da6c                rename
                0x1000dfc8                maknode
                0x1000e078                mknod
                0x1000e100                symlink
                0x1000e198                mkdir
                0x1000e30c                rmdir
                0x1000e430                getinode
                0x1000e468                fchdir
                0x1000e4c4                fchflags
                0x1000e4f8                fchmod
                0x1000e548                fchown
 .text          0x1000e598      0x380 ufs_syscalls2.o
                0x1000e60c                statfs
                0x1000e648                fstatfs
                0x1000e674                getfsstat
                0x1000e704                ufs_sync
                0x1000e7ec                umask
                0x1000e808                lseek
                0x1000e874                fsync
                0x1000e89c                utimes
 .text          0x1000e918      0x184 vfs_vnops.o
                0x1000e918                vn_open
                0x1000ea6c                vn_close
                0x1000ea80                vn_closefile
 .text          0x1000ea9c      0x3a0 vm_sched.o
                0x1000ea9c                sched
                0x1000ebd0                vmtotal
                0x1000ed7c                vmmeter
 .text          0x1000ee3c      0x330 vm_swap.o
                0x1000ee3c                swapin
                0x1000ef98                swapout
 .text          0x1000f16c      0x2ac vm_swp.o
                0x1000f16c                swap
                0x1000f23c                physio
                0x1000f3ec                rawrw
 .text          0x1000f418      0x108 cons.o
                0x1000f418                cnopen
                0x1000f430                cnclose
                0x1000f448                cnread
                0x1000f460                cnwrite
                0x1000f478                cnselect
                0x1000f490                cnioctl
                0x1000f4ac                cnputc
                0x1000f4f8                cngetc
 .text          0x1000f520       0xf0 mem.o
                0x1000f520                kmemdev
                0x1000f530                mmrw
 .text          0x1000f610      0x3d4 swap.o
                0x1000f610                swopen
                0x1000f648                swclose
                0x1000f680                swsize
                0x1000f6b8                swcopen
                0x1000f6d4                swcclose
                0x1000f6e4                swcread
                0x1000f7c4                swcwrite
                0x1000f8b0                swcioctl
                0x1000f948                swstrategy
 .text          0x1000f9e4       0x24 clock.o
                0x1000f9e4                clkstart
 .text          0x1000fa08       0x54 conf.o
                0x1000fa08                nullopen
                0x1000fa0c                nullclose
                0x1000fa10                noopen
                0x1000fa14                noclose
                0x1000fa18                norw
                0x1000fa1c                noioctl
                0x1000fa20                nullstop
                0x1000fa24                nosize
                0x1000fa28                iskmemdev
                0x1000fa3c                isdisk
                0x1000fa54                chrtoblk
 .text          0x1000fa5c      0x248 fault.o
                0x1000fa5c                HardFault_Handler
                0x1000fa86                arm_fault
 .text          0x1000fca4      0x754 machdep.o
                0x1000fcdc                SystemInit
                0x1000fcf4                startup
                0x1000fea0                config
                0x1000ff50                idle
                0x1000ff84                mdelay
                0x1000ffa4                boot
                0x100100d8                led_control
                0x100100fc                addupc
                0x1001011e                ffs
                0x1001013c                copystr
                0x10010174                strlen
                0x10010186                baduaddr
                0x100101a4                badkaddr
                0x100101d8                insque
                0x100101e4                remque
                0x100101f0                strncmp
                0x10010218                bcopy
                0x100102c6                memcpy
                0x100102d6                bzero
                0x10010352                bcmp
                0x10010394                copyout
                0x100103c6                copyin
 .text          0x100103f8      0x1cc sig_machdep.o
                0x100103f8                sendsig
                0x10010510                sigreturn
 .text          0x100105c4      0x220 syscall.o
                0x100105c4                SVC_Handler
                0x100105e8                PendSV_Handler
                0x10010630                syscall
 .text          0x100107e4      0x18c sysctl.o
                0x100107e4                ucall
                0x10010834                ufetch
                0x1001084c                ustore
                0x10010864                sc_msec
                0x10010874                cpu_sysctl
 .text          0x10010970       0x2c systick.o
                0x10010970                SysTick_Handler
                0x1001098a                systick
 .text          0x1001099c      0x4f8 uart.o
                0x100109c4                uartstart
                0x10010a3e                uartinit
                0x10010b48                uartopen
                0x10010c28                uartclose
                0x10010c5c                uartread
                0x10010c88                uartwrite
                0x10010cb4                uartselect
                0x10010cdc                uartioctl
                0x10010d14                uartintr
                0x10010da8                UART0_IRQ_Handler
                0x10010db4                UART1_IRQ_Handler
                0x10010dc4                uartputc
                0x10010e5c                uartgetc
 .text          0x10010e94      0xb3c usb.o
                0x10011034                usbstart
                0x10011680                usbintr
                0x1001169a                USBCTRL_IRQ_Handler
                0x100116a2                usbinit
                0x10011790                usbopen
                0x10011840                usbclose
                0x10011858                usbread
                0x10011868                usbwrite
                0x10011878                usbioctl
                0x10011890                usbselect
                0x100118a0                usbputc
                0x10011914                usbdrain
                0x10011958                usbpoll
                0x10011972                usbgetc
 .text          0x100119d0      0x784 flash.o
                0x100119d0                rom_func_lookup
                0x10011b9c                dhara_nand_is_bad
                0x10011ba0                dhara_nand_mark_bad
                0x10011ba2                dhara_nand_erase
                0x10011bc4                dhara_nand_prog
                0x10011bf8                dhara_nand_is_free
                0x10011c20                dhara_nand_read
                0x10011c68                dhara_nand_copy
                0x10011ca0                flopen
                0x10011cf4                flclose
                0x10011d54                flsize
                0x10011da8                flstrategy
                0x100120d4                flioctl
 .text          0x10012154       0x18 error.o
                0x10012154                dhara_strerror
 .text          0x1001216c      0xa30 journal.o
                0x100125de                dhara_journal_init
                0x10012614                dhara_journal_resume
                0x100128f2                dhara_journal_capacity
                0x1001291a                dhara_journal_size
                0x10012948                dhara_journal_read_meta
                0x100129b2                dhara_journal_peek
                0x10012a24                dhara_journal_dequeue
                0x10012a68                dhara_journal_clear
                0x10012a96                dhara_journal_enqueue
                0x10012b04                dhara_journal_copy
                0x10012b6c                dhara_journal_next_recoverable
 .text          0x10012b9c      0x780 map.o
                0x10012f68                dhara_map_init
                0x10012f80                dhara_map_resume
                0x10012fb0                dhara_map_clear
                0x10012fc4                dhara_map_capacity
                0x10012ff0                dhara_map_find
                0x10013000                dhara_map_read
                0x10013060                dhara_map_sync
                0x100130d0                dhara_map_gc
                0x100131d6                dhara_map_write
                0x10013236                dhara_map_copy_page
                0x10013296                dhara_map_trim
                0x100132d4                dhara_map_copy_sector
 .text          0x1001331c      0x4a8 swapram.o
                0x1001336c                swapram_out
                0x10013448                swapram_put
                0x1001357c                swapram_commit
                0x100135f0                swapram_present
                0x100135fc                swapram_in
 .text          0x100137c4      0x27c swapram_pool.o
                0x100137c4                swapram_pool_init
                0x100137f0                swapram_pool_alloc
                0x1001386e                swapram_pool_free
                0x100139d0                swapram_pool_trim
                0x100139f8                swapram_pool_avail
                0x10013a18                swapram_pool_largest
 .text          0x10013a40      0x420 heatshrink_encoder.o
                0x10013ad6                heatshrink_encoder_reset
                0x10013afe                heatshrink_encoder_sink
                0x10013b74                heatshrink_encoder_poll
                0x10013e38                heatshrink_encoder_finish
 .text          0x10013e60      0x2c0 heatshrink_decoder.o
                0x10013ee8                heatshrink_decoder_reset
                0x10013f0c                heatshrink_decoder_sink
                0x10013f56                heatshrink_decoder_poll
                0x100140e4                heatshrink_decoder_finish
 .text          0x10014120        0x0 ioconf.o
 .text          0x10014120        0x0 vers.o
 .text          0x10014120       0x8c /usr/lib/gcc/arm-none-eabi/16.2.0/thumb/v6-m/nofp/libgcc.a(_udivsi3.o)
                0x10014120                __udivsi3
                0x10014120                __aeabi_uidiv
                0x10014198                __aeabi_uidivmod
 .text          0x100141ac       0xa8 /usr/lib/gcc/arm-none-eabi/16.2.0/thumb/v6-m/nofp/libgcc.a(_divsi3.o)
                0x100141ac                __aeabi_idiv
                0x100141ac                __divsi3
                0x10014240                __aeabi_idivmod
 .text          0x10014254        0x4 /usr/lib/gcc/arm-none-eabi/16.2.0/thumb/v6-m/nofp/libgcc.a(_dvmd_tls.o)
                0x10014254                __aeabi_ldiv0
                0x10014254                __aeabi_idiv0
 .text          0x10014258        0x0 swapunix.o
 .text.__stub   0x10014258       0x30 linker stubs
                0x10014288                        . = ALIGN (0x8)
 *(.rodata*)
 .rodata.str1.4
                0x10014288     0x1a81 exec_aout.o
                                 0x17 (size before relaxing)
 .rodata.str1.4
                0x10015d09        0x0 exec_conf.o
                                 0x13 (size before relaxing)
 *fill*         0x10015d09        0x3 
 .rodata        0x10015d0c       0x18 exec_conf.o
                0x10015d0c                execsw
 .rodata.str1.4
                0x10015d24        0x0 exec_elf.o
                                 0x18 (size before relaxing)
 .rodata        0x10015d24        0x9 exec_elf.o
 .rodata.str1.4
                0x10015d2d        0x0 exec_subr.o
                                  0xb (size before relaxing)
 .rodata.str1.4
                0x10015d2d        0x0 init_main.o
                                 0xc7 (size before relaxing)
 *fill*         0x10015d2d        0x3 
 .rodata        0x10015d30      0x4e4 init_sysent.o
                0x10015d30                nsysent
                0x10015d34                sysent
 .rodata.str1.4
                0x10016214        0x0 kern_clock.o
                                 0x17 (size before relaxing)
 .rodata.str1.4
                0x10016214        0x0 kern_descrip.o
                                 0x12 (size before relaxing)
 .rodata        0x10016214       0x1c kern_descrip.o
 .rodata.str1.4
                0x10016230        0x0 kern_exit.o
                                 0x11 (size before relaxing)
 .rodata.str1.4
                0x10016230        0x0 kern_fork.o
                                 0x2e (size before relaxing)
 .rodata.str1.4
                0x10016230        0x0 kern_sig.o
                                  0xe (size before relaxing)
 .rodata        0x10016230       0x21 kern_sig2.o
                0x10016230                sigprop
 .rodata.str1.4
                0x10016251        0x0 kern_subr.o
                                 0x10 (size before relaxing)
 .rodata.str1.4
                0x10016251        0x0 kern_synch.o
                                 0x16 (size before relaxing)
 *fill*         0x10016251        0x3 
 .rodata        0x10016254       0xb0 kern_sysctl.o
 .rodata.str1.4
                0x10016304        0x0 subr_prf.o
                                 0x27 (size before relaxing)
 .rodata        0x10016304      0x160 subr_prf.o
 .rodata.str1.4
                0x10016464        0x0 subr_rmap.o
                                 0x49 (size before relaxing)
 .rodata        0x10016464       0x20 sys_generic.o
                0x10016464                Fops
                0x10016474                socketops
 .rodata        0x10016484       0x10 sys_inode.o
                0x10016484                inodeops
 .rodata        0x10016494       0x10 sys_pipe.o
                0x10016494                pipeops
 .rodata        0x100164a4       0x28 sys_process.o
 .rodata.str1.4
                0x100164cc        0x0 syscalls.o
                                0x535 (size before relaxing)
 .rodata        0x100164cc      0x270 syscalls.o
                0x100164cc                syscallnames
 .rodata.str1.4
                0x1001673c        0x0 tty.o
                                 0x1f (size before relaxing)
 .rodata        0x1001673c      0x214 tty.o
                0x10016768                ttlowat
                0x100167dc                tthiwat
                0x10016850                partab
 .rodata.str1.4
                0x10016950        0x0 ufs_alloc.o
                                 0x85 (size before relaxing)
 .rodata.str1.4
                0x10016950        0x0 ufs_bio.o
                                  0xc (size before relaxing)
 .rodata.str1.4
                0x10016950        0x0 ufs_inode.o
                                 0x2d (size before relaxing)
 .rodata.str1.4
                0x10016950        0x0 ufs_namei.o
                                 0xc8 (size before relaxing)
 .rodata.str1.4
                0x10016950        0x0 ufs_subr.o
                                 0x3e (size before relaxing)
 .rodata.str1.4
                0x10016950        0x0 ufs_syscalls.o
                                 0x45 (size before relaxing)
 .rodata        0x10016950       0x18 ufs_syscalls.o
                0x10016950                mastertemplate
 .rodata.str1.4
                0x10016968        0x0 ufs_syscalls2.o
                                 0x17 (size before relaxing)
 .rodata.str1.4
                0x10016968        0x0 vm_swap.o
                                 0x4a (size before relaxing)
 .rodata.str1.4
                0x10016968        0x0 vm_swp.o
                                  0xf (size before relaxing)
 .rodata.str1.4
                0x10016968        0x0 mem.o
                                  0x5 (size before relaxing)
 .rodata.str1.4
                0x10016968        0x0 swap.o
                                0x112 (size before relaxing)
 .rodata        0x10016968      0x420 conf.o
                0x10016968                nchrdev
                0x1001696c                cdevsw
                0x10016cdc                nblkdev
                0x10016ce0                bdevsw
 .rodata.str1.4
                0x10016d88        0x0 fault.o
                                0x1d5 (size before relaxing)
 .rodata.str1.4
                0x10016d88        0x0 machdep.o
                                0x118 (size before relaxing)
 .rodata.str1.4
                0x10016d88        0x0 syscall.o
                                  0xf (size before relaxing)
 .rodata.str1.4
                0x10016d88        0x0 sysctl.o
                                0x913 (size before relaxing)
 .rodata        0x10016d88      0x280 sysctl.o
 .rodata.str1.4
                0x10017008        0x0 uart.o
                                 0x29 (size before relaxing)
 .rodata        0x10017008       0x10 uart.o
 .rodata.str1.4
                0x10017018        0x0 usb.o
                                 0x8e (size before relaxing)
 .rodata        0x10017018       0xb0 usb.o
 .rodata.str1.4
                0x100170c8        0x0 flash.o
                                 0xb8 (size before relaxing)
 .rodata        0x100170c8        0x8 flash.o
                0x100170c8                flnand
 .rodata.str1.4
                0x100170d0        0x0 error.o
                                 0xbc (size before relaxing)
 .rodata        0x100170d0       0x24 error.o
 .rodata.str1.4
                0x100170f4        0x0 swapram.o
                                0x155 (size before relaxing)
 .rodata        0x100170f4       0x28 heatshrink_encoder.o
 .rodata        0x1001711c       0x1c heatshrink_decoder.o
 .rodata        0x10017138       0x89 vers.o
                0x10017138                osrelease
                0x1001713c                osversion
                0x10017144                ostype
                0x10017150                version

.glue_7         0x100171c4        0x0
 .glue_7        0x100171c4        0x0 linker stubs

.glue_7t        0x100171c4        0x0
 .glue_7t       0x100171c4        0x0 linker stubs

.vfp11_veneer   0x100171c4        0x0
 .vfp11_veneer  0x100171c4        0x0 linker stubs

.v4_bx          0x100171c4        0x0
 .v4_bx         0x100171c4        0x0 linker stubs

.iplt           0x100171c4        0x0
 .iplt          0x100171c4        0x0 locore0.o

.rel.dyn        0x100171c4        0x0
 .rel.iplt      0x100171c4        0x0 locore0.o

.ARM.extab
 *(.ARM.extab* .gnu.linkonce.armextab.*)

.ARM.exidx      0x100171c1        0x0
                0x100171c1                        __exidx_start = .
 *(.ARM.exidx* .gnu.linkonce.armexidx.*)
                0x100171c1                        __exidx_end = .
                0x100171c4                        . = ALIGN (0x4)
                0x100171c4                        __etext = .
                0x100171c4                        _sidata = LOADADDR (.data)

.data           0x20018000      0x200 load address 0x100171c4
                0x20018000                        __data_start__ = .
                0x20018000                        _sdata = .
 *(.data*)
 .data          0x20018000        0x0 boot2.o
 .data          0x20018000        0x0 locore0.o
 .data          0x20018000        0x0 locore.o
 .data          0x20018000        0x0 exec_aout.o
 .data          0x20018000        0x4 exec_conf.o
                0x20018000                nexecs
 .data          0x20018004        0x0 exec_elf.o
 .data          0x20018004        0x0 exec_script.o
 .data          0x20018004        0x0 exec_subr.o
 .data          0x20018004        0x0 init_main.o
 .data          0x20018004        0x0 init_sysent.o
 .data          0x20018004        0x4 kern_clock.o
                0x20018004                dk_ndrive
 .data          0x20018008        0x0 kern_descrip.o
 .data          0x20018008        0x0 kern_exec.o
 .data          0x20018008        0x0 kern_exit.o
 .data          0x20018008        0x0 kern_fork.o
 .data          0x20018008        0x0 kern_mman.o
 .data          0x20018008        0x0 kern_proc.o
 .data          0x20018008        0x0 kern_prot.o
 .data          0x20018008        0x0 kern_prot2.o
 .data          0x20018008        0x0 kern_resource.o
 .data          0x20018008        0x0 kern_sig.o
 .data          0x20018008        0x0 kern_sig2.o
 .data          0x20018008        0x0 kern_subr.o
 .data          0x20018008        0x0 kern_synch.o
 .data          0x20018008        0x0 kern_sysctl.o
 .data          0x20018008        0x0 kern_time.o
 .data          0x20018008        0x0 subr_prf.o
 .data          0x20018008        0x0 subr_rmap.o
 .data          0x20018008        0x0 sys_generic.o
 .data          0x20018008        0x0 sys_inode.o
 .data          0x20018008        0x0 sys_pipe.o
 .data          0x20018008        0x0 sys_process.o
 .data          0x20018008        0x0 syscalls.o
 .data          0x20018008       0x10 tty.o
                0x2001800c                TTYBLOCK
                0x20018010                TTYHOG
                0x20018014                TTYUNBLOCK
 .data          0x20018018        0x0 tty_subr.o
 .data          0x20018018        0x0 tty_tty.o
 .data          0x20018018        0x0 ufs_alloc.o
 .data          0x20018018        0x0 ufs_bio.o
 .data          0x20018018        0x0 ufs_bmap.o
 .data          0x20018018        0x0 ufs_dsort.o
 .data          0x20018018        0x0 ufs_fio.o
 .data          0x20018018        0x0 ufs_inode.o
 .data          0x20018018        0x0 ufs_mount.o
 .data          0x20018018        0x0 ufs_namei.o
 .data          0x20018018        0x0 ufs_subr.o
 .data          0x20018018        0x0 ufs_syscalls.o
 .data          0x20018018        0x0 ufs_syscalls2.o
 .data          0x20018018        0x0 vfs_vnops.o
 .data          0x20018018        0x4 vm_sched.o
                0x20018018                maxslp
 .data          0x2001801c        0x0 vm_swap.o
 .data          0x2001801c        0x0 vm_swp.o
 .data          0x2001801c        0x0 cons.o
 .data          0x2001801c        0x0 mem.o
 .data          0x2001801c        0x0 swap.o
 .data          0x2001801c        0x0 clock.o
 .data          0x2001801c        0x0 conf.o
 .data          0x2001801c        0x0 fault.o
 .data          0x2001801c       0x37 machdep.o
                0x2001801c                dumplo
                0x20018020                waittime
                0x20018024                dump
                0x20018028                swapmap
                0x20018034                nproc
                0x20018038                tz
                0x20018040                usechz
                0x20018044                hz
                0x20018048                machine_arch
                0x2001804c                machine
 .data          0x20018053        0x0 sig_machdep.o
 .data          0x20018053        0x0 syscall.o
 .data          0x20018053        0x0 sysctl.o
 .data          0x20018053        0x0 systick.o
 *fill*         0x20018053        0x1 
 .data          0x20018054        0x8 uart.o
                0x20018054                uartdriver
 .data          0x2001805c        0x8 usb.o
                0x2001805c                uartusbdriver
 .data          0x20018064        0x0 flash.o
 .data          0x20018064        0x0 error.o
 .data          0x20018064        0x0 journal.o
 .data          0x20018064        0x0 map.o
 .data          0x20018064        0x4 swapram.o
                0x20018064                swapramdebug
 .data          0x20018068        0x0 swapram_pool.o
 .data          0x20018068        0x0 heatshrink_encoder.o
 .data          0x20018068        0x0 heatshrink_decoder.o
 .data          0x20018068       0x84 ioconf.o
                0x20018068                conf_device_init
 .data          0x200180ec        0x0 vers.o
 .data          0x200180ec        0x0 /usr/lib/gcc/arm-none-eabi/16.2.0/thumb/v6-m/nofp/libgcc.a(_udivsi3.o)
 .data          0x200180ec        0x0 /usr/lib/gcc/arm-none-eabi/16.2.0/thumb/v6-m/nofp/libgcc.a(_divsi3.o)
 .data          0x200180ec        0x0 /usr/lib/gcc/arm-none-eabi/16.2.0/thumb/v6-m/nofp/libgcc.a(_dvmd_tls.o)
 .data          0x200180ec        0xc swapunix.o
                0x200180ec                swapdev
                0x200180f0                dumpdev
                0x200180f4                rootdev
                0x200180f8                        . = ALIGN (0x8)
                0x200180f8                        __ramfunc_start__ = .
 *(.ramfunc*)
 .ramfunc       0x200180f8       0x68 machdep.o
 .ramfunc       0x20018160       0x9c flash.o
                0x20018200                        . = ALIGN (0x8)
 *fill*         0x200181fc        0x4 
                0x20018200                        __ramfunc_end__ = .
                0x20018200                        __data_end__ = .
                0x20018200                        _edata = .

.igot.plt       0x20018200        0x0 load address 0x100173c4
 .igot.plt      0x20018200        0x0 locore0.o

.bss            0x20018200    0x1a5e8 load address 0x100173c4
                0x20018200                        . = ALIGN (0x8)
                0x20018200                        __bss_start__ = .
                0x20018200                        _sbss = .
 *(.bss*)
 .bss           0x20018200        0x0 boot2.o
 .bss           0x20018200        0x0 locore0.o
 .bss           0x20018200        0x0 locore.o
 .bss           0x20018200        0x0 exec_aout.o
 .bss           0x20018200        0x0 exec_conf.o
 .bss           0x20018200        0x0 exec_elf.o
 .bss           0x20018200        0x0 exec_script.o
 .bss           0x20018200        0x0 exec_subr.o
 .bss           0x20018200        0x0 init_main.o
 .bss           0x20018200        0x0 init_sysent.o
 .bss           0x20018200        0x0 kern_clock.o
 .bss           0x20018200        0x0 kern_descrip.o
 .bss           0x20018200        0x0 kern_exec.o
 .bss           0x20018200        0x0 kern_exit.o
 .bss           0x20018200        0x4 kern_fork.o
 .bss           0x20018204        0x0 kern_mman.o
 .bss           0x20018204        0x0 kern_proc.o
 .bss           0x20018204        0x0 kern_prot.o
 .bss           0x20018204        0x0 kern_prot2.o
 .bss           0x20018204        0x0 kern_resource.o
 .bss           0x20018204        0x0 kern_sig.o
 .bss           0x20018204        0x0 kern_sig2.o
 .bss           0x20018204        0x0 kern_subr.o
 .bss           0x20018204        0x0 kern_synch.o
 .bss           0x20018204        0x0 kern_sysctl.o
 .bss           0x20018204        0x0 kern_time.o
 .bss           0x20018204        0x0 subr_prf.o
 .bss           0x20018204        0x0 subr_rmap.o
 .bss           0x20018204        0x0 sys_generic.o
 .bss           0x20018204        0x0 sys_inode.o
 .bss           0x20018204        0x4 sys_pipe.o
 .bss           0x20018208        0x0 sys_process.o
 .bss           0x20018208        0x0 syscalls.o
 .bss           0x20018208        0x0 tty.o
 .bss           0x20018208        0x0 tty_subr.o
 .bss           0x20018208        0x0 tty_tty.o
 .bss           0x20018208        0x0 ufs_alloc.o
 .bss           0x20018208        0x0 ufs_bio.o
 .bss           0x20018208        0x0 ufs_bmap.o
 .bss           0x20018208        0x0 ufs_dsort.o
 .bss           0x20018208        0x0 ufs_fio.o
 .bss           0x20018208        0x0 ufs_inode.o
 .bss           0x20018208        0x0 ufs_mount.o
 .bss           0x20018208        0x4 ufs_namei.o
                0x20018208                dirchk
 .bss           0x2001820c        0x0 ufs_subr.o
 .bss           0x2001820c        0x0 ufs_syscalls.o
 .bss           0x2001820c        0x0 ufs_syscalls2.o
 .bss           0x2001820c        0x0 vfs_vnops.o
 .bss           0x2001820c        0x0 vm_sched.o
 .bss           0x2001820c        0x0 vm_swap.o
 .bss           0x2001820c        0x0 vm_swp.o
 .bss           0x2001820c        0x0 cons.o
 .bss           0x2001820c        0x0 mem.o
 .bss           0x2001820c       0x18 swap.o
 .bss           0x20018224        0x0 clock.o
 .bss           0x20018224        0x0 conf.o
 .bss           0x20018224        0x4 fault.o
 .bss           0x20018228        0x4 machdep.o
                0x20018228                securelevel
 .bss           0x2001822c        0x0 sig_machdep.o
 .bss           0x2001822c        0x0 syscall.o
 .bss           0x2001822c        0x0 sysctl.o
 .bss           0x2001822c        0x0 systick.o
 .bss           0x2001822c        0x0 uart.o
 .bss           0x2001822c     0x20bc usb.o
 .bss           0x2001a2e8     0x1e00 flash.o
 .bss           0x2001c0e8        0x0 error.o
 .bss           0x2001c0e8        0x0 journal.o
 .bss           0x2001c0e8        0x0 map.o
 .bss           0x2001c0e8    0x10b30 swapram.o
 .bss           0x2002cc18        0x0 swapram_pool.o
 .bss           0x2002cc18        0x0 heatshrink_encoder.o
 .bss           0x2002cc18        0x0 heatshrink_decoder.o
 .bss           0x2002cc18       0x1c ioconf.o
                0x2002cc18                conf_service_init
                0x2002cc1c                conf_ctlr_init
 .bss           0x2002cc34        0x0 vers.o
 .bss           0x2002cc34        0x0 /usr/lib/gcc/arm-none-eabi/16.2.0/thumb/v6-m/nofp/libgcc.a(_udivsi3.o)
 .bss           0x2002cc34        0x0 /usr/lib/gcc/arm-none-eabi/16.2.0/thumb/v6-m/nofp/libgcc.a(_divsi3.o)
 .bss           0x2002cc34        0x0 /usr/lib/gcc/arm-none-eabi/16.2.0/thumb/v6-m/nofp/libgcc.a(_dvmd_tls.o)
 .bss           0x2002cc34        0x0 swapunix.o
 *(COMMON)
 COMMON         0x2002cc34      0x9f4 exec_aout.o
                0x2002cc34                nextinodeid
                0x2002cc38                freeproc
                0x2002cc3c                nchstats
                0x2002cc58                pidhash
                0x2002cc98                mount
                0x2002d618                qs
                0x2002d61c                allproc
                0x2002d620                rootdir
                0x2002d624                zombproc
 COMMON         0x2002d628        0x4 exec_conf.o
                0x2002d628                exec_maxhdrsz
 COMMON         0x2002d62c       0x68 exec_elf.o
                0x2002d62c                avenrun
                0x2002d634                hostnamelen
                0x2002d638                hostname
                0x2002d678                adjdelta
                0x2002d67c                lbolt
                0x2002d680                time
                0x2002d688                boottime
                0x2002d690                hostid
 COMMON         0x2002d694       0xac init_main.o
                0x2002d694                rate
                0x2002d6a8                cfreecount
                0x2002d6ac                boothowto
                0x2002d6b0                sum
                0x2002d6d8                cnt
                0x2002d6ec                nswap
                0x2002d6f0                physmem
                0x2002d6f4                freemem
                0x2002d6f8                swapstart
                0x2002d6fc                avefree
                0x2002d6fe                avefree30
                0x2002d700                cfreelist
                0x2002d704                total
                0x2002d730                forkstat
 COMMON         0x2002d740       0x78 kern_clock.o
                0x2002d740                dk_unit
                0x2002d750                dk_name
                0x2002d760                dk_n
                0x2002d764                tk_nout
                0x2002d768                noproc
                0x2002d76c                cp_time
                0x2002d77c                tk_nin
                0x2002d780                calltodo
                0x2002d790                callfree
                0x2002d794                dk_xfer
                0x2002d7a4                dk_busy
                0x2002d7a8                dk_bytes
 COMMON         0x2002d7b8        0x4 kern_descrip.o
                0x2002d7b8                lastf
 COMMON         0x2002d7bc        0x4 kern_fork.o
                0x2002d7bc                mpid
 COMMON         0x2002d7c0       0x45 kern_synch.o
                0x2002d7c0                runrun
                0x2002d7c4                slpque
                0x2002d804                curpri
 *fill*         0x2002d805        0x3 
 COMMON         0x2002d808        0xc kern_sysctl.o
                0x2002d808                memlock
 COMMON         0x2002d814        0x4 subr_prf.o
                0x2002d814                panicstr
 COMMON         0x2002d818        0x8 sys_generic.o
                0x2002d818                selwait
                0x2002d81c                nselcoll
 COMMON         0x2002d820        0x4 sys_inode.o
                0x2002d820                rablock
 COMMON         0x2002d824       0x10 sys_process.o
                0x2002d824                ipc
 COMMON         0x2002d834        0x1 tty_subr.o
                0x2002d834                cwaiting
 *fill*         0x2002d835        0x3 
 COMMON         0x2002d838       0x88 ufs_inode.o
                0x2002d838                ifreeh
                0x2002d83c                ihead
                0x2002d8bc                ifreet
 COMMON         0x2002d8c0       0x88 ufs_namei.o
                0x2002d8c0                nchash
                0x2002d940                nchtail
                0x2002d944                nchhead
 COMMON         0x2002d948        0x4 ufs_subr.o
                0x2002d948                updlock
 COMMON         0x2002d94c        0x2 vm_sched.o
                0x2002d94c                runout
                0x2002d94d                runin
 *fill*         0x2002d94e        0x2 
 COMMON         0x2002d950       0x78 cons.o
                0x2002d950                cnttys
 COMMON         0x2002d9c8       0x20 fault.o
                0x2002d9c8                fault_regs
 COMMON         0x2002d9e8     0x4c94 machdep.o
                0x2002d9e8                swapent
                0x2002dab0                proc
                0x2002e474                callout
                0x2002e594                bufdata
                0x20030d94                file
                0x20030fd4                pipedev
                0x20030fd8                bfreelist
                0x2003105c                cpu_model
                0x2003109c                cfree
                0x2003149c                buf
                0x20031654                inode
                0x20032074                namecache
                0x200325bc                bufhash
 COMMON         0x2003267c       0xf0 uart.o
                0x2003267c                uartttys
 COMMON         0x2003276c       0x78 usb.o
                0x2003276c                usbttys
                0x200327e8                        . = ALIGN (0x8)
 *fill*         0x200327e4        0x4 
                0x200327e8                        __bss_end__ = .
                0x200327e8                        _ebss = .
LOAD boot2.o
LOAD locore0.o
LOAD locore.o
LOAD exec_aout.o
LOAD exec_conf.o
LOAD exec_elf.o
LOAD exec_script.o
LOAD exec_subr.o
LOAD init_main.o
LOAD init_sysent.o
LOAD kern_clock.o
LOAD kern_descrip.o
LOAD kern_exec.o
LOAD kern_exit.o
LOAD kern_fork.o
LOAD kern_mman.o
LOAD kern_proc.o
LOAD kern_prot.o
LOAD kern_prot2.o
LOAD kern_resource.o
LOAD kern_sig.o
LOAD kern_sig2.o
LOAD kern_subr.o
LOAD kern_synch.o
LOAD kern_sysctl.o
LOAD kern_time.o
LOAD subr_prf.o
LOAD subr_rmap.o
LOAD sys_generic.o
LOAD sys_inode.o
LOAD sys_pipe.o
LOAD sys_process.o
LOAD syscalls.o
LOAD tty.o
LOAD tty_subr.o
LOAD tty_tty.o
LOAD ufs_alloc.o
LOAD ufs_bio.o
LOAD ufs_bmap.o
LOAD ufs_dsort.o
LOAD ufs_fio.o
LOAD ufs_inode.o
LOAD ufs_mount.o
LOAD ufs_namei.o
LOAD ufs_subr.o
LOAD ufs_syscalls.o
LOAD ufs_syscalls2.o
LOAD vfs_vnops.o
LOAD vm_sched.o
LOAD vm_swap.o
LOAD vm_swp.o
LOAD cons.o
LOAD mem.o
LOAD swap.o
LOAD clock.o
LOAD conf.o
LOAD fault.o
LOAD machdep.o
LOAD sig_machdep.o
LOAD syscall.o
LOAD sysctl.o
LOAD systick.o
LOAD uart.o
LOAD usb.o
LOAD flash.o
LOAD error.o
LOAD journal.o
LOAD map.o
LOAD swapram.o
LOAD swapram_pool.o
LOAD heatshrink_encoder.o
LOAD heatshrink_decoder.o
LOAD ioconf.o
LOAD vers.o
LOAD /usr/lib/gcc/arm-none-eabi/16.2.0/thumb/v6-m/nofp/libgcc.a
LOAD swapunix.o
OUTPUT(unix elf32-littlearm)
LOAD linker stubs

.ARM.attributes
                0x00000000       0x2e
 .ARM.attributes
                0x00000000       0x22 boot2.o
 .ARM.attributes
                0x00000022       0x22 locore0.o
 .ARM.attributes
                0x00000044       0x1c locore.o
 .ARM.attributes
                0x00000060       0x2c exec_aout.o
 .ARM.attributes
                0x0000008c       0x2c exec_conf.o
 .ARM.attributes
                0x000000b8       0x2c exec_elf.o
 .ARM.attributes
                0x000000e4       0x2c exec_script.o
 .ARM.attributes
                0x00000110       0x2c exec_subr.o
 .ARM.attributes
                0x0000013c       0x2c init_main.o
 .ARM.attributes
                0x00000168       0x2c init_sysent.o
 .ARM.attributes
                0x00000194       0x2c kern_clock.o
 .ARM.attributes
                0x000001c0       0x2c kern_descrip.o
 .ARM.attributes
                0x000001ec       0x2c kern_exec.o
 .ARM.attributes
                0x00000218       0x2c kern_exit.o
 .ARM.attributes
                0x00000244       0x2c kern_fork.o
 .ARM.attributes
                0x00000270       0x2c kern_mman.o
 .ARM.attributes
                0x0000029c       0x2c kern_proc.o
 .ARM.attributes
                0x000002c8       0x2c kern_prot.o
 .ARM.attributes
                0x000002f4       0x2c kern_prot2.o
 .ARM.attributes
                0x00000320       0x2c kern_resource.o
 .ARM.attributes
                0x0000034c       0x2c kern_sig.o
 .ARM.attributes
                0x00000378       0x2c kern_sig2.o
 .ARM.attributes
                0x000003a4       0x2c kern_subr.o
 .ARM.attributes
                0x000003d0       0x2c kern_synch.o
 .ARM.attributes
                0x000003fc       0x2c kern_sysctl.o
 .ARM.attributes
                0x00000428       0x2c kern_time.o
 .ARM.attributes
                0x00000454       0x2c subr_prf.o
 .ARM.attributes
                0x00000480       0x2c subr_rmap.o
 .ARM.attributes
                0x000004ac       0x2c sys_generic.o
 .ARM.attributes
                0x000004d8       0x2c sys_inode.o
 .ARM.attributes
                0x00000504       0x2c sys_pipe.o
 .ARM.attributes
                0x00000530       0x2c sys_process.o
 .ARM.attributes
                0x0000055c       0x2c syscalls.o
 .ARM.attributes
                0x00000588       0x2c tty.o
 .ARM.attributes
                0x000005b4       0x2c tty_subr.o
 .ARM.attributes
                0x000005e0       0x2c tty_tty.o
 .ARM.attributes
                0x0000060c       0x2c ufs_alloc.o
 .ARM.attributes
                0x00000638       0x2c ufs_bio.o
 .ARM.attributes
                0x00000664       0x2c ufs_bmap.o
 .ARM.attributes
                0x00000690       0x2c ufs_dsort.o
 .ARM.attributes
                0x000006bc       0x2c ufs_fio.o
 .ARM.attributes
                0x000006e8       0x2c ufs_inode.o
 .ARM.attributes
                0x00000714       0x2c ufs_mount.o
 .ARM.attributes
                0x00000740       0x2c ufs_namei.o
 .ARM.attributes
                0x0000076c       0x2c ufs_subr.o
 .ARM.attributes
                0x00000798       0x2c ufs_syscalls.o
 .ARM.attributes
                0x000007c4       0x2c ufs_syscalls2.o
 .ARM.attributes
                0x000007f0       0x2c vfs_vnops.o
 .ARM.attributes
                0x0000081c       0x2c vm_sched.o
 .ARM.attributes
                0x00000848       0x2c vm_swap.o
 .ARM.attributes
                0x00000874       0x2c vm_swp.o
 .ARM.attributes
                0x000008a0       0x2c cons.o
 .ARM.attributes
                0x000008cc       0x2c mem.o
 .ARM.attributes
                0x000008f8       0x2c swap.o
 .ARM.attributes
                0x00000924       0x2c clock.o
 .ARM.attributes
                0x00000950       0x2c conf.o
 .ARM.attributes
                0x0000097c       0x2c fault.o
 .ARM.attributes
                0x000009a8       0x2c machdep.o
 .ARM.attributes
                0x000009d4       0x2c sig_machdep.o
 .ARM.attributes
                0x00000a00       0x2c syscall.o
 .ARM.attributes
                0x00000a2c       0x2c sysctl.o
 .ARM.attributes
                0x00000a58       0x2c systick.o
 .ARM.attributes
                0x00000a84       0x2c uart.o
 .ARM.attributes
                0x00000ab0       0x2c usb.o
 .ARM.attributes
                0x00000adc       0x2c flash.o
 .ARM.attributes
                0x00000b08       0x2c error.o
 .ARM.attributes
                0x00000b34       0x2c journal.o
 .ARM.attributes
                0x00000b60       0x2c map.o
 .ARM.attributes
                0x00000b8c       0x2c swapram.o
 .ARM.attributes
                0x00000bb8       0x2c swapram_pool.o
 .ARM.attributes
                0x00000be4       0x2c heatshrink_encoder.o
 .ARM.attributes
                0x00000c10       0x2c heatshrink_decoder.o
 .ARM.attributes
                0x00000c3c       0x2c ioconf.o
 .ARM.attributes
                0x00000c68       0x2c vers.o
 .ARM.attributes
                0x00000c94       0x1e /usr/lib/gcc/arm-none-eabi/16.2.0/thumb/v6-m/nofp/libgcc.a(_udivsi3.o)
 .ARM.attributes
                0x00000cb2       0x1e /usr/lib/gcc/arm-none-eabi/16.2.0/thumb/v6-m/nofp/libgcc.a(_divsi3.o)
 .ARM.attributes
                0x00000cd0       0x1e /usr/lib/gcc/arm-none-eabi/16.2.0/thumb/v6-m/nofp/libgcc.a(_dvmd_tls.o)
 .ARM.attributes
                0x00000cee       0x2c swapunix.o

.comment        0x00000000       0x1e
 .comment       0x00000000       0x1e exec_aout.o
                                 0x1f (size before relaxing)
 .comment       0x0000001e        0x0 exec_conf.o
                                 0x1f (size before relaxing)
 .comment       0x0000001e        0x0 exec_elf.o
                                 0x1f (size before relaxing)
 .comment       0x0000001e        0x0 exec_script.o
                                 0x1f (size before relaxing)
 .comment       0x0000001e        0x0 exec_subr.o
                                 0x1f (size before relaxing)
 .comment       0x0000001e        0x0 init_main.o
                                 0x1f (size before relaxing)
 .comment       0x0000001e        0x0 init_sysent.o
                                 0x1f (size before relaxing)
 .comment       0x0000001e        0x0 kern_clock.o
                                 0x1f (size before relaxing)
 .comment       0x0000001e        0x0 kern_descrip.o
                                 0x1f (size before relaxing)
 .comment       0x0000001e        0x0 kern_exec.o
                                 0x1f (size before relaxing)
 .comment       0x0000001e        0x0 kern_exit.o
                                 0x1f (size before relaxing)
 .comment       0x0000001e        0x0 kern_fork.o
                                 0x1f (size before relaxing)
 .comment       0x0000001e        0x0 kern_mman.o
                                 0x1f (size before relaxing)
 .comment       0x0000001e        0x0 kern_proc.o
                                 0x1f (size before relaxing)
 .comment       0x0000001e        0x0 kern_prot.o
                                 0x1f (size before relaxing)
 .comment       0x0000001e        0x0 kern_prot2.o
                                 0x1f (size before relaxing)
 .comment       0x0000001e        0x0 kern_resource.o
                                 0x1f (size before relaxing)
 .comment       0x0000001e        0x0 kern_sig.o
                                 0x1f (size before relaxing)
 .comment       0x0000001e        0x0 kern_sig2.o
                                 0x1f (size before relaxing)
 .comment       0x0000001e        0x0 kern_subr.o
                                 0x1f (size before relaxing)
 .comment       0x0000001e        0x0 kern_synch.o
                                 0x1f (size before relaxing)
 .comment       0x0000001e        0x0 kern_sysctl.o
                                 0x1f (size before relaxing)
 .comment       0x0000001e        0x0 kern_time.o
                                 0x1f (size before relaxing)
 .comment       0x0000001e        0x0 subr_prf.o
                                 0x1f (size before relaxing)
 .comment       0x0000001e        0x0 subr_rmap.o
                                 0x1f (size before relaxing)
 .comment       0x0000001e        0x0 sys_generic.o
                                 0x1f (size before relaxing)
 .comment       0x0000001e        0x0 sys_inode.o
                                 0x1f (size before relaxing)
 .comment       0x0000001e        0x0 sys_pipe.o
                                 0x1f (size before relaxing)
 .comment       0x0000001e        0x0 sys_process.o
                                 0x1f (size before relaxing)
 .comment       0x0000001e        0x0 syscalls.o
                                 0x1f (size before relaxing)
 .comment       0x0000001e        0x0 tty.o
                                 0x1f (size before relaxing)
 .comment       0x0000001e        0x0 tty_subr.o
                                 0x1f (size before relaxing)
 .comment       0x0000001e        0x0 tty_tty.o
                                 0x1f (size before relaxing)
 .comment       0x0000001e        0x0 ufs_alloc.o
                                 0x1f (size before relaxing)
 .comment       0x0000001e        0x0 ufs_bio.o
                                 0x1f (size before relaxing)
 .comment       0x0000001e        0x0 ufs_bmap.o
                                 0x1f (size before relaxing)
 .comment       0x0000001e        0x0 ufs_dsort.o
                                 0x1f (size before relaxing)
 .comment       0x0000001e        0x0 ufs_fio.o
                                 0x1f (size before relaxing)
 .comment       0x0000001e        0x0 ufs_inode.o
                                 0x1f (size before relaxing)
 .comment       0x0000001e        0x0 ufs_mount.o
                                 0x1f (size before relaxing)
 .comment       0x0000001e        0x0 ufs_namei.o
                                 0x1f (size before relaxing)
 .comment       0x0000001e        0x0 ufs_subr.o
                                 0x1f (size before relaxing)
 .comment       0x0000001e        0x0 ufs_syscalls.o
                                 0x1f (size before relaxing)
 .comment       0x0000001e        0x0 ufs_syscalls2.o
                                 0x1f (size before relaxing)
 .comment       0x0000001e        0x0 vfs_vnops.o
                                 0x1f (size before relaxing)
 .comment       0x0000001e        0x0 vm_sched.o
                                 0x1f (size before relaxing)
 .comment       0x0000001e        0x0 vm_swap.o
                                 0x1f (size before relaxing)
 .comment       0x0000001e        0x0 vm_swp.o
                                 0x1f (size before relaxing)
 .comment       0x0000001e        0x0 cons.o
                                 0x1f (size before relaxing)
 .comment       0x0000001e        0x0 mem.o
                                 0x1f (size before relaxing)
 .comment       0x0000001e        0x0 swap.o
                                 0x1f (size before relaxing)
 .comment       0x0000001e        0x0 clock.o
                                 0x1f (size before relaxing)
 .comment       0x0000001e        0x0 conf.o
                                 0x1f (size before relaxing)
 .comment       0x0000001e        0x0 fault.o
                                 0x1f (size before relaxing)
 .comment       0x0000001e        0x0 machdep.o
                                 0x1f (size before relaxing)
 .comment       0x0000001e        0x0 sig_machdep.o
                                 0x1f (size before relaxing)
 .comment       0x0000001e        0x0 syscall.o
                                 0x1f (size before relaxing)
 .comment       0x0000001e        0x0 sysctl.o
                                 0x1f (size before relaxing)
 .comment       0x0000001e        0x0 systick.o
                                 0x1f (size before relaxing)
 .comment       0x0000001e        0x0 uart.o
                                 0x1f (size before relaxing)
 .comment       0x0000001e        0x0 usb.o
                                 0x1f (size before relaxing)
 .comment       0x0000001e        0x0 flash.o
                                 0x1f (size before relaxing)
 .comment       0x0000001e        0x0 error.o
                                 0x1f (size before relaxing)
 .comment       0x0000001e        0x0 journal.o
                                 0x1f (size before relaxing)
 .comment       0x0000001e        0x0 map.o
                                 0x1f (size before relaxing)
 .comment       0x0000001e        0x0 swapram.o
                                 0x1f (size before relaxing)
 .comment       0x0000001e        0x0 swapram_pool.o
                                 0x1f (size before relaxing)
 .comment       0x0000001e        0x0 heatshrink_encoder.o
                                 0x1f (size before relaxing)
 .comment       0x0000001e        0x0 heatshrink_decoder.o
                                 0x1f (size before relaxing)
 .comment       0x0000001e        0x0 ioconf.o
                                 0x1f (size before relaxing)
 .comment       0x0000001e        0x0 vers.o
                                 0x1f (size before relaxing)
 .comment       0x0000001e        0x0 swapunix.o
                                 0x1f (size before relaxing)

.debug_info     0x00000000    0x5393b
 .debug_info    0x00000000     0x14be exec_aout.o
 .debug_info    0x000014be      0x8a8 exec_conf.o
 .debug_info    0x00001d66     0x1144 exec_elf.o
 .debug_info    0x00002eaa      0xfe1 exec_script.o
 .debug_info    0x00003e8b     0x18f9 exec_subr.o
 .debug_info    0x00005784     0x1b4f init_main.o
 .debug_info    0x000072d3      0x3b8 init_sysent.o
 .debug_info    0x0000768b     0x12a4 kern_clock.o
 .debug_info    0x0000892f     0x1618 kern_descrip.o
 .debug_info    0x00009f47     0x16c7 kern_exec.o
 .debug_info    0x0000b60e     0x1683 kern_exit.o
 .debug_info    0x0000cc91     0x128b kern_fork.o
 .debug_info    0x0000df1c      0xb59 kern_mman.o
 .debug_info    0x0000ea75      0x8c6 kern_proc.o
 .debug_info    0x0000f33b      0xae5 kern_prot.o
 .debug_info    0x0000fe20      0x97f kern_prot2.o
 .debug_info    0x0001079f     0x11a3 kern_resource.o
 .debug_info    0x00011942     0x19f2 kern_sig.o
 .debug_info    0x00013334     0x11d0 kern_sig2.o
 .debug_info    0x00014504      0x3a6 kern_subr.o
 .debug_info    0x000148aa     0x1838 kern_synch.o
 .debug_info    0x000160e2     0x2b70 kern_sysctl.o
 .debug_info    0x00018c52     0x114c kern_time.o
 .debug_info    0x00019d9e     0x170e subr_prf.o
 .debug_info    0x0001b4ac      0x618 subr_rmap.o
 .debug_info    0x0001bac4     0x1e7e sys_generic.o
 .debug_info    0x0001d942     0x23cd sys_inode.o
 .debug_info    0x0001fd0f     0x15ca sys_pipe.o
 .debug_info    0x000212d9     0x10b8 sys_process.o
 .debug_info    0x00022391       0x69 syscalls.o
 .debug_info    0x000223fa     0x3b51 tty.o
 .debug_info    0x00025f4b      0xb6f tty_subr.o
 .debug_info    0x00026aba      0xeb9 tty_tty.o
 .debug_info    0x00027973     0x16e5 ufs_alloc.o
 .debug_info    0x00029058     0x1943 ufs_bio.o
 .debug_info    0x0002a99b      0xdb2 ufs_bmap.o
 .debug_info    0x0002b74d      0x2e1 ufs_dsort.o
 .debug_info    0x0002ba2e      0xe19 ufs_fio.o
 .debug_info    0x0002c847     0x1c9d ufs_inode.o
 .debug_info    0x0002e4e4     0x18bc ufs_mount.o
 .debug_info    0x0002fda0     0x23af ufs_namei.o
 .debug_info    0x0003214f      0xf9a ufs_subr.o
 .debug_info    0x000330e9     0x31fa ufs_syscalls.o
 .debug_info    0x000362e3     0x1a77 ufs_syscalls2.o
 .debug_info    0x00037d5a      0xdfa vfs_vnops.o
 .debug_info    0x00038b54      0xb3f vm_sched.o
 .debug_info    0x00039693     0x1529 vm_swap.o
 .debug_info    0x0003abbc     0x134d vm_swp.o
 .debug_info    0x0003bf09      0x99b cons.o
 .debug_info    0x0003c8a4      0x815 mem.o
 .debug_info    0x0003d0b9      0xb6c swap.o
 .debug_info    0x0003dc25       0x7b clock.o
 .debug_info    0x0003dca0     0x156a conf.o
 .debug_info    0x0003f20a     0x1009 fault.o
 .debug_info    0x00040213     0x2388 machdep.o
 .debug_info    0x0004259b      0xb6f sig_machdep.o
 .debug_info    0x0004310a      0xf4a syscall.o
 .debug_info    0x00044054     0x1d60 sysctl.o
 .debug_info    0x00045db4      0x483 systick.o
 .debug_info    0x00046237     0x1c6e uart.o
 .debug_info    0x00047ea5     0x20b7 usb.o
 .debug_info    0x00049f5c     0x1a45 flash.o
 .debug_info    0x0004b9a1      0x135 error.o
 .debug_info    0x0004bad6     0x2593 journal.o
 .debug_info    0x0004e069     0x1fe3 map.o
 .debug_info    0x0005004c     0x14c9 swapram.o
 .debug_info    0x00051515      0x467 swapram_pool.o
 .debug_info    0x0005197c     0x1067 heatshrink_encoder.o
 .debug_info    0x000529e3      0xaf4 heatshrink_decoder.o
 .debug_info    0x000534d7      0x251 ioconf.o
 .debug_info    0x00053728       0xcb vers.o
 .debug_info    0x000537f3       0x3d /usr/lib/gcc/arm-none-eabi/16.2.0/thumb/v6-m/nofp/libgcc.a(_udivsi3.o)
 .debug_info    0x00053830       0x3e /usr/lib/gcc/arm-none-eabi/16.2.0/thumb/v6-m/nofp/libgcc.a(_divsi3.o)
 .debug_info    0x0005386e       0x3c /usr/lib/gcc/arm-none-eabi/16.2.0/thumb/v6-m/nofp/libgcc.a(_dvmd_tls.o)
[...]
 .debug_aranges
                0x00000688       0x20 fault.o
 .debug_aranges
                0x000006a8       0x28 machdep.o
 .debug_aranges
                0x000006d0       0x20 sig_machdep.o
 .debug_aranges
                0x000006f0       0x20 syscall.o
 .debug_aranges
                0x00000710       0x20 sysctl.o
 .debug_aranges
                0x00000730       0x20 systick.o
 .debug_aranges
                0x00000750       0x20 uart.o
 .debug_aranges
                0x00000770       0x20 usb.o
 .debug_aranges
                0x00000790       0x38 flash.o
 .debug_aranges
                0x000007c8       0x20 error.o
 .debug_aranges
                0x000007e8       0x20 journal.o
 .debug_aranges
                0x00000808       0x20 map.o
 .debug_aranges
                0x00000828       0x20 swapram.o
 .debug_aranges
                0x00000848       0x20 swapram_pool.o
 .debug_aranges
                0x00000868       0x20 heatshrink_encoder.o
 .debug_aranges
                0x00000888       0x20 heatshrink_decoder.o
 .debug_aranges
                0x000008a8       0x18 ioconf.o
 .debug_aranges
                0x000008c0       0x18 vers.o
 .debug_aranges
                0x000008d8       0x20 /usr/lib/gcc/arm-none-eabi/16.2.0/thumb/v6-m/nofp/libgcc.a(_udivsi3.o)
 .debug_aranges
                0x000008f8       0x20 /usr/lib/gcc/arm-none-eabi/16.2.0/thumb/v6-m/nofp/libgcc.a(_divsi3.o)
 .debug_aranges
                0x00000918       0x20 /usr/lib/gcc/arm-none-eabi/16.2.0/thumb/v6-m/nofp/libgcc.a(_dvmd_tls.o)
 .debug_aranges
                0x00000938       0x18 swapunix.o

.debug_line     0x00000000    0x1d821
 .debug_line    0x00000000      0x28c exec_aout.o
 .debug_line    0x0000028c       0x80 exec_conf.o
 .debug_line    0x0000030c      0x314 exec_elf.o
 .debug_line    0x00000620      0x310 exec_script.o
 .debug_line    0x00000930      0x98d exec_subr.o
 .debug_line    0x000012bd      0x4d9 init_main.o
 .debug_line    0x00001796       0x50 init_sysent.o
 .debug_line    0x000017e6      0x792 kern_clock.o
 .debug_line    0x00001f78      0x80f kern_descrip.o
 .debug_line    0x00002787      0x308 kern_exec.o
 .debug_line    0x00002a8f      0x637 kern_exit.o
 .debug_line    0x000030c6      0x5de kern_fork.o
 .debug_line    0x000036a4      0x15a kern_mman.o
 .debug_line    0x000037fe      0x192 kern_proc.o
 .debug_line    0x00003990      0x326 kern_prot.o
 .debug_line    0x00003cb6      0x1e4 kern_prot2.o
 .debug_line    0x00003e9a      0x5d6 kern_resource.o
 .debug_line    0x00004470      0xb2d kern_sig.o
 .debug_line    0x00004f9d      0x6d7 kern_sig2.o
 .debug_line    0x00005674      0x236 kern_subr.o
 .debug_line    0x000058aa      0xa88 kern_synch.o
 .debug_line    0x00006332      0xe8c kern_sysctl.o
 .debug_line    0x000071be      0x605 kern_time.o
 .debug_line    0x000077c3      0xdda subr_prf.o
 .debug_line    0x0000859d      0x441 subr_rmap.o
 .debug_line    0x000089de      0xa07 sys_generic.o
 .debug_line    0x000093e5      0xe00 sys_inode.o
 .debug_line    0x0000a1e5      0x692 sys_pipe.o
 .debug_line    0x0000a877      0x30a sys_process.o
 .debug_line    0x0000ab81       0x3c syscalls.o
 .debug_line    0x0000abbd     0x2269 tty.o
 .debug_line    0x0000ce26      0xa7a tty_subr.o
 .debug_line    0x0000d8a0      0x1f1 tty_tty.o
 .debug_line    0x0000da91      0x62b ufs_alloc.o
 .debug_line    0x0000e0bc      0xbf3 ufs_bio.o
 .debug_line    0x0000ecaf      0x3b2 ufs_bmap.o
 .debug_line    0x0000f061      0x1c4 ufs_dsort.o
 .debug_line    0x0000f225      0x3f3 ufs_fio.o
 .debug_line    0x0000f618      0xbaa ufs_inode.o
 .debug_line    0x000101c2      0x662 ufs_mount.o
 .debug_line    0x00010824     0x161f ufs_namei.o
 .debug_line    0x00011e43      0x3be ufs_subr.o
 .debug_line    0x00012201     0x15d5 ufs_syscalls.o
 .debug_line    0x000137d6      0x4e5 ufs_syscalls2.o
 .debug_line    0x00013cbb      0x288 vfs_vnops.o
 .debug_line    0x00013f43      0x5b9 vm_sched.o
 .debug_line    0x000144fc      0x450 vm_swap.o
 .debug_line    0x0001494c      0x500 vm_swp.o
 .debug_line    0x00014e4c      0x174 cons.o
 .debug_line    0x00014fc0      0x1e7 mem.o
 .debug_line    0x000151a7      0x46d swap.o
 .debug_line    0x00015614       0x83 clock.o
 .debug_line    0x00015697      0x1b6 conf.o
 .debug_line    0x0001584d      0x23c fault.o
 .debug_line    0x00015a89      0xdf6 machdep.o
 .debug_line    0x0001687f      0x3b6 sig_machdep.o
 .debug_line    0x00016c35      0x35e syscall.o
 .debug_line    0x00016f93      0x38f sysctl.o
 .debug_line    0x00017322       0xb4 systick.o
 .debug_line    0x000173d6      0x934 uart.o
 .debug_line    0x00017d0a      0xfca usb.o
 .debug_line    0x00018cd4      0xa6b flash.o
 .debug_line    0x0001973f       0x89 error.o
 .debug_line    0x000197c8     0x15c1 journal.o
 .debug_line    0x0001ad89      0xf56 map.o
 .debug_line    0x0001bcdf      0x601 swapram.o
 .debug_line    0x0001c2e0      0x4dd swapram_pool.o
 .debug_line    0x0001c7bd      0x8d2 heatshrink_encoder.o
 .debug_line    0x0001d08f      0x5da heatshrink_decoder.o
 .debug_line    0x0001d669       0x3b ioconf.o
 .debug_line    0x0001d6a4       0x27 vers.o
 .debug_line    0x0001d6cb       0x61 /usr/lib/gcc/arm-none-eabi/16.2.0/thumb/v6-m/nofp/libgcc.a(_udivsi3.o)
 .debug_line    0x0001d72c       0x6f /usr/lib/gcc/arm-none-eabi/16.2.0/thumb/v6-m/nofp/libgcc.a(_divsi3.o)
 .debug_line    0x0001d79b       0x4a /usr/lib/gcc/arm-none-eabi/16.2.0/thumb/v6-m/nofp/libgcc.a(_dvmd_tls.o)
 .debug_line    0x0001d7e5       0x3c swapunix.o

.debug_str      0x00000000     0x4e0c
 .debug_str     0x00000000     0x4e0c exec_aout.o
                                0xb09 (size before relaxing)
 .debug_str     0x00004e0c        0x0 exec_conf.o
                                0x4e4 (size before relaxing)
 .debug_str     0x00004e0c        0x0 exec_elf.o
                                0x917 (size before relaxing)
 .debug_str     0x00004e0c        0x0 exec_script.o
                                0x86d (size before relaxing)
 .debug_str     0x00004e0c        0x0 exec_subr.o
                                0xba5 (size before relaxing)
 .debug_str     0x00004e0c        0x0 init_main.o
                                0xc2d (size before relaxing)
 .debug_str     0x00004e0c        0x0 init_sysent.o
                                0x471 (size before relaxing)
 .debug_str     0x00004e0c        0x0 kern_clock.o
                                0x79d (size before relaxing)
 .debug_str     0x00004e0c        0x0 kern_descrip.o
                                0x897 (size before relaxing)
 .debug_str     0x00004e0c        0x0 kern_exec.o
                                0xb80 (size before relaxing)
 .debug_str     0x00004e0c        0x0 kern_exit.o
                                0x9c0 (size before relaxing)
 .debug_str     0x00004e0c        0x0 kern_fork.o
                                0x91f (size before relaxing)
 .debug_str     0x00004e0c        0x0 kern_mman.o
                                0x69e (size before relaxing)
 .debug_str     0x00004e0c        0x0 kern_proc.o
                                0x58a (size before relaxing)
 .debug_str     0x00004e0c        0x0 kern_prot.o
                                0x623 (size before relaxing)
 .debug_str     0x00004e0c        0x0 kern_prot2.o
                                0x5a3 (size before relaxing)
 .debug_str     0x00004e0c        0x0 kern_resource.o
                                0x80f (size before relaxing)
 .debug_str     0x00004e0c        0x0 kern_sig.o
                                0x9b3 (size before relaxing)
 .debug_str     0x00004e0c        0x0 kern_sig2.o
                                0x784 (size before relaxing)
 .debug_str     0x00004e0c        0x0 kern_subr.o
                                0x22e (size before relaxing)
 .debug_str     0x00004e0c        0x0 kern_synch.o
                                0x87b (size before relaxing)
 .debug_str     0x00004e0c        0x0 kern_sysctl.o
                                0xde8 (size before relaxing)
 .debug_str     0x00004e0c        0x0 kern_time.o
                                0x703 (size before relaxing)
 .debug_str     0x00004e0c        0x0 subr_prf.o
                                0x7bf (size before relaxing)
 .debug_str     0x00004e0c        0x0 subr_rmap.o
                                0x333 (size before relaxing)
 .debug_str     0x00004e0c        0x0 sys_generic.o
                                0xa78 (size before relaxing)
 .debug_str     0x00004e0c        0x0 sys_inode.o
                                0xda7 (size before relaxing)
 .debug_str     0x00004e0c        0x0 sys_pipe.o
                                0x999 (size before relaxing)
 .debug_str     0x00004e0c        0x0 sys_process.o
                                0x88a (size before relaxing)
 .debug_str     0x00004e0c        0x0 syscalls.o
                                0x12a (size before relaxing)
 .debug_str     0x00004e0c        0x0 tty.o
                                0xd2e (size before relaxing)
 .debug_str     0x00004e0c        0x0 tty_subr.o
                                0x26c (size before relaxing)
 .debug_str     0x00004e0c        0x0 tty_tty.o
                                0x79b (size before relaxing)
 .debug_str     0x00004e0c        0x0 ufs_alloc.o
                                0x9ac (size before relaxing)
 .debug_str     0x00004e0c        0x0 ufs_bio.o
                                0x785 (size before relaxing)
 .debug_str     0x00004e0c        0x0 ufs_bmap.o
                                0x71f (size before relaxing)
 .debug_str     0x00004e0c        0x0 ufs_dsort.o
                                0x24d (size before relaxing)
 .debug_str     0x00004e0c        0x0 ufs_fio.o
                                0x7b9 (size before relaxing)
 .debug_str     0x00004e0c        0x0 ufs_inode.o
                                0xa72 (size before relaxing)
 .debug_str     0x00004e0c        0x0 ufs_mount.o
                                0xa75 (size before relaxing)
 .debug_str     0x00004e0c        0x0 ufs_namei.o
                                0xc4d (size before relaxing)
 .debug_str     0x00004e0c        0x0 ufs_subr.o
                                0x72f (size before relaxing)
 .debug_str     0x00004e0c        0x0 ufs_syscalls.o
                                0xd10 (size before relaxing)
 .debug_str     0x00004e0c        0x0 ufs_syscalls2.o
                                0xb8b (size before relaxing)
 .debug_str     0x00004e0c        0x0 vfs_vnops.o
                                0x74b (size before relaxing)
 .debug_str     0x00004e0c        0x0 vm_sched.o
                                0x5a4 (size before relaxing)
 .debug_str     0x00004e0c        0x0 vm_swap.o
                                0x94c (size before relaxing)
 .debug_str     0x00004e0c        0x0 vm_swp.o
                                0x88d (size before relaxing)
 .debug_str     0x00004e0c        0x0 cons.o
                                0x3dd (size before relaxing)
 .debug_str     0x00004e0c        0x0 mem.o
                                0x4f3 (size before relaxing)
 .debug_str     0x00004e0c        0x0 swap.o
                                0x3da (size before relaxing)
 .debug_str     0x00004e0c        0x0 clock.o
                                0x173 (size before relaxing)
 .debug_str     0x00004e0c        0x0 conf.o
                                0x941 (size before relaxing)
 .debug_str     0x00004e0c        0x0 fault.o
                                0x811 (size before relaxing)
 .debug_str     0x00004e0c        0x0 machdep.o
                                0xc7a (size before relaxing)
 .debug_str     0x00004e0c        0x0 sig_machdep.o
                                0x6de (size before relaxing)
 .debug_str     0x00004e0c        0x0 syscall.o
                                0x7f4 (size before relaxing)
 .debug_str     0x00004e0c        0x0 sysctl.o
                                0xd60 (size before relaxing)
 .debug_str     0x00004e0c        0x0 systick.o
                                0x3c6 (size before relaxing)
 .debug_str     0x00004e0c        0x0 uart.o
                                0x921 (size before relaxing)
 .debug_str     0x00004e0c        0x0 usb.o
                                0xa97 (size before relaxing)
 .debug_str     0x00004e0c        0x0 flash.o
                                0x7a6 (size before relaxing)
 .debug_str     0x00004e0c        0x0 error.o
                                0x243 (size before relaxing)
 .debug_str     0x00004e0c        0x0 journal.o
                                0x7b9 (size before relaxing)
 .debug_str     0x00004e0c        0x0 map.o
                                0x6ef (size before relaxing)
 .debug_str     0x00004e0c        0x0 swapram.o
                                0x9c3 (size before relaxing)
 .debug_str     0x00004e0c        0x0 swapram_pool.o
                                0x274 (size before relaxing)
 .debug_str     0x00004e0c        0x0 heatshrink_encoder.o
                                0x6dd (size before relaxing)
 .debug_str     0x00004e0c        0x0 heatshrink_decoder.o
                                0x565 (size before relaxing)
 .debug_str     0x00004e0c        0x0 ioconf.o
                                0x263 (size before relaxing)
 .debug_str     0x00004e0c        0x0 vers.o
                                0x12b (size before relaxing)
 .debug_str     0x00004e0c        0x0 /usr/lib/gcc/arm-none-eabi/16.2.0/thumb/v6-m/nofp/libgcc.a(_udivsi3.o)
                                 0x9b (size before relaxing)
 .debug_str     0x00004e0c        0x0 /usr/lib/gcc/arm-none-eabi/16.2.0/thumb/v6-m/nofp/libgcc.a(_divsi3.o)
                                 0x99 (size before relaxing)
 .debug_str     0x00004e0c        0x0 /usr/lib/gcc/arm-none-eabi/16.2.0/thumb/v6-m/nofp/libgcc.a(_dvmd_tls.o)
                                 0x9c (size before relaxing)
 .debug_str     0x00004e0c        0x0 swapunix.o
                                0x166 (size before relaxing)

.debug_frame    0x00000000     0x3db8
 .debug_frame   0x00000000       0x30 exec_aout.o
 .debug_frame   0x00000030       0x38 exec_elf.o
 .debug_frame   0x00000068       0x30 exec_script.o
 .debug_frame   0x00000098       0xe8 exec_subr.o
 .debug_frame   0x00000180       0x38 init_main.o
 .debug_frame   0x000001b8       0xd8 kern_clock.o
 .debug_frame   0x00000290      0x1bc kern_descrip.o
 .debug_frame   0x0000044c       0x64 kern_exec.o
 .debug_frame   0x000004b0       0xb0 kern_exit.o
 .debug_frame   0x00000560       0x88 kern_fork.o
 .debug_frame   0x000005e8       0x2c kern_mman.o
 .debug_frame   0x00000614       0x40 kern_proc.o
 .debug_frame   0x00000654       0xe8 kern_prot.o
 .debug_frame   0x0000073c       0x70 kern_prot2.o
 .debug_frame   0x000007ac       0xf4 kern_resource.o
 .debug_frame   0x000008a0      0x198 kern_sig.o
 .debug_frame   0x00000a38       0xf8 kern_sig2.o
 .debug_frame   0x00000b30       0x84 kern_subr.o
 .debug_frame   0x00000bb4      0x154 kern_synch.o
 .debug_frame   0x00000d08      0x248 kern_sysctl.o
 .debug_frame   0x00000f50       0xd0 kern_time.o
 .debug_frame   0x00001020      0x11c subr_prf.o
 .debug_frame   0x0000113c       0x74 subr_rmap.o
 .debug_frame   0x000011b0      0x1c0 sys_generic.o
 .debug_frame   0x00001370      0x164 sys_inode.o
 .debug_frame   0x000014d4       0xd8 sys_pipe.o
 .debug_frame   0x000015ac       0x44 sys_process.o
 .debug_frame   0x000015f0      0x344 tty.o
 .debug_frame   0x00001934      0x12c tty_subr.o
 .debug_frame   0x00001a60       0x94 tty_tty.o
 .debug_frame   0x00001af4       0xb8 ufs_alloc.o
 .debug_frame   0x00001bac      0x1b4 ufs_bio.o
 .debug_frame   0x00001d60       0x3c ufs_bmap.o
 .debug_frame   0x00001d9c       0x48 ufs_dsort.o
 .debug_frame   0x00001de4       0x6c ufs_fio.o
 .debug_frame   0x00001e50      0x17c ufs_inode.o
 .debug_frame   0x00001fcc       0xc4 ufs_mount.o
 .debug_frame   0x00002090      0x158 ufs_namei.o
 .debug_frame   0x000021e8       0x84 ufs_subr.o
 .debug_frame   0x0000226c      0x374 ufs_syscalls.o
 .debug_frame   0x000025e0      0x10c ufs_syscalls2.o
 .debug_frame   0x000026ec       0x68 vfs_vnops.o
 .debug_frame   0x00002754       0x8c vm_sched.o
 .debug_frame   0x000027e0       0x68 vm_swap.o
 .debug_frame   0x00002848       0x7c vm_swp.o
 .debug_frame   0x000028c4       0xd4 cons.o
 .debug_frame   0x00002998       0x40 mem.o
 .debug_frame   0x000029d8      0x110 swap.o
 .debug_frame   0x00002ae8       0x20 clock.o
 .debug_frame   0x00002b08       0xc0 conf.o
 .debug_frame   0x00002bc8       0x48 fault.o
 .debug_frame   0x00002c10      0x244 machdep.o
 .debug_frame   0x00002e54       0x54 sig_machdep.o
 .debug_frame   0x00002ea8       0x4c syscall.o
 .debug_frame   0x00002ef4       0x8c sysctl.o
 .debug_frame   0x00002f80       0x38 systick.o
 .debug_frame   0x00002fb8      0x198 uart.o
 .debug_frame   0x00003150      0x25c usb.o
 .debug_frame   0x000033ac      0x1fc flash.o
 .debug_frame   0x000035a8       0x20 error.o
 .debug_frame   0x000035c8      0x234 journal.o
 .debug_frame   0x000037fc      0x288 map.o
 .debug_frame   0x00003a84       0xe4 swapram.o
 .debug_frame   0x00003b68       0xa4 swapram_pool.o
 .debug_frame   0x00003c0c       0xc8 heatshrink_encoder.o
 .debug_frame   0x00003cd4       0xa4 heatshrink_decoder.o
 .debug_frame   0x00003d78       0x20 /usr/lib/gcc/arm-none-eabi/16.2.0/thumb/v6-m/nofp/libgcc.a(_udivsi3.o)
 .debug_frame   0x00003d98       0x20 /usr/lib/gcc/arm-none-eabi/16.2.0/thumb/v6-m/nofp/libgcc.a(_divsi3.o)

.debug_rnglists
                0x00000000      0x7a1
 .debug_rnglists
                0x00000000       0x2e kern_clock.o
 .debug_rnglists
                0x0000002e       0x17 kern_descrip.o
 .debug_rnglists
                0x00000045       0x37 kern_exit.o
 .debug_rnglists
                0x0000007c       0x1a kern_fork.o
 .debug_rnglists
                0x00000096       0x17 kern_sig.o
 .debug_rnglists
                0x000000ad       0x17 kern_sig2.o
 .debug_rnglists
                0x000000c4       0x22 kern_time.o
 .debug_rnglists
                0x000000e6       0x64 subr_prf.o
 .debug_rnglists
                0x0000014a       0x17 sys_generic.o
 .debug_rnglists
                0x00000161       0x58 tty.o
 .debug_rnglists
                0x000001b9       0x17 tty_subr.o
 .debug_rnglists
                0x000001d0       0x17 ufs_alloc.o
 .debug_rnglists
                0x000001e7       0x48 ufs_inode.o
 .debug_rnglists
                0x0000022f       0x17 ufs_mount.o
 .debug_rnglists
                0x00000246       0x48 ufs_namei.o
 .debug_rnglists
                0x0000028e       0x27 ufs_syscalls.o
 .debug_rnglists
                0x000002b5       0x17 ufs_syscalls2.o
 .debug_rnglists
                0x000002cc       0x20 vm_swap.o
 .debug_rnglists
                0x000002ec       0x29 machdep.o
 .debug_rnglists
                0x00000315       0x22 syscall.o
 .debug_rnglists
                0x00000337       0x5d uart.o
 .debug_rnglists
                0x00000394       0x27 usb.o
 .debug_rnglists
                0x000003bb       0x3f flash.o
 .debug_rnglists
                0x000003fa      0x1b9 journal.o
 .debug_rnglists
                0x000005b3       0xae map.o
 .debug_rnglists
                0x00000661       0x27 swapram.o
 .debug_rnglists
                0x00000688       0xc1 heatshrink_encoder.o
 .debug_rnglists
                0x00000749       0x58 heatshrink_decoder.o

.debug_line_str
                0x00000000       0x74
 .debug_line_str
                0x00000000       0x74 /usr/lib/gcc/arm-none-eabi/16.2.0/thumb/v6-m/nofp/libgcc.a(_udivsi3.o)
 .debug_line_str
                0x00000074        0x0 /usr/lib/gcc/arm-none-eabi/16.2.0/thumb/v6-m/nofp/libgcc.a(_divsi3.o)
                                 0x74 (size before relaxing)
 .debug_line_str
                0x00000074        0x0 /usr/lib/gcc/arm-none-eabi/16.2.0/thumb/v6-m/nofp/libgcc.a(_dvmd_tls.o)
                                 0x74 (size before relaxing)
